Java HotSpot(TM) 64-Bit Server VM (25.60-b23) for windows-amd64 JRE (1.8.0_60-b27), built on Aug  4 2015 11:06:27 by "java_re" with MS VC++ 10.0 (VS2010)
Memory: 4k page, physical 8338568k(3976840k free), swap 16675284k(11877292k free)
CommandLine flags: -XX:InitialHeapSize=133417088 -XX:MaxHeapSize=2134673408 -XX:+PrintGC -XX:+PrintGCTimeStamps -XX:+UseCompressedClassPointers -XX:+UseCompressedOops -XX:+UseG1GC -XX:-UseLargePagesIndividualAllocation 
0.239: [GC pause (G1 Evacuation Pause) (young) 9216K->2033K(128M), 0.0022987 secs]
3.923: [GC pause (G1 Evacuation Pause) (young) 21M->3081K(128M), 0.0093414 secs]
4.960: [GC pause (G1 Evacuation Pause) (young) 76M->3010K(128M), 0.0038352 secs]
5.374: [GC pause (G1 Evacuation Pause) (young) 75M->3324K(128M), 0.0028334 secs]
5.715: [GC pause (G1 Evacuation Pause) (young) 75M->3043K(128M), 0.0024614 secs]
6.013: [GC pause (G1 Evacuation Pause) (young) 75M->2796K(128M), 0.0023796 secs]
6.296: [GC pause (G1 Evacuation Pause) (young) 75M->3043K(128M), 0.0102113 secs]
6.406: [GC pause (G1 Evacuation Pause) (young) 75M->3572K(128M), 0.0025230 secs]
6.511: [GC pause (G1 Evacuation Pause) (young) 75M->2982K(128M), 0.0024570 secs]
6.611: [GC pause (G1 Evacuation Pause) (young) 75M->3526K(128M), 0.0021053 secs]
6.707: [GC pause (G1 Evacuation Pause) (young) 75M->3324K(128M), 0.0023351 secs]
6.885: [GC pause (G1 Evacuation Pause) (young) 75M->3326K(128M), 0.0023799 secs]
6.999: [GC pause (G1 Evacuation Pause) (young) 75M->3325K(128M), 0.0023127 secs]
7.111: [GC pause (G1 Evacuation Pause) (young) 75M->3045K(128M), 0.0085956 secs]
7.229: [GC pause (G1 Evacuation Pause) (young) 75M->2546K(128M), 0.0023252 secs]
7.309: [GC pause (G1 Evacuation Pause) (young) 75M->3429K(128M), 0.0025653 secs]
7.388: [GC pause (G1 Evacuation Pause) (young) 77M->2884K(128M), 0.0017625 secs]
7.466: [GC pause (G1 Evacuation Pause) (young) 77M->2978K(128M), 0.0011514 secs]
7.553: [GC pause (G1 Evacuation Pause) (young) 77M->2993K(128M), 0.0013672 secs]
7.634: [GC pause (G1 Evacuation Pause) (young) 77M->2982K(128M), 0.0010646 secs]
7.715: [GC pause (G1 Evacuation Pause) (young) 77M->2993K(128M), 0.0009442 secs]
7.792: [GC pause (G1 Evacuation Pause) (young) 77M->2996K(128M), 0.0009290 secs]
7.864: [GC pause (G1 Evacuation Pause) (young) 77M->2996K(128M), 0.0011896 secs]
7.936: [GC pause (G1 Evacuation Pause) (young) 77M->2999K(128M), 0.0010550 secs]
8.009: [GC pause (G1 Evacuation Pause) (young) 77M->3014K(128M), 0.0009785 secs]
8.076: [GC pause (G1 Evacuation Pause) (young) 77M->2998K(128M), 0.0008606 secs]
8.145: [GC pause (G1 Evacuation Pause) (young) 77M->3030K(128M), 0.0008780 secs]
8.211: [GC pause (G1 Evacuation Pause) (young) 77M->3006K(128M), 0.0009374 secs]
8.278: [GC pause (G1 Evacuation Pause) (young) 77M->2993K(128M), 0.0008792 secs]
8.348: [GC pause (G1 Evacuation Pause) (young) 77M->3018K(128M), 0.0008945 secs]
8.415: [GC pause (G1 Evacuation Pause) (young) 77M->2996K(128M), 0.0009632 secs]
8.483: [GC pause (G1 Evacuation Pause) (young) 77M->3004K(128M), 0.0009010 secs]
8.558: [GC pause (G1 Evacuation Pause) (young) 77M->3009K(128M), 0.0009091 secs]
8.626: [GC pause (G1 Evacuation Pause) (young) 77M->3015K(128M), 0.0009617 secs]
8.696: [GC pause (G1 Evacuation Pause) (young) 77M->3002K(128M), 0.0010397 secs]
8.771: [GC pause (G1 Evacuation Pause) (young) 77M->3006K(128M), 0.0008796 secs]
8.839: [GC pause (G1 Evacuation Pause) (young) 77M->2999K(128M), 0.0009268 secs]
8.909: [GC pause (G1 Evacuation Pause) (young) 77M->2992K(128M), 0.0008799 secs]
8.976: [GC pause (G1 Evacuation Pause) (young) 77M->3011K(128M), 0.0009169 secs]
9.042: [GC pause (G1 Evacuation Pause) (young) 77M->3004K(128M), 0.0008929 secs]
9.113: [GC pause (G1 Evacuation Pause) (young) 77M->3007K(128M), 0.0008979 secs]
9.182: [GC pause (G1 Evacuation Pause) (young) 77M->3015K(128M), 0.0010058 secs]
9.252: [GC pause (G1 Evacuation Pause) (young) 77M->3012K(128M), 0.0031920 secs]
9.324: [GC pause (G1 Evacuation Pause) (young) 77M->3007K(128M), 0.0009778 secs]
9.392: [GC pause (G1 Evacuation Pause) (young) 77M->3011K(128M), 0.0009234 secs]
9.463: [GC pause (G1 Evacuation Pause) (young) 77M->3017K(128M), 0.0009666 secs]
9.534: [GC pause (G1 Evacuation Pause) (young) 77M->3000K(128M), 0.0133619 secs]
9.615: [GC pause (G1 Evacuation Pause) (young) 77M->3024K(128M), 0.0010310 secs]
9.686: [GC pause (G1 Evacuation Pause) (young) 77M->3008K(128M), 0.0009131 secs]
9.754: [GC pause (G1 Evacuation Pause) (young) 77M->3008K(128M), 0.0008942 secs]
9.824: [GC pause (G1 Evacuation Pause) (young) 77M->3001K(128M), 0.0008640 secs]
9.892: [GC pause (G1 Evacuation Pause) (young) 77M->2999K(128M), 0.0009240 secs]
9.962: [GC pause (G1 Evacuation Pause) (young) 77M->3007K(128M), 0.0009362 secs]
10.032: [GC pause (G1 Evacuation Pause) (young) 77M->3000K(128M), 0.0008880 secs]
10.102: [GC pause (G1 Evacuation Pause) (young) 77M->2988K(128M), 0.0009209 secs]
10.168: [GC pause (G1 Evacuation Pause) (young) 77M->3008K(128M), 0.0009847 secs]
10.236: [GC pause (G1 Evacuation Pause) (young) 77M->3011K(128M), 0.0009066 secs]
10.306: [GC pause (G1 Evacuation Pause) (young) 77M->2997K(128M), 0.0008904 secs]
10.378: [GC pause (G1 Evacuation Pause) (young) 77M->3027K(128M), 0.0010481 secs]
10.448: [GC pause (G1 Evacuation Pause) (young) 77M->3004K(128M), 0.0009032 secs]
10.517: [GC pause (G1 Evacuation Pause) (young) 77M->3013K(128M), 0.0008932 secs]
10.587: [GC pause (G1 Evacuation Pause) (young) 77M->3012K(128M), 0.0009735 secs]
10.656: [GC pause (G1 Evacuation Pause) (young) 77M->3000K(128M), 0.0009415 secs]
10.731: [GC pause (G1 Evacuation Pause) (young) 77M->3027K(128M), 0.0009380 secs]
10.806: [GC pause (G1 Evacuation Pause) (young) 77M->3009K(128M), 0.0009772 secs]
10.881: [GC pause (G1 Evacuation Pause) (young) 77M->3013K(128M), 0.0009551 secs]
10.958: [GC pause (G1 Evacuation Pause) (young) 77M->3013K(128M), 0.0010755 secs]
11.036: [GC pause (G1 Evacuation Pause) (young) 77M->3006K(128M), 0.0010176 secs]
11.107: [GC pause (G1 Evacuation Pause) (young) 77M->3017K(128M), 0.0011060 secs]
11.178: [GC pause (G1 Evacuation Pause) (young) 77M->3002K(128M), 0.0009262 secs]
11.246: [GC pause (G1 Evacuation Pause) (young) 77M->3007K(128M), 0.0008923 secs]
11.318: [GC pause (G1 Evacuation Pause) (young) 77M->3009K(128M), 0.0008995 secs]
11.385: [GC pause (G1 Evacuation Pause) (young) 77M->2998K(128M), 0.0009063 secs]
11.452: [GC pause (G1 Evacuation Pause) (young) 77M->3029K(128M), 0.0010942 secs]
11.522: [GC pause (G1 Evacuation Pause) (young) 77M->3014K(128M), 0.0008858 secs]
11.594: [GC pause (G1 Evacuation Pause) (young) 77M->2986K(128M), 0.0008752 secs]
11.661: [GC pause (G1 Evacuation Pause) (young) 77M->3022K(128M), 0.0009147 secs]
11.728: [GC pause (G1 Evacuation Pause) (young) 77M->3010K(128M), 0.0009467 secs]
11.797: [GC pause (G1 Evacuation Pause) (young) 77M->3029K(128M), 0.0028906 secs]
11.868: [GC pause (G1 Evacuation Pause) (young) 77M->2992K(128M), 0.0009362 secs]
11.932: [GC pause (G1 Evacuation Pause) (young) 77M->2992K(128M), 0.0009020 secs]
12.000: [GC pause (G1 Evacuation Pause) (young) 77M->3000K(128M), 0.0009178 secs]
12.068: [GC pause (G1 Evacuation Pause) (young) 77M->3002K(128M), 0.0008808 secs]
12.136: [GC pause (G1 Evacuation Pause) (young) 77M->3009K(128M), 0.0009424 secs]
12.205: [GC pause (G1 Evacuation Pause) (young) 77M->3025K(128M), 0.0008842 secs]
12.275: [GC pause (G1 Evacuation Pause) (young) 77M->3006K(128M), 0.0009119 secs]
12.342: [GC pause (G1 Evacuation Pause) (young) 77M->3008K(128M), 0.0008917 secs]
12.409: [GC pause (G1 Evacuation Pause) (young) 77M->3011K(128M), 0.0008453 secs]
12.480: [GC pause (G1 Evacuation Pause) (young) 77M->3013K(128M), 0.0008699 secs]
12.550: [GC pause (G1 Evacuation Pause) (young) 77M->3014K(128M), 0.0010145 secs]
12.621: [GC pause (G1 Evacuation Pause) (young) 77M->3003K(128M), 0.0009312 secs]
12.688: [GC pause (G1 Evacuation Pause) (young) 77M->2998K(128M), 0.0009026 secs]
12.758: [GC pause (G1 Evacuation Pause) (young) 77M->2996K(128M), 0.0009343 secs]
12.826: [GC pause (G1 Evacuation Pause) (young) 77M->3019K(128M), 0.0009175 secs]
12.896: [GC pause (G1 Evacuation Pause) (young) 77M->3002K(128M), 0.0010211 secs]
12.964: [GC pause (G1 Evacuation Pause) (young) 77M->3004K(128M), 0.0008708 secs]
13.032: [GC pause (G1 Evacuation Pause) (young) 77M->3011K(128M), 0.0009010 secs]
13.098: [GC pause (G1 Evacuation Pause) (young) 77M->3009K(128M), 0.0009175 secs]
13.166: [GC pause (G1 Evacuation Pause) (young) 77M->3005K(128M), 0.0009150 secs]
13.233: [GC pause (G1 Evacuation Pause) (young) 77M->2995K(128M), 0.0009082 secs]
13.301: [GC pause (G1 Evacuation Pause) (young) 77M->3007K(128M), 0.0009645 secs]
13.370: [GC pause (G1 Evacuation Pause) (young) 77M->3004K(128M), 0.0008982 secs]
13.437: [GC pause (G1 Evacuation Pause) (young) 77M->3009K(128M), 0.0008643 secs]
13.504: [GC pause (G1 Evacuation Pause) (young) 77M->3001K(128M), 0.0008687 secs]
13.572: [GC pause (G1 Evacuation Pause) (young) 77M->2998K(128M), 0.0009228 secs]
13.640: [GC pause (G1 Evacuation Pause) (young) 77M->3011K(128M), 0.0010030 secs]
13.708: [GC pause (G1 Evacuation Pause) (young) 77M->3007K(128M), 0.0009131 secs]
13.781: [GC pause (G1 Evacuation Pause) (young) 77M->3010K(128M), 0.0008668 secs]
13.847: [GC pause (G1 Evacuation Pause) (young) 77M->3005K(128M), 0.0009782 secs]
13.915: [GC pause (G1 Evacuation Pause) (young) 77M->2996K(128M), 0.0009642 secs]
13.985: [GC pause (G1 Evacuation Pause) (young) 77M->3021K(128M), 0.0009828 secs]
14.053: [GC pause (G1 Evacuation Pause) (young) 77M->3029K(128M), 0.0009293 secs]
14.121: [GC pause (G1 Evacuation Pause) (young) 77M->3012K(128M), 0.0008590 secs]
14.190: [GC pause (G1 Evacuation Pause) (young) 77M->3006K(128M), 0.0009197 secs]
14.256: [GC pause (G1 Evacuation Pause) (young) 77M->3007K(128M), 0.0009539 secs]
14.325: [GC pause (G1 Evacuation Pause) (young) 77M->2999K(128M), 0.0009001 secs]
14.392: [GC pause (G1 Evacuation Pause) (young) 77M->3006K(128M), 0.0008936 secs]
14.461: [GC pause (G1 Evacuation Pause) (young) 77M->2999K(128M), 0.0009044 secs]
14.529: [GC pause (G1 Evacuation Pause) (young) 77M->3013K(128M), 0.0008789 secs]
14.596: [GC pause (G1 Evacuation Pause) (young) 77M->3013K(128M), 0.0009670 secs]
14.665: [GC pause (G1 Evacuation Pause) (young) 77M->3008K(128M), 0.0009020 secs]
14.733: [GC pause (G1 Evacuation Pause) (young) 77M->3003K(128M), 0.0009405 secs]
14.801: [GC pause (G1 Evacuation Pause) (young) 77M->2999K(128M), 0.0009159 secs]
14.871: [GC pause (G1 Evacuation Pause) (young) 77M->3005K(128M), 0.0009147 secs]
14.939: [GC pause (G1 Evacuation Pause) (young) 77M->3003K(128M), 0.0008923 secs]
15.008: [GC pause (G1 Evacuation Pause) (young) 77M->2999K(128M), 0.0009016 secs]
15.078: [GC pause (G1 Evacuation Pause) (young) 77M->3017K(128M), 0.0009215 secs]
15.146: [GC pause (G1 Evacuation Pause) (young) 77M->2995K(128M), 0.0009163 secs]
15.214: [GC pause (G1 Evacuation Pause) (young) 77M->2996K(128M), 0.0008814 secs]
15.285: [GC pause (G1 Evacuation Pause) (young) 77M->3000K(128M), 0.0016440 secs]
15.358: [GC pause (G1 Evacuation Pause) (young) 77M->2999K(128M), 0.0011144 secs]
15.429: [GC pause (G1 Evacuation Pause) (young) 77M->3000K(128M), 0.0008808 secs]
15.498: [GC pause (G1 Evacuation Pause) (young) 77M->3007K(128M), 0.0008973 secs]
15.563: [GC pause (G1 Evacuation Pause) (young) 77M->3003K(128M), 0.0008964 secs]
15.633: [GC pause (G1 Evacuation Pause) (young) 77M->3019K(128M), 0.0009707 secs]
15.703: [GC pause (G1 Evacuation Pause) (young) 77M->3014K(128M), 0.0009303 secs]
15.773: [GC pause (G1 Evacuation Pause) (young) 77M->3014K(128M), 0.0011386 secs]
15.841: [GC pause (G1 Evacuation Pause) (young) 77M->2999K(128M), 0.0009178 secs]
15.914: [GC pause (G1 Evacuation Pause) (young) 77M->2999K(128M), 0.0008951 secs]
15.985: [GC pause (G1 Evacuation Pause) (young) 77M->3005K(128M), 0.0009197 secs]
16.055: [GC pause (G1 Evacuation Pause) (young) 77M->3005K(128M), 0.0009321 secs]
16.122: [GC pause (G1 Evacuation Pause) (young) 77M->3001K(128M), 0.0010571 secs]
16.190: [GC pause (G1 Evacuation Pause) (young) 77M->3008K(128M), 0.0010030 secs]
16.257: [GC pause (G1 Evacuation Pause) (young) 77M->2999K(128M), 0.0009691 secs]
16.328: [GC pause (G1 Evacuation Pause) (young) 77M->3028K(128M), 0.0010030 secs]
16.397: [GC pause (G1 Evacuation Pause) (young) 77M->3016K(128M), 0.0008674 secs]
16.464: [GC pause (G1 Evacuation Pause) (young) 77M->3012K(128M), 0.0010257 secs]
16.529: [GC pause (G1 Evacuation Pause) (young) 77M->2988K(128M), 0.0008587 secs]
16.598: [GC pause (G1 Evacuation Pause) (young) 77M->2992K(128M), 0.0009402 secs]
16.668: [GC pause (G1 Evacuation Pause) (young) 77M->2996K(128M), 0.0009029 secs]
16.737: [GC pause (G1 Evacuation Pause) (young) 77M->3001K(128M), 0.0010236 secs]
16.803: [GC pause (G1 Evacuation Pause) (young) 77M->3013K(128M), 0.0008976 secs]
16.871: [GC pause (G1 Evacuation Pause) (young) 77M->3009K(128M), 0.0008721 secs]
16.939: [GC pause (G1 Evacuation Pause) (young) 77M->2998K(128M), 0.0009110 secs]
17.008: [GC pause (G1 Evacuation Pause) (young) 77M->3000K(128M), 0.0009187 secs]
17.075: [GC pause (G1 Evacuation Pause) (young) 77M->2991K(128M), 0.0009533 secs]
17.141: [GC pause (G1 Evacuation Pause) (young) 77M->3006K(128M), 0.0009290 secs]
17.207: [GC pause (G1 Evacuation Pause) (young) 77M->3012K(128M), 0.0009047 secs]
17.277: [GC pause (G1 Evacuation Pause) (young) 77M->3018K(128M), 0.0008876 secs]
17.346: [GC pause (G1 Evacuation Pause) (young) 77M->3011K(128M), 0.0009178 secs]
17.411: [GC pause (G1 Evacuation Pause) (young) 77M->3008K(128M), 0.0009047 secs]
17.482: [GC pause (G1 Evacuation Pause) (young) 77M->3031K(128M), 0.0009688 secs]
17.549: [GC pause (G1 Evacuation Pause) (young) 77M->3003K(128M), 0.0009138 secs]
17.616: [GC pause (G1 Evacuation Pause) (young) 77M->3007K(128M), 0.0009806 secs]
17.684: [GC pause (G1 Evacuation Pause) (young) 77M->3001K(128M), 0.0009191 secs]
17.755: [GC pause (G1 Evacuation Pause) (young) 77M->2994K(128M), 0.0009035 secs]
17.822: [GC pause (G1 Evacuation Pause) (young) 77M->3003K(128M), 0.0008964 secs]
17.888: [GC pause (G1 Evacuation Pause) (young) 77M->3013K(128M), 0.0009144 secs]
17.957: [GC pause (G1 Evacuation Pause) (young) 77M->3007K(128M), 0.0009844 secs]
18.027: [GC pause (G1 Evacuation Pause) (young) 77M->3021K(128M), 0.0009240 secs]
18.109: [GC pause (G1 Evacuation Pause) (young) 77M->3016K(128M), 0.0009433 secs]
18.178: [GC pause (G1 Evacuation Pause) (young) 77M->3008K(128M), 0.0008889 secs]
18.246: [GC pause (G1 Evacuation Pause) (young) 77M->3018K(128M), 0.0009486 secs]
18.318: [GC pause (G1 Evacuation Pause) (young) 77M->3006K(128M), 0.0013134 secs]
18.389: [GC pause (G1 Evacuation Pause) (young) 77M->2993K(128M), 0.0009561 secs]
18.461: [GC pause (G1 Evacuation Pause) (young) 77M->3005K(128M), 0.0008690 secs]
18.532: [GC pause (G1 Evacuation Pause) (young) 77M->3011K(128M), 0.0009489 secs]
18.605: [GC pause (G1 Evacuation Pause) (young) 77M->2999K(128M), 0.0009209 secs]
18.671: [GC pause (G1 Evacuation Pause) (young) 77M->3002K(128M), 0.0009047 secs]
18.739: [GC pause (G1 Evacuation Pause) (young) 77M->3003K(128M), 0.0009800 secs]
18.809: [GC pause (G1 Evacuation Pause) (young) 77M->3005K(128M), 0.0008665 secs]
18.875: [GC pause (G1 Evacuation Pause) (young) 77M->3021K(128M), 0.0008814 secs]
18.943: [GC pause (G1 Evacuation Pause) (young) 77M->3008K(128M), 0.0009135 secs]
19.007: [GC pause (G1 Evacuation Pause) (young) 77M->3006K(128M), 0.0009962 secs]
19.075: [GC pause (G1 Evacuation Pause) (young) 77M->3002K(128M), 0.0009433 secs]
19.147: [GC pause (G1 Evacuation Pause) (young) 77M->3019K(128M), 0.0010861 secs]
19.216: [GC pause (G1 Evacuation Pause) (young) 77M->3011K(128M), 0.0009020 secs]
19.284: [GC pause (G1 Evacuation Pause) (young) 77M->3021K(128M), 0.0009893 secs]
19.353: [GC pause (G1 Evacuation Pause) (young) 77M->3003K(128M), 0.0009268 secs]
19.421: [GC pause (G1 Evacuation Pause) (young) 77M->3034K(128M), 0.0012472 secs]
19.490: [GC pause (G1 Evacuation Pause) (young) 77M->3015K(128M), 0.0010404 secs]
19.556: [GC pause (G1 Evacuation Pause) (young) 77M->3008K(128M), 0.0009638 secs]
19.627: [GC pause (G1 Evacuation Pause) (young) 77M->3011K(128M), 0.0012534 secs]
19.700: [GC pause (G1 Evacuation Pause) (young) 77M->3007K(128M), 0.0009004 secs]
19.769: [GC pause (G1 Evacuation Pause) (young) 77M->3022K(128M), 0.0012391 secs]
19.838: [GC pause (G1 Evacuation Pause) (young) 77M->2984K(128M), 0.0009060 secs]
19.910: [GC pause (G1 Evacuation Pause) (young) 77M->2995K(128M), 0.0009187 secs]
19.977: [GC pause (G1 Evacuation Pause) (young) 77M->3005K(128M), 0.0009088 secs]
20.045: [GC pause (G1 Evacuation Pause) (young) 77M->2998K(128M), 0.0008914 secs]
20.114: [GC pause (G1 Evacuation Pause) (young) 77M->3014K(128M), 0.0010677 secs]
20.189: [GC pause (G1 Evacuation Pause) (young) 77M->3001K(128M), 0.0008923 secs]
20.257: [GC pause (G1 Evacuation Pause) (young) 77M->3006K(128M), 0.0009131 secs]
20.324: [GC pause (G1 Evacuation Pause) (young) 77M->3001K(128M), 0.0009635 secs]
20.393: [GC pause (G1 Evacuation Pause) (young) 77M->3000K(128M), 0.0009032 secs]
20.459: [GC pause (G1 Evacuation Pause) (young) 77M->3012K(128M), 0.0011473 secs]
20.526: [GC pause (G1 Evacuation Pause) (young) 77M->3007K(128M), 0.0009144 secs]
20.595: [GC pause (G1 Evacuation Pause) (young) 77M->3006K(128M), 0.0009486 secs]
20.665: [GC pause (G1 Evacuation Pause) (young) 77M->3008K(128M), 0.0008581 secs]
20.734: [GC pause (G1 Evacuation Pause) (young) 77M->3014K(128M), 0.0009215 secs]
20.804: [GC pause (G1 Evacuation Pause) (young) 77M->3012K(128M), 0.0010994 secs]
20.878: [GC pause (G1 Evacuation Pause) (young) 77M->3000K(128M), 0.0009828 secs]
20.950: [GC pause (G1 Evacuation Pause) (young) 77M->3010K(128M), 0.0008852 secs]
21.018: [GC pause (G1 Evacuation Pause) (young) 77M->3012K(128M), 0.0009359 secs]
21.088: [GC pause (G1 Evacuation Pause) (young) 77M->3005K(128M), 0.0009010 secs]
21.154: [GC pause (G1 Evacuation Pause) (young) 77M->3015K(128M), 0.0008873 secs]
21.223: [GC pause (G1 Evacuation Pause) (young) 77M->2998K(128M), 0.0009676 secs]
21.293: [GC pause (G1 Evacuation Pause) (young) 77M->3008K(128M), 0.0008992 secs]
21.361: [GC pause (G1 Evacuation Pause) (young) 77M->2992K(128M), 0.0008973 secs]
21.428: [GC pause (G1 Evacuation Pause) (young) 77M->2995K(128M), 0.0009206 secs]
21.498: [GC pause (G1 Evacuation Pause) (young) 77M->3013K(128M), 0.0009156 secs]
21.564: [GC pause (G1 Evacuation Pause) (young) 77M->3020K(128M), 0.0009841 secs]
21.635: [GC pause (G1 Evacuation Pause) (young) 77M->3029K(128M), 0.0011007 secs]
21.707: [GC pause (G1 Evacuation Pause) (young) 77M->2986K(128M), 0.0022487 secs]
21.777: [GC pause (G1 Evacuation Pause) (young) 77M->3002K(128M), 0.0008942 secs]
21.843: [GC pause (G1 Evacuation Pause) (young) 77M->3018K(128M), 0.0010537 secs]
21.912: [GC pause (G1 Evacuation Pause) (young) 77M->2997K(128M), 0.0009284 secs]
21.979: [GC pause (G1 Evacuation Pause) (young) 77M->3005K(128M), 0.0009337 secs]
22.045: [GC pause (G1 Evacuation Pause) (young) 77M->3015K(128M), 0.0009349 secs]
22.114: [GC pause (G1 Evacuation Pause) (young) 77M->3017K(128M), 0.0010229 secs]
22.181: [GC pause (G1 Evacuation Pause) (young) 77M->3020K(128M), 0.0009163 secs]
22.246: [GC pause (G1 Evacuation Pause) (young) 77M->2996K(128M), 0.0008618 secs]
22.316: [GC pause (G1 Evacuation Pause) (young) 77M->3001K(128M), 0.0008848 secs]
22.387: [GC pause (G1 Evacuation Pause) (young) 77M->3005K(128M), 0.0010988 secs]
22.452: [GC pause (G1 Evacuation Pause) (young) 77M->2983K(128M), 0.0010354 secs]
22.521: [GC pause (G1 Evacuation Pause) (young) 77M->2999K(128M), 0.0010201 secs]
22.589: [GC pause (G1 Evacuation Pause) (young) 77M->2993K(128M), 0.0009209 secs]
22.657: [GC pause (G1 Evacuation Pause) (young) 77M->2993K(128M), 0.0009614 secs]
22.724: [GC pause (G1 Evacuation Pause) (young) 77M->3002K(128M), 0.0012528 secs]
22.791: [GC pause (G1 Evacuation Pause) (young) 77M->3006K(128M), 0.0009100 secs]
22.856: [GC pause (G1 Evacuation Pause) (young) 77M->3009K(128M), 0.0008615 secs]
22.925: [GC pause (G1 Evacuation Pause) (young) 77M->3012K(128M), 0.0009452 secs]
22.992: [GC pause (G1 Evacuation Pause) (young) 77M->3010K(128M), 0.0009502 secs]
23.061: [GC pause (G1 Evacuation Pause) (young) 77M->2997K(128M), 0.0009116 secs]
23.127: [GC pause (G1 Evacuation Pause) (young) 77M->3007K(128M), 0.0009166 secs]
23.194: [GC pause (G1 Evacuation Pause) (young) 77M->3014K(128M), 0.0009166 secs]
23.260: [GC pause (G1 Evacuation Pause) (young) 77M->3005K(128M), 0.0009184 secs]
23.326: [GC pause (G1 Evacuation Pause) (young) 77M->3010K(128M), 0.0008923 secs]
23.394: [GC pause (G1 Evacuation Pause) (young) 77M->3004K(128M), 0.0009928 secs]
23.460: [GC pause (G1 Evacuation Pause) (young) 77M->3007K(128M), 0.0009103 secs]
23.526: [GC pause (G1 Evacuation Pause) (young) 77M->3027K(128M), 0.0010161 secs]
23.593: [GC pause (G1 Evacuation Pause) (young) 77M->3001K(128M), 0.0008923 secs]
23.661: [GC pause (G1 Evacuation Pause) (young) 77M->3006K(128M), 0.0009222 secs]
23.730: [GC pause (G1 Evacuation Pause) (young) 77M->3029K(128M), 0.0009629 secs]
23.796: [GC pause (G1 Evacuation Pause) (young) 77M->3008K(128M), 0.0008929 secs]
23.864: [GC pause (G1 Evacuation Pause) (young) 77M->3004K(128M), 0.0008901 secs]
23.931: [GC pause (G1 Evacuation Pause) (young) 77M->3004K(128M), 0.0009934 secs]
23.998: [GC pause (G1 Evacuation Pause) (young) 77M->3011K(128M), 0.0010432 secs]
24.070: [GC pause (G1 Evacuation Pause) (young) 77M->3011K(128M), 0.0010046 secs]
24.139: [GC pause (G1 Evacuation Pause) (young) 77M->3000K(128M), 0.0009038 secs]
24.205: [GC pause (G1 Evacuation Pause) (young) 77M->3015K(128M), 0.0009184 secs]
24.274: [GC pause (G1 Evacuation Pause) (young) 77M->3006K(128M), 0.0009225 secs]
24.340: [GC pause (G1 Evacuation Pause) (young) 77M->3018K(128M), 0.0009191 secs]
24.407: [GC pause (G1 Evacuation Pause) (young) 77M->3012K(128M), 0.0011688 secs]
24.474: [GC pause (G1 Evacuation Pause) (young) 77M->3005K(128M), 0.0010170 secs]
24.541: [GC pause (G1 Evacuation Pause) (young) 77M->3010K(128M), 0.0010052 secs]
24.608: [GC pause (G1 Evacuation Pause) (young) 77M->3004K(128M), 0.0011408 secs]
24.676: [GC pause (G1 Evacuation Pause) (young) 77M->2995K(128M), 0.0009247 secs]
24.745: [GC pause (G1 Evacuation Pause) (young) 77M->3012K(128M), 0.0011691 secs]
24.811: [GC pause (G1 Evacuation Pause) (young) 77M->3007K(128M), 0.0010571 secs]
24.879: [GC pause (G1 Evacuation Pause) (young) 77M->3006K(128M), 0.0008811 secs]
24.946: [GC pause (G1 Evacuation Pause) (young) 77M->3002K(128M), 0.0009219 secs]
25.014: [GC pause (G1 Evacuation Pause) (young) 77M->3007K(128M), 0.0010388 secs]
25.080: [GC pause (G1 Evacuation Pause) (young) 77M->3004K(128M), 0.0008736 secs]
25.149: [GC pause (G1 Evacuation Pause) (young) 77M->3004K(128M), 0.0008820 secs]
25.215: [GC pause (G1 Evacuation Pause) (young) 77M->2998K(128M), 0.0008942 secs]
25.283: [GC pause (G1 Evacuation Pause) (young) 77M->3009K(128M), 0.0010033 secs]
25.350: [GC pause (G1 Evacuation Pause) (young) 77M->2996K(128M), 0.0008537 secs]
25.417: [GC pause (G1 Evacuation Pause) (young) 77M->3020K(128M), 0.0008979 secs]
25.485: [GC pause (G1 Evacuation Pause) (young) 77M->3009K(128M), 0.0008988 secs]
25.553: [GC pause (G1 Evacuation Pause) (young) 77M->3004K(128M), 0.0045163 secs]
25.623: [GC pause (G1 Evacuation Pause) (young) 77M->3006K(128M), 0.0009598 secs]
25.692: [GC pause (G1 Evacuation Pause) (young) 77M->2998K(128M), 0.0008883 secs]
25.762: [GC pause (G1 Evacuation Pause) (young) 77M->3029K(128M), 0.0009427 secs]
25.830: [GC pause (G1 Evacuation Pause) (young) 77M->3018K(128M), 0.0133358 secs]
25.911: [GC pause (G1 Evacuation Pause) (young) 77M->3038K(128M), 0.0010083 secs]
25.982: [GC pause (G1 Evacuation Pause) (young) 77M->3001K(128M), 0.0008736 secs]
26.054: [GC pause (G1 Evacuation Pause) (young) 77M->2987K(128M), 0.0009119 secs]
26.137: [GC pause (G1 Evacuation Pause) (young) 77M->2998K(128M), 0.0130830 secs]
26.233: [GC pause (G1 Evacuation Pause) (young) 77M->3038K(128M), 0.0009554 secs]
26.310: [GC pause (G1 Evacuation Pause) (young) 77M->3033K(128M), 0.0011657 secs]
26.381: [GC pause (G1 Evacuation Pause) (young) 77M->3007K(128M), 0.0011100 secs]
26.454: [GC pause (G1 Evacuation Pause) (young) 77M->2992K(128M), 0.0012018 secs]
26.524: [GC pause (G1 Evacuation Pause) (young) 77M->2985K(128M), 0.0009399 secs]
26.590: [GC pause (G1 Evacuation Pause) (young) 77M->3010K(128M), 0.0009184 secs]
26.656: [GC pause (G1 Evacuation Pause) (young) 77M->3007K(128M), 0.0010752 secs]
26.729: [GC pause (G1 Evacuation Pause) (young) 77M->2988K(128M), 0.0008976 secs]
26.799: [GC pause (G1 Evacuation Pause) (young) 77M->3014K(128M), 0.0020073 secs]
26.889: [GC pause (G1 Evacuation Pause) (young) 77M->3022K(128M), 0.0059000 secs]
26.974: [GC pause (G1 Evacuation Pause) (young) 77M->3006K(128M), 0.0008889 secs]
27.044: [GC pause (G1 Evacuation Pause) (young) 77M->3000K(128M), 0.0008792 secs]
27.120: [GC pause (G1 Evacuation Pause) (young) 77M->3013K(128M), 0.0011162 secs]
27.216: [GC pause (G1 Evacuation Pause) (young) 77M->3008K(128M), 0.0010376 secs]
27.284: [GC pause (G1 Evacuation Pause) (young) 77M->3017K(128M), 0.0010624 secs]
27.352: [GC pause (G1 Evacuation Pause) (young) 77M->3023K(128M), 0.0008892 secs]
27.420: [GC pause (G1 Evacuation Pause) (young) 77M->3029K(128M), 0.0018941 secs]
27.504: [GC pause (G1 Evacuation Pause) (young) 77M->3015K(128M), 0.0118473 secs]
27.590: [GC pause (G1 Evacuation Pause) (young) 77M->3032K(128M), 0.0010556 secs]
27.663: [GC pause (G1 Evacuation Pause) (young) 77M->3024K(128M), 0.0009654 secs]
27.732: [GC pause (G1 Evacuation Pause) (young) 77M->3029K(128M), 0.0009722 secs]
27.799: [GC pause (G1 Evacuation Pause) (young) 77M->3004K(128M), 0.0010236 secs]
27.868: [GC pause (G1 Evacuation Pause) (young) 77M->3024K(128M), 0.0008920 secs]
27.935: [GC pause (G1 Evacuation Pause) (young) 77M->3015K(128M), 0.0010245 secs]
28.004: [GC pause (G1 Evacuation Pause) (young) 77M->3020K(128M), 0.0009212 secs]
28.071: [GC pause (G1 Evacuation Pause) (young) 77M->3015K(128M), 0.0010061 secs]
28.140: [GC pause (G1 Evacuation Pause) (young) 77M->3017K(128M), 0.0009707 secs]
28.214: [GC pause (G1 Evacuation Pause) (young) 77M->3014K(128M), 0.0010033 secs]
28.284: [GC pause (G1 Evacuation Pause) (young) 77M->3038K(128M), 0.0020788 secs]
28.355: [GC pause (G1 Evacuation Pause) (young) 77M->3014K(128M), 0.0009716 secs]
28.423: [GC pause (G1 Evacuation Pause) (young) 77M->3030K(128M), 0.0008668 secs]
28.489: [GC pause (G1 Evacuation Pause) (young) 77M->3019K(128M), 0.0009760 secs]
28.561: [GC pause (G1 Evacuation Pause) (young) 77M->3013K(128M), 0.0012008 secs]
28.637: [GC pause (G1 Evacuation Pause) (young) 77M->3015K(128M), 0.0009013 secs]
28.704: [GC pause (G1 Evacuation Pause) (young) 77M->3028K(128M), 0.0009119 secs]
28.774: [GC pause (G1 Evacuation Pause) (young) 77M->3011K(128M), 0.0013657 secs]
28.842: [GC pause (G1 Evacuation Pause) (young) 77M->3019K(128M), 0.0008519 secs]
28.910: [GC pause (G1 Evacuation Pause) (young) 77M->3013K(128M), 0.0010528 secs]
28.979: [GC pause (G1 Evacuation Pause) (young) 77M->3027K(128M), 0.0008945 secs]
29.049: [GC pause (G1 Evacuation Pause) (young) 77M->3021K(128M), 0.0008904 secs]
29.116: [GC pause (G1 Evacuation Pause) (young) 77M->3019K(128M), 0.0008883 secs]
29.183: [GC pause (G1 Evacuation Pause) (young) 77M->3017K(128M), 0.0010581 secs]
29.249: [GC pause (G1 Evacuation Pause) (young) 77M->3018K(128M), 0.0008649 secs]
29.319: [GC pause (G1 Evacuation Pause) (young) 77M->3029K(128M), 0.0009125 secs]
29.388: [GC pause (G1 Evacuation Pause) (young) 77M->3029K(128M), 0.0008516 secs]
29.455: [GC pause (G1 Evacuation Pause) (young) 77M->3017K(128M), 0.0010033 secs]
29.525: [GC pause (G1 Evacuation Pause) (young) 77M->3014K(128M), 0.0009436 secs]
29.590: [GC pause (G1 Evacuation Pause) (young) 77M->3007K(128M), 0.0008690 secs]
29.659: [GC pause (G1 Evacuation Pause) (young) 77M->3030K(128M), 0.0009554 secs]
29.728: [GC pause (G1 Evacuation Pause) (young) 77M->3023K(128M), 0.0009100 secs]
29.797: [GC pause (G1 Evacuation Pause) (young) 77M->3007K(128M), 0.0009965 secs]
29.865: [GC pause (G1 Evacuation Pause) (young) 77M->3025K(128M), 0.0010599 secs]
29.932: [GC pause (G1 Evacuation Pause) (young) 77M->3025K(128M), 0.0008805 secs]
30.002: [GC pause (G1 Evacuation Pause) (young) 77M->3023K(128M), 0.0010292 secs]
30.070: [GC pause (G1 Evacuation Pause) (young) 77M->3014K(128M), 0.0008746 secs]
30.137: [GC pause (G1 Evacuation Pause) (young) 77M->3034K(128M), 0.0009153 secs]
30.204: [GC pause (G1 Evacuation Pause) (young) 77M->3021K(128M), 0.0008911 secs]
30.270: [GC pause (G1 Evacuation Pause) (young) 77M->3020K(128M), 0.0009505 secs]
30.338: [GC pause (G1 Evacuation Pause) (young) 77M->3020K(128M), 0.0008867 secs]
30.406: [GC pause (G1 Evacuation Pause) (young) 77M->3037K(128M), 0.0009380 secs]
30.471: [GC pause (G1 Evacuation Pause) (young) 77M->3017K(128M), 0.0009834 secs]
30.537: [GC pause (G1 Evacuation Pause) (young) 77M->3024K(128M), 0.0010114 secs]
30.606: [GC pause (G1 Evacuation Pause) (young) 77M->3014K(128M), 0.0009237 secs]
30.673: [GC pause (G1 Evacuation Pause) (young) 77M->3012K(128M), 0.0012920 secs]
30.743: [GC pause (G1 Evacuation Pause) (young) 77M->2999K(128M), 0.0008892 secs]
30.811: [GC pause (G1 Evacuation Pause) (young) 77M->2999K(128M), 0.0010799 secs]
30.877: [GC pause (G1 Evacuation Pause) (young) 77M->3017K(128M), 0.0010817 secs]
30.946: [GC pause (G1 Evacuation Pause) (young) 77M->3019K(128M), 0.0010820 secs]
31.014: [GC pause (G1 Evacuation Pause) (young) 77M->3011K(128M), 0.0010239 secs]
31.083: [GC pause (G1 Evacuation Pause) (young) 77M->3025K(128M), 0.0009063 secs]
31.151: [GC pause (G1 Evacuation Pause) (young) 77M->3021K(128M), 0.0009247 secs]
31.221: [GC pause (G1 Evacuation Pause) (young) 77M->3018K(128M), 0.0009772 secs]
31.287: [GC pause (G1 Evacuation Pause) (young) 77M->3014K(128M), 0.0008705 secs]
31.354: [GC pause (G1 Evacuation Pause) (young) 77M->3010K(128M), 0.0009822 secs]
31.428: [GC pause (G1 Evacuation Pause) (young) 77M->3016K(128M), 0.0009673 secs]
31.499: [GC pause (G1 Evacuation Pause) (young) 77M->3038K(128M), 0.0008951 secs]
31.569: [GC pause (G1 Evacuation Pause) (young) 77M->3016K(128M), 0.0010061 secs]
31.643: [GC pause (G1 Evacuation Pause) (young) 77M->3006K(128M), 0.0009797 secs]
31.711: [GC pause (G1 Evacuation Pause) (young) 77M->3008K(128M), 0.0008858 secs]
31.781: [GC pause (G1 Evacuation Pause) (young) 77M->3022K(128M), 0.0008923 secs]
31.850: [GC pause (G1 Evacuation Pause) (young) 77M->3031K(128M), 0.0009383 secs]
31.925: [GC pause (G1 Evacuation Pause) (young) 77M->3021K(128M), 0.0009100 secs]
31.993: [GC pause (G1 Evacuation Pause) (young) 77M->3015K(128M), 0.0008911 secs]
32.059: [GC pause (G1 Evacuation Pause) (young) 77M->3010K(128M), 0.0011430 secs]
32.125: [GC pause (G1 Evacuation Pause) (young) 77M->3027K(128M), 0.0009306 secs]
32.193: [GC pause (G1 Evacuation Pause) (young) 77M->3005K(128M), 0.0008758 secs]
32.269: [GC pause (G1 Evacuation Pause) (young) 77M->2998K(128M), 0.0093840 secs]
32.373: [GC pause (G1 Evacuation Pause) (young) 77M->3020K(128M), 0.0009837 secs]
32.446: [GC pause (G1 Evacuation Pause) (young) 77M->3015K(128M), 0.0008836 secs]
32.518: [GC pause (G1 Evacuation Pause) (young) 77M->3032K(128M), 0.0009250 secs]
32.589: [GC pause (G1 Evacuation Pause) (young) 77M->2999K(128M), 0.0009654 secs]
32.667: [GC pause (G1 Evacuation Pause) (young) 77M->3025K(128M), 0.0010037 secs]
32.742: [GC pause (G1 Evacuation Pause) (young) 77M->3045K(128M), 0.0010198 secs]
32.819: [GC pause (G1 Evacuation Pause) (young) 77M->3036K(128M), 0.0009766 secs]
32.896: [GC pause (G1 Evacuation Pause) (young) 77M->3014K(128M), 0.0010211 secs]
32.974: [GC pause (G1 Evacuation Pause) (young) 77M->3019K(128M), 0.0011141 secs]
33.047: [GC pause (G1 Evacuation Pause) (young) 77M->3032K(128M), 0.0009965 secs]
33.116: [GC pause (G1 Evacuation Pause) (young) 77M->3031K(128M), 0.0011859 secs]
33.184: [GC pause (G1 Evacuation Pause) (young) 77M->3018K(128M), 0.0008712 secs]
33.254: [GC pause (G1 Evacuation Pause) (young) 77M->3024K(128M), 0.0009856 secs]
33.323: [GC pause (G1 Evacuation Pause) (young) 77M->3009K(128M), 0.0009197 secs]
33.391: [GC pause (G1 Evacuation Pause) (young) 77M->3014K(128M), 0.0009275 secs]
33.458: [GC pause (G1 Evacuation Pause) (young) 77M->3033K(128M), 0.0010316 secs]
33.524: [GC pause (G1 Evacuation Pause) (young) 77M->3007K(128M), 0.0010525 secs]
33.595: [GC pause (G1 Evacuation Pause) (young) 77M->3015K(128M), 0.0009107 secs]
33.661: [GC pause (G1 Evacuation Pause) (young) 77M->3022K(128M), 0.0009020 secs]
33.730: [GC pause (G1 Evacuation Pause) (young) 77M->3033K(128M), 0.0008649 secs]
33.800: [GC pause (G1 Evacuation Pause) (young) 77M->3016K(128M), 0.0009909 secs]
33.868: [GC pause (G1 Evacuation Pause) (young) 77M->3024K(128M), 0.0010037 secs]
33.936: [GC pause (G1 Evacuation Pause) (young) 77M->3035K(128M), 0.0009075 secs]
34.004: [GC pause (G1 Evacuation Pause) (young) 77M->3024K(128M), 0.0011284 secs]
34.074: [GC pause (G1 Evacuation Pause) (young) 77M->3038K(128M), 0.0012061 secs]
34.143: [GC pause (G1 Evacuation Pause) (young) 77M->3029K(128M), 0.0009346 secs]
34.210: [GC pause (G1 Evacuation Pause) (young) 77M->3034K(128M), 0.0009477 secs]
34.281: [GC pause (G1 Evacuation Pause) (young) 77M->3013K(128M), 0.0009091 secs]
34.348: [GC pause (G1 Evacuation Pause) (young) 77M->3017K(128M), 0.0009318 secs]
34.422: [GC pause (G1 Evacuation Pause) (young) 77M->3007K(128M), 0.0071382 secs]
34.503: [GC pause (G1 Evacuation Pause) (young) 77M->3015K(128M), 0.0008668 secs]
34.571: [GC pause (G1 Evacuation Pause) (young) 77M->3022K(128M), 0.0008964 secs]
34.646: [GC pause (G1 Evacuation Pause) (young) 77M->3015K(128M), 0.0009856 secs]
34.715: [GC pause (G1 Evacuation Pause) (young) 77M->3038K(128M), 0.0008780 secs]
34.785: [GC pause (G1 Evacuation Pause) (young) 77M->3031K(128M), 0.0010320 secs]
34.869: [GC pause (G1 Evacuation Pause) (young) 77M->3022K(128M), 0.0010624 secs]
34.944: [GC pause (G1 Evacuation Pause) (young) 77M->3024K(128M), 0.0009623 secs]
35.013: [GC pause (G1 Evacuation Pause) (young) 77M->3021K(128M), 0.0008764 secs]
35.096: [GC pause (G1 Evacuation Pause) (young) 77M->3001K(128M), 0.0137566 secs]
35.186: [GC pause (G1 Evacuation Pause) (young) 77M->3016K(128M), 0.0008488 secs]
35.251: [GC pause (G1 Evacuation Pause) (young) 77M->3020K(128M), 0.0009240 secs]
35.319: [GC pause (G1 Evacuation Pause) (young) 77M->3019K(128M), 0.0009110 secs]
35.396: [GC pause (G1 Evacuation Pause) (young) 77M->3008K(128M), 0.0013246 secs]
35.465: [GC pause (G1 Evacuation Pause) (young) 77M->3006K(128M), 0.0008758 secs]
35.532: [GC pause (G1 Evacuation Pause) (young) 77M->3006K(128M), 0.0008369 secs]
35.599: [GC pause (G1 Evacuation Pause) (young) 77M->3018K(128M), 0.0009016 secs]
35.675: [GC pause (G1 Evacuation Pause) (young) 77M->3012K(128M), 0.0010994 secs]
35.742: [GC pause (G1 Evacuation Pause) (young) 77M->3010K(128M), 0.0008758 secs]
35.811: [GC pause (G1 Evacuation Pause) (young) 77M->3028K(128M), 0.0008892 secs]
35.878: [GC pause (G1 Evacuation Pause) (young) 77M->3013K(128M), 0.0009172 secs]
35.946: [GC pause (G1 Evacuation Pause) (young) 77M->3006K(128M), 0.0009100 secs]
36.013: [GC pause (G1 Evacuation Pause) (young) 77M->3008K(128M), 0.0008628 secs]
36.081: [GC pause (G1 Evacuation Pause) (young) 77M->3016K(128M), 0.0008945 secs]
36.148: [GC pause (G1 Evacuation Pause) (young) 77M->3022K(128M), 0.0009785 secs]
36.217: [GC pause (G1 Evacuation Pause) (young) 77M->3014K(128M), 0.0009181 secs]
36.286: [GC pause (G1 Evacuation Pause) (young) 77M->3027K(128M), 0.0013576 secs]
36.355: [GC pause (G1 Evacuation Pause) (young) 77M->3012K(128M), 0.0009278 secs]
36.423: [GC pause (G1 Evacuation Pause) (young) 77M->3010K(128M), 0.0008886 secs]
36.490: [GC pause (G1 Evacuation Pause) (young) 77M->3021K(128M), 0.0010394 secs]
36.555: [GC pause (G1 Evacuation Pause) (young) 77M->3007K(128M), 0.0009324 secs]
36.622: [GC pause (G1 Evacuation Pause) (young) 77M->3014K(128M), 0.0011511 secs]
36.689: [GC pause (G1 Evacuation Pause) (young) 77M->3005K(128M), 0.0008979 secs]
36.759: [GC pause (G1 Evacuation Pause) (young) 77M->3006K(128M), 0.0009172 secs]
36.826: [GC pause (G1 Evacuation Pause) (young) 77M->3031K(128M), 0.0008870 secs]
36.892: [GC pause (G1 Evacuation Pause) (young) 77M->3020K(128M), 0.0009004 secs]
36.959: [GC pause (G1 Evacuation Pause) (young) 77M->3006K(128M), 0.0010055 secs]
37.031: [GC pause (G1 Evacuation Pause) (young) 77M->3006K(128M), 0.0036523 secs]
37.115: [GC pause (G1 Evacuation Pause) (young) 77M->3004K(128M), 0.0009110 secs]
37.187: [GC pause (G1 Evacuation Pause) (young) 77M->3029K(128M), 0.0008746 secs]
37.259: [GC pause (G1 Evacuation Pause) (young) 77M->3030K(128M), 0.0010077 secs]
37.330: [GC pause (G1 Evacuation Pause) (young) 77M->3025K(128M), 0.0009421 secs]
37.399: [GC pause (G1 Evacuation Pause) (young) 77M->3009K(128M), 0.0044895 secs]
37.480: [GC pause (G1 Evacuation Pause) (young) 77M->3001K(128M), 0.0018216 secs]
37.553: [GC pause (G1 Evacuation Pause) (young) 77M->3041K(128M), 0.0013921 secs]
37.629: [GC pause (G1 Evacuation Pause) (young) 77M->3032K(128M), 0.0010413 secs]
37.713: [GC pause (G1 Evacuation Pause) (young) 77M->3023K(128M), 0.0009346 secs]
37.781: [GC pause (G1 Evacuation Pause) (young) 77M->3027K(128M), 0.0009125 secs]
37.850: [GC pause (G1 Evacuation Pause) (young) 77M->3014K(128M), 0.0009831 secs]
37.920: [GC pause (G1 Evacuation Pause) (young) 77M->3006K(128M), 0.0008929 secs]
37.988: [GC pause (G1 Evacuation Pause) (young) 77M->3013K(128M), 0.0008553 secs]
38.056: [GC pause (G1 Evacuation Pause) (young) 77M->3026K(128M), 0.0010282 secs]
38.123: [GC pause (G1 Evacuation Pause) (young) 77M->3013K(128M), 0.0008861 secs]
38.192: [GC pause (G1 Evacuation Pause) (young) 77M->3020K(128M), 0.0009259 secs]
38.261: [GC pause (G1 Evacuation Pause) (young) 77M->3021K(128M), 0.0009110 secs]
38.329: [GC pause (G1 Evacuation Pause) (young) 77M->3027K(128M), 0.0009666 secs]
38.396: [GC pause (G1 Evacuation Pause) (young) 77M->3019K(128M), 0.0008705 secs]
38.463: [GC pause (G1 Evacuation Pause) (young) 77M->3016K(128M), 0.0009346 secs]
38.530: [GC pause (G1 Evacuation Pause) (young) 77M->3020K(128M), 0.0009772 secs]
38.598: [GC pause (G1 Evacuation Pause) (young) 77M->3012K(128M), 0.0009135 secs]
38.665: [GC pause (G1 Evacuation Pause) (young) 77M->3006K(128M), 0.0010052 secs]
38.734: [GC pause (G1 Evacuation Pause) (young) 77M->3022K(128M), 0.0009147 secs]
38.802: [GC pause (G1 Evacuation Pause) (young) 77M->3021K(128M), 0.0009110 secs]
38.865: [GC pause (G1 Evacuation Pause) (young) 77M->3011K(128M), 0.0009110 secs]
38.931: [GC pause (G1 Evacuation Pause) (young) 77M->3020K(128M), 0.0010348 secs]
39.000: [GC pause (G1 Evacuation Pause) (young) 77M->3018K(128M), 0.0008699 secs]
39.064: [GC pause (G1 Evacuation Pause) (young) 77M->3004K(128M), 0.0009237 secs]
39.131: [GC pause (G1 Evacuation Pause) (young) 77M->3009K(128M), 0.0008982 secs]
39.198: [GC pause (G1 Evacuation Pause) (young) 77M->3026K(128M), 0.0008911 secs]
39.265: [GC pause (G1 Evacuation Pause) (young) 77M->3024K(128M), 0.0009156 secs]
39.336: [GC pause (G1 Evacuation Pause) (young) 77M->3019K(128M), 0.0008976 secs]
39.403: [GC pause (G1 Evacuation Pause) (young) 77M->3014K(128M), 0.0009147 secs]
39.468: [GC pause (G1 Evacuation Pause) (young) 77M->3037K(128M), 0.0008957 secs]
39.535: [GC pause (G1 Evacuation Pause) (young) 77M->3028K(128M), 0.0009442 secs]
39.603: [GC pause (G1 Evacuation Pause) (young) 77M->3018K(128M), 0.0009551 secs]
39.669: [GC pause (G1 Evacuation Pause) (young) 77M->3017K(128M), 0.0008861 secs]
39.735: [GC pause (G1 Evacuation Pause) (young) 77M->3024K(128M), 0.0010226 secs]
39.804: [GC pause (G1 Evacuation Pause) (young) 77M->3006K(128M), 0.0009271 secs]
39.872: [GC pause (G1 Evacuation Pause) (young) 77M->3008K(128M), 0.0009203 secs]
39.937: [GC pause (G1 Evacuation Pause) (young) 77M->3008K(128M), 0.0009271 secs]
40.001: [GC pause (G1 Evacuation Pause) (young) 77M->3018K(128M), 0.0010117 secs]
40.067: [GC pause (G1 Evacuation Pause) (young) 77M->3013K(128M), 0.0008730 secs]
40.134: [GC pause (G1 Evacuation Pause) (young) 77M->3011K(128M), 0.0008736 secs]
40.200: [GC pause (G1 Evacuation Pause) (young) 77M->3009K(128M), 0.0009159 secs]
40.267: [GC pause (G1 Evacuation Pause) (young) 77M->3030K(128M), 0.0009150 secs]
40.334: [GC pause (G1 Evacuation Pause) (young) 77M->3019K(128M), 0.0008870 secs]
40.400: [GC pause (G1 Evacuation Pause) (young) 77M->3022K(128M), 0.0009548 secs]
40.466: [GC pause (G1 Evacuation Pause) (young) 77M->3023K(128M), 0.0009085 secs]
40.532: [GC pause (G1 Evacuation Pause) (young) 77M->3025K(128M), 0.0008973 secs]
40.600: [GC pause (G1 Evacuation Pause) (young) 77M->3018K(128M), 0.0008982 secs]
40.671: [GC pause (G1 Evacuation Pause) (young) 77M->3016K(128M), 0.0009797 secs]
40.739: [GC pause (G1 Evacuation Pause) (young) 77M->3021K(128M), 0.0010435 secs]
40.808: [GC pause (G1 Evacuation Pause) (young) 77M->3007K(128M), 0.0009380 secs]
40.880: [GC pause (G1 Evacuation Pause) (young) 77M->3015K(128M), 0.0008852 secs]
40.944: [GC pause (G1 Evacuation Pause) (young) 77M->3010K(128M), 0.0008886 secs]
41.011: [GC pause (G1 Evacuation Pause) (young) 77M->3014K(128M), 0.0009741 secs]
41.084: [GC pause (G1 Evacuation Pause) (young) 77M->3014K(128M), 0.0009107 secs]
41.152: [GC pause (G1 Evacuation Pause) (young) 77M->3003K(128M), 0.0009290 secs]
41.219: [GC pause (G1 Evacuation Pause) (young) 77M->3027K(128M), 0.0012326 secs]
41.291: [GC pause (G1 Evacuation Pause) (young) 77M->3026K(128M), 0.0015660 secs]
41.359: [GC pause (G1 Evacuation Pause) (young) 77M->3017K(128M), 0.0070386 secs]
41.432: [GC pause (G1 Evacuation Pause) (young) 77M->3009K(128M), 0.0010438 secs]
41.499: [GC pause (G1 Evacuation Pause) (young) 77M->3026K(128M), 0.0010466 secs]
41.568: [GC pause (G1 Evacuation Pause) (young) 77M->3026K(128M), 0.0009396 secs]
41.634: [GC pause (G1 Evacuation Pause) (young) 77M->3035K(128M), 0.0009097 secs]
41.701: [GC pause (G1 Evacuation Pause) (young) 77M->3014K(128M), 0.0008995 secs]
41.771: [GC pause (G1 Evacuation Pause) (young) 77M->3028K(128M), 0.0009296 secs]
41.837: [GC pause (G1 Evacuation Pause) (young) 77M->2994K(128M), 0.0008786 secs]
41.906: [GC pause (G1 Evacuation Pause) (young) 77M->3016K(128M), 0.0009119 secs]
41.982: [GC pause (G1 Evacuation Pause) (young) 77M->3047K(128M), 0.0012848 secs]
42.065: [GC pause (G1 Evacuation Pause) (young) 77M->3026K(128M), 0.0011529 secs]
42.147: [GC pause (G1 Evacuation Pause) (young) 77M->3022K(128M), 0.0010245 secs]
42.233: [GC pause (G1 Evacuation Pause) (young) 77M->3032K(128M), 0.0012127 secs]
42.316: [GC pause (G1 Evacuation Pause) (young) 77M->3024K(128M), 0.0009729 secs]
42.400: [GC pause (G1 Evacuation Pause) (young) 77M->3032K(128M), 0.0009436 secs]
42.481: [GC pause (G1 Evacuation Pause) (young) 77M->3018K(128M), 0.0009847 secs]
42.566: [GC pause (G1 Evacuation Pause) (young) 77M->3009K(128M), 0.0008516 secs]
42.632: [GC pause (G1 Evacuation Pause) (young) 77M->3026K(128M), 0.0009072 secs]
42.703: [GC pause (G1 Evacuation Pause) (young) 77M->3042K(128M), 0.0010232 secs]
42.767: [GC pause (G1 Evacuation Pause) (young) 77M->3020K(128M), 0.0009701 secs]
42.835: [GC pause (G1 Evacuation Pause) (young) 77M->3010K(128M), 0.0009331 secs]
42.903: [GC pause (G1 Evacuation Pause) (young) 77M->3016K(128M), 0.0009921 secs]
42.972: [GC pause (G1 Evacuation Pause) (young) 77M->3004K(128M), 0.0008911 secs]
43.042: [GC pause (G1 Evacuation Pause) (young) 77M->3029K(128M), 0.0010677 secs]
43.109: [GC pause (G1 Evacuation Pause) (young) 77M->3034K(128M), 0.0008992 secs]
43.177: [GC pause (G1 Evacuation Pause) (young) 77M->3036K(128M), 0.0008898 secs]
43.242: [GC pause (G1 Evacuation Pause) (young) 77M->3023K(128M), 0.0008842 secs]
43.309: [GC pause (G1 Evacuation Pause) (young) 77M->3014K(128M), 0.0009436 secs]
43.375: [GC pause (G1 Evacuation Pause) (young) 77M->3021K(128M), 0.0009819 secs]
43.443: [GC pause (G1 Evacuation Pause) (young) 77M->3034K(128M), 0.0010400 secs]
43.511: [GC pause (G1 Evacuation Pause) (young) 77M->3011K(128M), 0.0009184 secs]
43.578: [GC pause (G1 Evacuation Pause) (young) 77M->3022K(128M), 0.0013595 secs]
43.647: [GC pause (G1 Evacuation Pause) (young) 77M->3003K(128M), 0.0008970 secs]
43.713: [GC pause (G1 Evacuation Pause) (young) 77M->3010K(128M), 0.0008824 secs]
43.780: [GC pause (G1 Evacuation Pause) (young) 77M->3023K(128M), 0.0009548 secs]
43.847: [GC pause (G1 Evacuation Pause) (young) 77M->3021K(128M), 0.0009103 secs]
43.916: [GC pause (G1 Evacuation Pause) (young) 77M->3027K(128M), 0.0009626 secs]
43.981: [GC pause (G1 Evacuation Pause) (young) 77M->3019K(128M), 0.0009900 secs]
44.048: [GC pause (G1 Evacuation Pause) (young) 77M->2998K(128M), 0.0008992 secs]
44.114: [GC pause (G1 Evacuation Pause) (young) 77M->3009K(128M), 0.0008634 secs]
44.181: [GC pause (G1 Evacuation Pause) (young) 77M->3024K(128M), 0.0009458 secs]
44.248: [GC pause (G1 Evacuation Pause) (young) 77M->3013K(128M), 0.0009187 secs]
44.315: [GC pause (G1 Evacuation Pause) (young) 77M->3005K(128M), 0.0009175 secs]
44.380: [GC pause (G1 Evacuation Pause) (young) 77M->3009K(128M), 0.0009486 secs]
44.456: [GC pause (G1 Evacuation Pause) (young) 77M->3024K(128M), 0.0011551 secs]
44.533: [GC pause (G1 Evacuation Pause) (young) 77M->3025K(128M), 0.0009754 secs]
44.606: [GC pause (G1 Evacuation Pause) (young) 77M->3008K(128M), 0.0009340 secs]
44.681: [GC pause (G1 Evacuation Pause) (young) 77M->3022K(128M), 0.0009511 secs]
44.752: [GC pause (G1 Evacuation Pause) (young) 77M->3018K(128M), 0.0008712 secs]
44.821: [GC pause (G1 Evacuation Pause) (young) 77M->2999K(128M), 0.0008892 secs]
44.887: [GC pause (G1 Evacuation Pause) (young) 77M->3020K(128M), 0.0010774 secs]
44.953: [GC pause (G1 Evacuation Pause) (young) 77M->3019K(128M), 0.0009377 secs]
45.019: [GC pause (G1 Evacuation Pause) (young) 77M->3031K(128M), 0.0009250 secs]
45.086: [GC pause (G1 Evacuation Pause) (young) 77M->3022K(128M), 0.0008942 secs]
45.154: [GC pause (G1 Evacuation Pause) (young) 77M->3027K(128M), 0.0008712 secs]
45.223: [GC pause (G1 Evacuation Pause) (young) 77M->3024K(128M), 0.0009138 secs]
45.287: [GC pause (G1 Evacuation Pause) (young) 77M->3035K(128M), 0.0011909 secs]
45.353: [GC pause (G1 Evacuation Pause) (young) 77M->3002K(128M), 0.0009004 secs]
45.417: [GC pause (G1 Evacuation Pause) (young) 77M->3023K(128M), 0.0009315 secs]
45.484: [GC pause (G1 Evacuation Pause) (young) 77M->3020K(128M), 0.0009331 secs]
45.551: [GC pause (G1 Evacuation Pause) (young) 77M->3009K(128M), 0.0008954 secs]
45.615: [GC pause (G1 Evacuation Pause) (young) 77M->3012K(128M), 0.0009293 secs]
45.681: [GC pause (G1 Evacuation Pause) (young) 77M->3031K(128M), 0.0009225 secs]
45.749: [GC pause (G1 Evacuation Pause) (young) 77M->3013K(128M), 0.0009576 secs]
45.816: [GC pause (G1 Evacuation Pause) (young) 77M->2989K(128M), 0.0009663 secs]
45.883: [GC pause (G1 Evacuation Pause) (young) 77M->3004K(128M), 0.0009194 secs]
45.948: [GC pause (G1 Evacuation Pause) (young) 77M->3022K(128M), 0.0010198 secs]
46.014: [GC pause (G1 Evacuation Pause) (young) 77M->3024K(128M), 0.0009075 secs]
46.082: [GC pause (G1 Evacuation Pause) (young) 77M->3021K(128M), 0.0009234 secs]
46.149: [GC pause (G1 Evacuation Pause) (young) 77M->3009K(128M), 0.0008715 secs]
46.217: [GC pause (G1 Evacuation Pause) (young) 77M->3033K(128M), 0.0008898 secs]
46.282: [GC pause (G1 Evacuation Pause) (young) 77M->3006K(128M), 0.0008873 secs]
46.351: [GC pause (G1 Evacuation Pause) (young) 77M->3028K(128M), 0.0010637 secs]
46.420: [GC pause (G1 Evacuation Pause) (young) 77M->3013K(128M), 0.0008836 secs]
46.486: [GC pause (G1 Evacuation Pause) (young) 77M->3005K(128M), 0.0010102 secs]
46.553: [GC pause (G1 Evacuation Pause) (young) 77M->3033K(128M), 0.0008858 secs]
46.621: [GC pause (G1 Evacuation Pause) (young) 77M->3021K(128M), 0.0009265 secs]
46.688: [GC pause (G1 Evacuation Pause) (young) 77M->3000K(128M), 0.0009415 secs]
46.755: [GC pause (G1 Evacuation Pause) (young) 77M->3022K(128M), 0.0009306 secs]
46.820: [GC pause (G1 Evacuation Pause) (young) 77M->3025K(128M), 0.0010316 secs]
46.885: [GC pause (G1 Evacuation Pause) (young) 77M->3014K(128M), 0.0008998 secs]
46.953: [GC pause (G1 Evacuation Pause) (young) 77M->3010K(128M), 0.0008721 secs]
47.021: [GC pause (G1 Evacuation Pause) (young) 77M->3013K(128M), 0.0008472 secs]
47.091: [GC pause (G1 Evacuation Pause) (young) 77M->3017K(128M), 0.0010705 secs]
47.157: [GC pause (G1 Evacuation Pause) (young) 77M->3019K(128M), 0.0011411 secs]
47.226: [GC pause (G1 Evacuation Pause) (young) 77M->3009K(128M), 0.0010232 secs]
47.297: [GC pause (G1 Evacuation Pause) (young) 77M->3026K(128M), 0.0009141 secs]
47.362: [GC pause (G1 Evacuation Pause) (young) 77M->3017K(128M), 0.0008680 secs]
47.431: [GC pause (G1 Evacuation Pause) (young) 77M->3030K(128M), 0.0013688 secs]
47.499: [GC pause (G1 Evacuation Pause) (young) 77M->3022K(128M), 0.0009340 secs]
47.566: [GC pause (G1 Evacuation Pause) (young) 77M->3003K(128M), 0.0008799 secs]
47.631: [GC pause (G1 Evacuation Pause) (young) 77M->3012K(128M), 0.0009642 secs]
47.699: [GC pause (G1 Evacuation Pause) (young) 77M->3026K(128M), 0.0009614 secs]
47.767: [GC pause (G1 Evacuation Pause) (young) 77M->3020K(128M), 0.0009974 secs]
47.832: [GC pause (G1 Evacuation Pause) (young) 77M->3007K(128M), 0.0008932 secs]
47.900: [GC pause (G1 Evacuation Pause) (young) 77M->2999K(128M), 0.0009228 secs]
47.967: [GC pause (G1 Evacuation Pause) (young) 77M->3036K(128M), 0.0010354 secs]
48.035: [GC pause (G1 Evacuation Pause) (young) 77M->3008K(128M), 0.0010736 secs]
48.100: [GC pause (G1 Evacuation Pause) (young) 77M->3009K(128M), 0.0009035 secs]
48.166: [GC pause (G1 Evacuation Pause) (young) 77M->3017K(128M), 0.0008942 secs]
48.234: [GC pause (G1 Evacuation Pause) (young) 77M->3019K(128M), 0.0009178 secs]
48.302: [GC pause (G1 Evacuation Pause) (young) 77M->3011K(128M), 0.0009928 secs]
48.369: [GC pause (G1 Evacuation Pause) (young) 77M->3013K(128M), 0.0010705 secs]
48.432: [GC pause (G1 Evacuation Pause) (young) 77M->3011K(128M), 0.0009107 secs]
48.499: [GC pause (G1 Evacuation Pause) (young) 77M->3031K(128M), 0.0009094 secs]
48.567: [GC pause (G1 Evacuation Pause) (young) 77M->3030K(128M), 0.0008687 secs]
48.634: [GC pause (G1 Evacuation Pause) (young) 77M->3024K(128M), 0.0009020 secs]
48.705: [GC pause (G1 Evacuation Pause) (young) 77M->3034K(128M), 0.0011212 secs]
48.773: [GC pause (G1 Evacuation Pause) (young) 77M->3007K(128M), 0.0008917 secs]
48.840: [GC pause (G1 Evacuation Pause) (young) 77M->3038K(128M), 0.0009439 secs]
48.906: [GC pause (G1 Evacuation Pause) (young) 77M->3012K(128M), 0.0009651 secs]
48.974: [GC pause (G1 Evacuation Pause) (young) 77M->3006K(128M), 0.0016671 secs]
49.041: [GC pause (G1 Evacuation Pause) (young) 77M->2997K(128M), 0.0012011 secs]
49.108: [GC pause (G1 Evacuation Pause) (young) 77M->3017K(128M), 0.0010142 secs]
49.177: [GC pause (G1 Evacuation Pause) (young) 77M->3036K(128M), 0.0010976 secs]
49.242: [GC pause (G1 Evacuation Pause) (young) 77M->3019K(128M), 0.0009645 secs]
49.309: [GC pause (G1 Evacuation Pause) (young) 77M->3016K(128M), 0.0010789 secs]
49.389: [GC pause (G1 Evacuation Pause) (young) 77M->3021K(128M), 0.0010469 secs]
49.458: [GC pause (G1 Evacuation Pause) (young) 77M->3019K(128M), 0.0009679 secs]
49.522: [GC pause (G1 Evacuation Pause) (young) 77M->3031K(128M), 0.0008870 secs]
49.591: [GC pause (G1 Evacuation Pause) (young) 77M->3008K(128M), 0.0009847 secs]
49.659: [GC pause (G1 Evacuation Pause) (young) 77M->3018K(128M), 0.0010929 secs]
49.727: [GC pause (G1 Evacuation Pause) (young) 77M->3024K(128M), 0.0008792 secs]
49.797: [GC pause (G1 Evacuation Pause) (young) 77M->3030K(128M), 0.0010652 secs]
49.866: [GC pause (G1 Evacuation Pause) (young) 77M->3007K(128M), 0.0009561 secs]
49.936: [GC pause (G1 Evacuation Pause) (young) 77M->3016K(128M), 0.0008926 secs]
50.003: [GC pause (G1 Evacuation Pause) (young) 77M->3040K(128M), 0.0009100 secs]
50.071: [GC pause (G1 Evacuation Pause) (young) 77M->3025K(128M), 0.0009091 secs]
50.138: [GC pause (G1 Evacuation Pause) (young) 77M->3021K(128M), 0.0009047 secs]
50.206: [GC pause (G1 Evacuation Pause) (young) 77M->3023K(128M), 0.0009209 secs]
50.274: [GC pause (G1 Evacuation Pause) (young) 77M->3016K(128M), 0.0010083 secs]
50.340: [GC pause (G1 Evacuation Pause) (young) 77M->3019K(128M), 0.0009315 secs]
50.409: [GC pause (G1 Evacuation Pause) (young) 77M->3025K(128M), 0.0009178 secs]
50.478: [GC pause (G1 Evacuation Pause) (young) 77M->3024K(128M), 0.0009144 secs]
50.547: [GC pause (G1 Evacuation Pause) (young) 77M->3014K(128M), 0.0008861 secs]
50.616: [GC pause (G1 Evacuation Pause) (young) 77M->3019K(128M), 0.0008895 secs]
50.682: [GC pause (G1 Evacuation Pause) (young) 77M->3007K(128M), 0.0011277 secs]
50.749: [GC pause (G1 Evacuation Pause) (young) 77M->3026K(128M), 0.0009915 secs]
50.816: [GC pause (G1 Evacuation Pause) (young) 77M->3012K(128M), 0.0009268 secs]
50.884: [GC pause (G1 Evacuation Pause) (young) 77M->3033K(128M), 0.0008932 secs]
50.953: [GC pause (G1 Evacuation Pause) (young) 77M->3022K(128M), 0.0008964 secs]
51.020: [GC pause (G1 Evacuation Pause) (young) 77M->3024K(128M), 0.0013025 secs]
51.095: [GC pause (G1 Evacuation Pause) (young) 77M->3011K(128M), 0.0008491 secs]
51.165: [GC pause (G1 Evacuation Pause) (young) 77M->3034K(128M), 0.0009281 secs]
51.233: [GC pause (G1 Evacuation Pause) (young) 77M->3014K(128M), 0.0008876 secs]
51.301: [GC pause (G1 Evacuation Pause) (young) 77M->3009K(128M), 0.0009797 secs]
51.372: [GC pause (G1 Evacuation Pause) (young) 77M->3015K(128M), 0.0008758 secs]
51.441: [GC pause (G1 Evacuation Pause) (young) 77M->3023K(128M), 0.0010836 secs]
51.508: [GC pause (G1 Evacuation Pause) (young) 77M->3012K(128M), 0.0009026 secs]
51.575: [GC pause (G1 Evacuation Pause) (young) 77M->3018K(128M), 0.0010593 secs]
51.640: [GC pause (G1 Evacuation Pause) (young) 77M->3023K(128M), 0.0008743 secs]
51.709: [GC pause (G1 Evacuation Pause) (young) 77M->3026K(128M), 0.0009119 secs]
51.780: [GC pause (G1 Evacuation Pause) (young) 77M->3023K(128M), 0.0008634 secs]
51.844: [GC pause (G1 Evacuation Pause) (young) 77M->3011K(128M), 0.0008600 secs]
51.912: [GC pause (G1 Evacuation Pause) (young) 77M->3009K(128M), 0.0008497 secs]
51.978: [GC pause (G1 Evacuation Pause) (young) 77M->3027K(128M), 0.0008824 secs]
52.047: [GC pause (G1 Evacuation Pause) (young) 77M->3029K(128M), 0.0009063 secs]
52.113: [GC pause (G1 Evacuation Pause) (young) 77M->3011K(128M), 0.0008824 secs]
52.184: [GC pause (G1 Evacuation Pause) (young) 77M->3030K(128M), 0.0009175 secs]
52.267: [GC pause (G1 Evacuation Pause) (young) 77M->3028K(128M), 0.0009256 secs]
52.342: [GC pause (G1 Evacuation Pause) (young) 77M->3016K(128M), 0.0010932 secs]
52.409: [GC pause (G1 Evacuation Pause) (young) 77M->3018K(128M), 0.0009666 secs]
52.476: [GC pause (G1 Evacuation Pause) (young) 77M->3027K(128M), 0.0009284 secs]
52.543: [GC pause (G1 Evacuation Pause) (young) 77M->3035K(128M), 0.0008964 secs]
52.610: [GC pause (G1 Evacuation Pause) (young) 77M->3014K(128M), 0.0009013 secs]
52.681: [GC pause (G1 Evacuation Pause) (young) 77M->3023K(128M), 0.0010049 secs]
52.751: [GC pause (G1 Evacuation Pause) (young) 77M->3019K(128M), 0.0008708 secs]
52.817: [GC pause (G1 Evacuation Pause) (young) 77M->3015K(128M), 0.0009156 secs]
52.886: [GC pause (G1 Evacuation Pause) (young) 77M->3015K(128M), 0.0009666 secs]
52.953: [GC pause (G1 Evacuation Pause) (young) 77M->3023K(128M), 0.0009424 secs]
53.021: [GC pause (G1 Evacuation Pause) (young) 77M->3029K(128M), 0.0009212 secs]
53.087: [GC pause (G1 Evacuation Pause) (young) 77M->3031K(128M), 0.0008995 secs]
53.158: [GC pause (G1 Evacuation Pause) (young) 77M->3021K(128M), 0.0010201 secs]
53.227: [GC pause (G1 Evacuation Pause) (young) 77M->3009K(128M), 0.0009038 secs]
53.293: [GC pause (G1 Evacuation Pause) (young) 77M->3026K(128M), 0.0009872 secs]
53.361: [GC pause (G1 Evacuation Pause) (young) 77M->3018K(128M), 0.0008998 secs]
53.430: [GC pause (G1 Evacuation Pause) (young) 77M->3019K(128M), 0.0009561 secs]
53.508: [GC pause (G1 Evacuation Pause) (young) 77M->3045K(128M), 0.0015000 secs]
53.578: [GC pause (G1 Evacuation Pause) (young) 77M->3021K(128M), 0.0009051 secs]
53.647: [GC pause (G1 Evacuation Pause) (young) 77M->3010K(128M), 0.0008870 secs]
53.712: [GC pause (G1 Evacuation Pause) (young) 77M->3017K(128M), 0.0009934 secs]
53.781: [GC pause (G1 Evacuation Pause) (young) 77M->3008K(128M), 0.0009091 secs]
53.845: [GC pause (G1 Evacuation Pause) (young) 77M->3010K(128M), 0.0009181 secs]
53.912: [GC pause (G1 Evacuation Pause) (young) 77M->3016K(128M), 0.0008970 secs]
53.984: [GC pause (G1 Evacuation Pause) (young) 77M->3024K(128M), 0.0009318 secs]
54.049: [GC pause (G1 Evacuation Pause) (young) 77M->3023K(128M), 0.0009256 secs]
54.116: [GC pause (G1 Evacuation Pause) (young) 77M->3016K(128M), 0.0011147 secs]
54.182: [GC pause (G1 Evacuation Pause) (young) 77M->3030K(128M), 0.0013647 secs]
54.249: [GC pause (G1 Evacuation Pause) (young) 77M->3015K(128M), 0.0009346 secs]
54.317: [GC pause (G1 Evacuation Pause) (young) 77M->3016K(128M), 0.0009166 secs]
54.380: [GC pause (G1 Evacuation Pause) (young) 77M->3018K(128M), 0.0009971 secs]
54.465: [GC pause (G1 Evacuation Pause) (young) 77M->3316K(128M), 0.0009579 secs]
54.543: [GC pause (G1 Evacuation Pause) (young) 78M->3487K(128M), 0.0012217 secs]
54.617: [GC pause (G1 Evacuation Pause) (young) 78M->3647K(128M), 0.0013700 secs]
54.738: [GC pause (G1 Evacuation Pause) (young) 78M->3800K(128M), 0.0014413 secs]
54.855: [GC pause (G1 Evacuation Pause) (young) 78M->3814K(128M), 0.0019056 secs]
54.958: [GC pause (G1 Evacuation Pause) (young) 78M->3786K(128M), 0.0020854 secs]
55.042: [GC pause (G1 Evacuation Pause) (young) 78M->3713K(128M), 0.0013647 secs]
55.115: [GC pause (G1 Evacuation Pause) (young) 78M->3854K(128M), 0.0012889 secs]
55.264: [GC pause (G1 Evacuation Pause) (young) 78M->4347K(128M), 0.0017551 secs]
55.551: [GC pause (G1 Evacuation Pause) (young) 78M->4464K(128M), 0.0019793 secs]
55.726: [GC pause (G1 Evacuation Pause) (young) 78M->4172K(128M), 0.0020247 secs]
55.938: [GC pause (G1 Evacuation Pause) (young) 78M->4063K(128M), 0.0015408 secs]
56.091: [GC pause (G1 Evacuation Pause) (young) 77M->4177K(128M), 0.0016322 secs]
56.215: [GC pause (G1 Evacuation Pause) (young) 78M->4289K(128M), 0.0017193 secs]
56.310: [GC pause (G1 Evacuation Pause) (young) 78M->4064K(128M), 0.0014425 secs]
56.405: [GC pause (G1 Evacuation Pause) (young) 77M->4173K(128M), 0.0014565 secs]
56.477: [GC pause (G1 Evacuation Pause) (young) 79M->4302K(128M), 0.0014282 secs]
56.550: [GC pause (G1 Evacuation Pause) (young) 79M->4276K(128M), 0.0012923 secs]
56.622: [GC pause (G1 Evacuation Pause) (young) 79M->4390K(128M), 0.0011766 secs]
56.698: [GC pause (G1 Evacuation Pause) (young) 79M->4287K(128M), 0.0011246 secs]
56.768: [GC pause (G1 Evacuation Pause) (young) 79M->4221K(128M), 0.0011772 secs]
56.835: [GC pause (G1 Evacuation Pause) (young) 79M->4304K(128M), 0.0010730 secs]
56.905: [GC pause (G1 Evacuation Pause) (young) 79M->4332K(128M), 0.0010214 secs]
56.975: [GC pause (G1 Evacuation Pause) (young) 79M->4375K(128M), 0.0010528 secs]
57.045: [GC pause (G1 Evacuation Pause) (young) 79M->4364K(128M), 0.0010699 secs]
57.116: [GC pause (G1 Evacuation Pause) (young) 79M->4349K(128M), 0.0011128 secs]
57.187: [GC pause (G1 Evacuation Pause) (young) 79M->4364K(128M), 0.0010976 secs]
57.258: [GC pause (G1 Evacuation Pause) (young) 79M->4356K(128M), 0.0010484 secs]
57.344: [GC pause (G1 Evacuation Pause) (young) 79M->4368K(128M), 0.0009396 secs]
57.411: [GC pause (G1 Evacuation Pause) (young) 79M->4372K(128M), 0.0009766 secs]
57.482: [GC pause (G1 Evacuation Pause) (young) 79M->4327K(128M), 0.0009648 secs]
57.550: [GC pause (G1 Evacuation Pause) (young) 79M->4336K(128M), 0.0010861 secs]
57.621: [GC pause (G1 Evacuation Pause) (young) 79M->4332K(128M), 0.0009458 secs]
57.693: [GC pause (G1 Evacuation Pause) (young) 79M->4340K(128M), 0.0009452 secs]
57.762: [GC pause (G1 Evacuation Pause) (young) 79M->4344K(128M), 0.0009505 secs]
57.832: [GC pause (G1 Evacuation Pause) (young) 79M->4329K(128M), 0.0009474 secs]
57.901: [GC pause (G1 Evacuation Pause) (young) 79M->4334K(128M), 0.0010749 secs]
57.970: [GC pause (G1 Evacuation Pause) (young) 79M->4352K(128M), 0.0009573 secs]
58.043: [GC pause (G1 Evacuation Pause) (young) 79M->4323K(128M), 0.0010083 secs]
58.116: [GC pause (G1 Evacuation Pause) (young) 79M->4336K(128M), 0.0009439 secs]
58.183: [GC pause (G1 Evacuation Pause) (young) 79M->4342K(128M), 0.0011047 secs]
58.258: [GC pause (G1 Evacuation Pause) (young) 79M->4364K(128M), 0.0011159 secs]
58.334: [GC pause (G1 Evacuation Pause) (young) 79M->4342K(128M), 0.0009433 secs]
58.400: [GC pause (G1 Evacuation Pause) (young) 79M->4363K(128M), 0.0011103 secs]
58.474: [GC pause (G1 Evacuation Pause) (young) 79M->4347K(128M), 0.0010715 secs]
58.545: [GC pause (G1 Evacuation Pause) (young) 79M->4360K(128M), 0.0009726 secs]
58.616: [GC pause (G1 Evacuation Pause) (young) 79M->4369K(128M), 0.0011315 secs]
58.688: [GC pause (G1 Evacuation Pause) (young) 79M->4341K(128M), 0.0013697 secs]
58.763: [GC pause (G1 Evacuation Pause) (young) 79M->4344K(128M), 0.0010363 secs]
58.834: [GC pause (G1 Evacuation Pause) (young) 79M->4366K(128M), 0.0009474 secs]
58.915: [GC pause (G1 Evacuation Pause) (young) 79M->4366K(128M), 0.0010898 secs]
58.989: [GC pause (G1 Evacuation Pause) (young) 79M->4348K(128M), 0.0009831 secs]
59.058: [GC pause (G1 Evacuation Pause) (young) 79M->4362K(128M), 0.0009769 secs]
59.129: [GC pause (G1 Evacuation Pause) (young) 79M->4365K(128M), 0.0010624 secs]
59.199: [GC pause (G1 Evacuation Pause) (young) 79M->4357K(128M), 0.0010537 secs]
59.270: [GC pause (G1 Evacuation Pause) (young) 79M->4365K(128M), 0.0009243 secs]
59.354: [GC pause (G1 Evacuation Pause) (young) 79M->4355K(128M), 0.0010827 secs]
59.427: [GC pause (G1 Evacuation Pause) (young) 79M->4380K(128M), 0.0010618 secs]
59.498: [GC pause (G1 Evacuation Pause) (young) 79M->4380K(128M), 0.0010976 secs]
59.568: [GC pause (G1 Evacuation Pause) (young) 79M->4382K(128M), 0.0009449 secs]
59.639: [GC pause (G1 Evacuation Pause) (young) 79M->4369K(128M), 0.0009744 secs]
59.713: [GC pause (G1 Evacuation Pause) (young) 79M->4378K(128M), 0.0009676 secs]
59.784: [GC pause (G1 Evacuation Pause) (young) 79M->4368K(128M), 0.0010133 secs]
59.856: [GC pause (G1 Evacuation Pause) (young) 79M->4359K(128M), 0.0013710 secs]
59.926: [GC pause (G1 Evacuation Pause) (young) 79M->4364K(128M), 0.0009607 secs]
59.995: [GC pause (G1 Evacuation Pause) (young) 79M->4378K(128M), 0.0009418 secs]
60.064: [GC pause (G1 Evacuation Pause) (young) 79M->4362K(128M), 0.0010204 secs]
60.136: [GC pause (G1 Evacuation Pause) (young) 79M->4375K(128M), 0.0011788 secs]
60.203: [GC pause (G1 Evacuation Pause) (young) 79M->4372K(128M), 0.0009536 secs]
60.273: [GC pause (G1 Evacuation Pause) (young) 79M->4385K(128M), 0.0010587 secs]
60.356: [GC pause (G1 Evacuation Pause) (young) 79M->4387K(128M), 0.0009931 secs]
60.425: [GC pause (G1 Evacuation Pause) (young) 79M->4382K(128M), 0.0009825 secs]
60.492: [GC pause (G1 Evacuation Pause) (young) 79M->4369K(128M), 0.0010416 secs]
60.564: [GC pause (G1 Evacuation Pause) (young) 79M->4378K(128M), 0.0009645 secs]
60.633: [GC pause (G1 Evacuation Pause) (young) 79M->4385K(128M), 0.0010183 secs]
60.703: [GC pause (G1 Evacuation Pause) (young) 79M->4385K(128M), 0.0009763 secs]
60.775: [GC pause (G1 Evacuation Pause) (young) 79M->4380K(128M), 0.0011035 secs]
60.843: [GC pause (G1 Evacuation Pause) (young) 79M->4388K(128M), 0.0009542 secs]
60.913: [GC pause (G1 Evacuation Pause) (young) 79M->4379K(128M), 0.0009657 secs]
60.980: [GC pause (G1 Evacuation Pause) (young) 79M->4398K(128M), 0.0009729 secs]
61.055: [GC pause (G1 Evacuation Pause) (young) 79M->4370K(128M), 0.0010543 secs]
61.129: [GC pause (G1 Evacuation Pause) (young) 79M->4369K(128M), 0.0009312 secs]
61.197: [GC pause (G1 Evacuation Pause) (young) 79M->4367K(128M), 0.0008976 secs]
61.272: [GC pause (G1 Evacuation Pause) (young) 79M->4397K(128M), 0.0012711 secs]
61.357: [GC pause (G1 Evacuation Pause) (young) 79M->4379K(128M), 0.0009268 secs]
61.429: [GC pause (G1 Evacuation Pause) (young) 79M->4392K(128M), 0.0010183 secs]
61.503: [GC pause (G1 Evacuation Pause) (young) 79M->4384K(128M), 0.0009054 secs]
61.583: [GC pause (G1 Evacuation Pause) (young) 79M->4409K(128M), 0.0075129 secs]
61.665: [GC pause (G1 Evacuation Pause) (young) 79M->4387K(128M), 0.0013144 secs]
61.742: [GC pause (G1 Evacuation Pause) (young) 79M->4413K(128M), 0.0011393 secs]
61.820: [GC pause (G1 Evacuation Pause) (young) 79M->4400K(128M), 0.0010021 secs]
61.905: [GC pause (G1 Evacuation Pause) (young) 79M->4416K(128M), 0.0011433 secs]
61.983: [GC pause (G1 Evacuation Pause) (young) 79M->4379K(128M), 0.0013025 secs]
62.061: [GC pause (G1 Evacuation Pause) (young) 79M->4388K(128M), 0.0010736 secs]
62.147: [GC pause (G1 Evacuation Pause) (young) 79M->4440K(128M), 0.0012497 secs]
62.233: [GC pause (G1 Evacuation Pause) (young) 79M->4401K(128M), 0.0010886 secs]
62.319: [GC pause (G1 Evacuation Pause) (young) 79M->4403K(128M), 0.0019078 secs]
62.402: [GC pause (G1 Evacuation Pause) (young) 79M->4402K(128M), 0.0009977 secs]
62.472: [GC pause (G1 Evacuation Pause) (young) 79M->4388K(128M), 0.0010167 secs]
62.542: [GC pause (G1 Evacuation Pause) (young) 79M->4420K(128M), 0.0009698 secs]
62.615: [GC pause (G1 Evacuation Pause) (young) 79M->4418K(128M), 0.0009589 secs]
62.687: [GC pause (G1 Evacuation Pause) (young) 79M->4409K(128M), 0.0009729 secs]
62.760: [GC pause (G1 Evacuation Pause) (young) 79M->4405K(128M), 0.0009477 secs]
62.828: [GC pause (G1 Evacuation Pause) (young) 79M->4397K(128M), 0.0009673 secs]
62.896: [GC pause (G1 Evacuation Pause) (young) 79M->4423K(128M), 0.0010845 secs]
62.966: [GC pause (G1 Evacuation Pause) (young) 79M->4404K(128M), 0.0009421 secs]
63.035: [GC pause (G1 Evacuation Pause) (young) 79M->4418K(128M), 0.0010021 secs]
63.104: [GC pause (G1 Evacuation Pause) (young) 79M->4398K(128M), 0.0009284 secs]
63.179: [GC pause (G1 Evacuation Pause) (young) 79M->4419K(128M), 0.0009635 secs]
63.246: [GC pause (G1 Evacuation Pause) (young) 79M->4424K(128M), 0.0011085 secs]
63.346: [GC pause (G1 Evacuation Pause) (young) 79M->4423K(128M), 0.0014820 secs]
63.424: [GC pause (G1 Evacuation Pause) (young) 79M->4419K(128M), 0.0009918 secs]
63.493: [GC pause (G1 Evacuation Pause) (young) 79M->4424K(128M), 0.0012690 secs]
63.568: [GC pause (G1 Evacuation Pause) (young) 79M->4422K(128M), 0.0009694 secs]
63.637: [GC pause (G1 Evacuation Pause) (young) 79M->4414K(128M), 0.0010478 secs]
63.710: [GC pause (G1 Evacuation Pause) (young) 79M->4424K(128M), 0.0009701 secs]
63.780: [GC pause (G1 Evacuation Pause) (young) 79M->4427K(128M), 0.0009492 secs]
63.866: [GC pause (G1 Evacuation Pause) (young) 79M->4452K(128M), 0.0132686 secs]
63.954: [GC pause (G1 Evacuation Pause) (young) 79M->4437K(128M), 0.0010516 secs]
64.029: [GC pause (G1 Evacuation Pause) (young) 79M->4427K(128M), 0.0133159 secs]
64.118: [GC pause (G1 Evacuation Pause) (young) 79M->4422K(128M), 0.0011187 secs]
64.241: [GC pause (G1 Evacuation Pause) (young) 79M->4454K(128M), 0.0010914 secs]
64.333: [GC pause (G1 Evacuation Pause) (young) 79M->4429K(128M), 0.0009480 secs]
64.403: [GC pause (G1 Evacuation Pause) (young) 79M->4421K(128M), 0.0009850 secs]
64.477: [GC pause (G1 Evacuation Pause) (young) 79M->4429K(128M), 0.0016599 secs]
64.548: [GC pause (G1 Evacuation Pause) (young) 79M->4461K(128M), 0.0009763 secs]
64.619: [GC pause (G1 Evacuation Pause) (young) 79M->4440K(128M), 0.0009766 secs]
64.692: [GC pause (G1 Evacuation Pause) (young) 79M->4422K(128M), 0.0010214 secs]
64.762: [GC pause (G1 Evacuation Pause) (young) 79M->4444K(128M), 0.0009869 secs]
64.832: [GC pause (G1 Evacuation Pause) (young) 79M->4435K(128M), 0.0009452 secs]
64.901: [GC pause (G1 Evacuation Pause) (young) 79M->4441K(128M), 0.0009147 secs]
64.974: [GC pause (G1 Evacuation Pause) (young) 79M->4444K(128M), 0.0010571 secs]
65.045: [GC pause (G1 Evacuation Pause) (young) 79M->4436K(128M), 0.0009670 secs]
65.118: [GC pause (G1 Evacuation Pause) (young) 79M->4444K(128M), 0.0010121 secs]
65.194: [GC pause (G1 Evacuation Pause) (young) 79M->4450K(128M), 0.0009791 secs]
65.265: [GC pause (G1 Evacuation Pause) (young) 79M->4445K(128M), 0.0009990 secs]
65.345: [GC pause (G1 Evacuation Pause) (young) 79M->4451K(128M), 0.0009247 secs]
65.415: [GC pause (G1 Evacuation Pause) (young) 79M->4448K(128M), 0.0010217 secs]
65.485: [GC pause (G1 Evacuation Pause) (young) 79M->4450K(128M), 0.0009660 secs]
65.560: [GC pause (G1 Evacuation Pause) (young) 79M->4460K(128M), 0.0010080 secs]
65.634: [GC pause (G1 Evacuation Pause) (young) 79M->4454K(128M), 0.0010926 secs]
65.704: [GC pause (G1 Evacuation Pause) (young) 79M->4450K(128M), 0.0009691 secs]
65.777: [GC pause (G1 Evacuation Pause) (young) 79M->4463K(128M), 0.0009610 secs]
65.847: [GC pause (G1 Evacuation Pause) (young) 79M->4443K(128M), 0.0009878 secs]
65.919: [GC pause (G1 Evacuation Pause) (young) 79M->4462K(128M), 0.0009722 secs]
65.989: [GC pause (G1 Evacuation Pause) (young) 79M->4467K(128M), 0.0010292 secs]
66.061: [GC pause (G1 Evacuation Pause) (young) 79M->4469K(128M), 0.0011421 secs]
66.133: [GC pause (G1 Evacuation Pause) (young) 79M->4466K(128M), 0.0009921 secs]
66.205: [GC pause (G1 Evacuation Pause) (young) 79M->4460K(128M), 0.0009604 secs]
66.274: [GC pause (G1 Evacuation Pause) (young) 79M->4465K(128M), 0.0015150 secs]
66.354: [GC pause (G1 Evacuation Pause) (young) 79M->4473K(128M), 0.0011004 secs]
66.428: [GC pause (G1 Evacuation Pause) (young) 79M->4465K(128M), 0.0010422 secs]
66.497: [GC pause (G1 Evacuation Pause) (young) 79M->4465K(128M), 0.0010313 secs]
66.570: [GC pause (G1 Evacuation Pause) (young) 79M->4458K(128M), 0.0012161 secs]
66.649: [GC pause (G1 Evacuation Pause) (young) 79M->4477K(128M), 0.0010612 secs]
66.717: [GC pause (G1 Evacuation Pause) (young) 79M->4471K(128M), 0.0010173 secs]
66.796: [GC pause (G1 Evacuation Pause) (young) 79M->4457K(128M), 0.0011694 secs]
66.885: [GC pause (G1 Evacuation Pause) (young) 79M->4476K(128M), 0.0031086 secs]
66.995: [GC pause (G1 Evacuation Pause) (young) 79M->4469K(128M), 0.0014773 secs]
67.071: [GC pause (G1 Evacuation Pause) (young) 79M->4461K(128M), 0.0011816 secs]
67.143: [GC pause (G1 Evacuation Pause) (young) 79M->4471K(128M), 0.0010724 secs]
67.217: [GC pause (G1 Evacuation Pause) (young) 79M->4462K(128M), 0.0009480 secs]
67.295: [GC pause (G1 Evacuation Pause) (young) 79M->4513K(128M), 0.0010914 secs]
67.400: [GC pause (G1 Evacuation Pause) (young) 79M->4479K(128M), 0.0126488 secs]
67.485: [GC pause (G1 Evacuation Pause) (young) 79M->4492K(128M), 0.0010537 secs]
67.558: [GC pause (G1 Evacuation Pause) (young) 79M->4471K(128M), 0.0010988 secs]
67.635: [GC pause (G1 Evacuation Pause) (young) 79M->4466K(128M), 0.0089489 secs]
67.716: [GC pause (G1 Evacuation Pause) (young) 79M->4464K(128M), 0.0009393 secs]
67.785: [GC pause (G1 Evacuation Pause) (young) 79M->4488K(128M), 0.0009679 secs]
67.856: [GC pause (G1 Evacuation Pause) (young) 79M->4467K(128M), 0.0009411 secs]
67.928: [GC pause (G1 Evacuation Pause) (young) 79M->4472K(128M), 0.0010232 secs]
67.999: [GC pause (G1 Evacuation Pause) (young) 79M->4472K(128M), 0.0010242 secs]
68.069: [GC pause (G1 Evacuation Pause) (young) 79M->4474K(128M), 0.0010979 secs]
68.141: [GC pause (G1 Evacuation Pause) (young) 79M->4466K(128M), 0.0011825 secs]
68.210: [GC pause (G1 Evacuation Pause) (young) 79M->4457K(128M), 0.0010571 secs]
68.296: [GC pause (G1 Evacuation Pause) (young) 79M->4493K(128M), 0.0010998 secs]
68.375: [GC pause (G1 Evacuation Pause) (young) 79M->4510K(128M), 0.0010475 secs]
68.452: [GC pause (G1 Evacuation Pause) (young) 79M->4476K(128M), 0.0010559 secs]
68.586: [GC pause (G1 Evacuation Pause) (young) 79M->4516K(128M), 0.0033441 secs]
68.728: [GC pause (G1 Evacuation Pause) (young) 79M->4507K(128M), 0.0023550 secs]
68.815: [GC pause (G1 Evacuation Pause) (young) 79M->4497K(128M), 0.0009271 secs]
68.894: [GC pause (G1 Evacuation Pause) (young) 79M->4461K(128M), 0.0009346 secs]
68.966: [GC pause (G1 Evacuation Pause) (young) 79M->4497K(128M), 0.0009470 secs]
69.039: [GC pause (G1 Evacuation Pause) (young) 79M->4483K(128M), 0.0011442 secs]
69.109: [GC pause (G1 Evacuation Pause) (young) 79M->4499K(128M), 0.0009900 secs]
69.183: [GC pause (G1 Evacuation Pause) (young) 79M->4469K(128M), 0.0009337 secs]
69.252: [GC pause (G1 Evacuation Pause) (young) 79M->4478K(128M), 0.0011383 secs]
69.331: [GC pause (G1 Evacuation Pause) (young) 79M->4701K(128M), 0.0010304 secs]
69.409: [GC pause (G1 Evacuation Pause) (young) 79M->4584K(128M), 0.0010354 secs]
69.479: [GC pause (G1 Evacuation Pause) (young) 79M->4499K(128M), 0.0009654 secs]
69.548: [GC pause (G1 Evacuation Pause) (young) 79M->4499K(128M), 0.0010596 secs]
69.620: [GC pause (G1 Evacuation Pause) (young) 79M->4482K(128M), 0.0049141 secs]
69.699: [GC pause (G1 Evacuation Pause) (young) 79M->4498K(128M), 0.0010366 secs]
69.769: [GC pause (G1 Evacuation Pause) (young) 79M->4476K(128M), 0.0010245 secs]
69.849: [GC pause (G1 Evacuation Pause) (young) 79M->4473K(128M), 0.0010963 secs]
69.924: [GC pause (G1 Evacuation Pause) (young) 79M->4507K(128M), 0.0010640 secs]
69.997: [GC pause (G1 Evacuation Pause) (young) 79M->4496K(128M), 0.0010332 secs]
70.068: [GC pause (G1 Evacuation Pause) (young) 79M->4513K(128M), 0.0010512 secs]
70.142: [GC pause (G1 Evacuation Pause) (young) 79M->4500K(128M), 0.0011206 secs]
70.218: [GC pause (G1 Evacuation Pause) (young) 79M->4480K(128M), 0.0010534 secs]
70.294: [GC pause (G1 Evacuation Pause) (young) 79M->4494K(128M), 0.0016490 secs]
70.387: [GC pause (G1 Evacuation Pause) (young) 79M->4494K(128M), 0.0010220 secs]
70.460: [GC pause (G1 Evacuation Pause) (young) 79M->4498K(128M), 0.0010360 secs]
70.534: [GC pause (G1 Evacuation Pause) (young) 79M->4487K(128M), 0.0011903 secs]
70.609: [GC pause (G1 Evacuation Pause) (young) 79M->4510K(128M), 0.0009722 secs]
70.679: [GC pause (G1 Evacuation Pause) (young) 79M->4496K(128M), 0.0009474 secs]
70.746: [GC pause (G1 Evacuation Pause) (young) 79M->4492K(128M), 0.0009421 secs]
70.817: [GC pause (G1 Evacuation Pause) (young) 79M->4508K(128M), 0.0009906 secs]
70.889: [GC pause (G1 Evacuation Pause) (young) 79M->4499K(128M), 0.0009415 secs]
70.956: [GC pause (G1 Evacuation Pause) (young) 79M->4484K(128M), 0.0008957 secs]
71.025: [GC pause (G1 Evacuation Pause) (young) 79M->4505K(128M), 0.0011477 secs]
71.100: [GC pause (G1 Evacuation Pause) (young) 79M->4510K(128M), 0.0009262 secs]
71.168: [GC pause (G1 Evacuation Pause) (young) 79M->4518K(128M), 0.0010416 secs]
71.241: [GC pause (G1 Evacuation Pause) (young) 79M->4513K(128M), 0.0010173 secs]
71.321: [GC pause (G1 Evacuation Pause) (young) 79M->4498K(128M), 0.0010180 secs]
71.400: [GC pause (G1 Evacuation Pause) (young) 79M->4524K(128M), 0.0009592 secs]
71.480: [GC pause (G1 Evacuation Pause) (young) 79M->4551K(128M), 0.0012382 secs]
71.551: [GC pause (G1 Evacuation Pause) (young) 79M->4535K(128M), 0.0009113 secs]
71.627: [GC pause (G1 Evacuation Pause) (young) 79M->4536K(128M), 0.0010410 secs]
71.701: [GC pause (G1 Evacuation Pause) (young) 79M->4522K(128M), 0.0009766 secs]
71.771: [GC pause (G1 Evacuation Pause) (young) 79M->4517K(128M), 0.0010428 secs]
71.840: [GC pause (G1 Evacuation Pause) (young) 79M->4521K(128M), 0.0009495 secs]
71.909: [GC pause (G1 Evacuation Pause) (young) 79M->4508K(128M), 0.0011505 secs]
71.981: [GC pause (G1 Evacuation Pause) (young) 79M->4516K(128M), 0.0009551 secs]
72.050: [GC pause (G1 Evacuation Pause) (young) 79M->4511K(128M), 0.0009390 secs]
72.120: [GC pause (G1 Evacuation Pause) (young) 79M->4541K(128M), 0.0009408 secs]
72.190: [GC pause (G1 Evacuation Pause) (young) 79M->4522K(128M), 0.0010886 secs]
72.258: [GC pause (G1 Evacuation Pause) (young) 79M->4519K(128M), 0.0010217 secs]
72.332: [GC pause (G1 Evacuation Pause) (young) 79M->4748K(128M), 0.0009508 secs]
72.406: [GC pause (G1 Evacuation Pause) (young) 79M->4641K(128M), 0.0010326 secs]
72.495: [GC pause (G1 Evacuation Pause) (young) 79M->4550K(128M), 0.0064611 secs]
72.571: [GC pause (G1 Evacuation Pause) (young) 79M->4532K(128M), 0.0009968 secs]
72.640: [GC pause (G1 Evacuation Pause) (young) 79M->4535K(128M), 0.0010746 secs]
72.713: [GC pause (G1 Evacuation Pause) (young) 79M->4538K(128M), 0.0010484 secs]
72.791: [GC pause (G1 Evacuation Pause) (young) 79M->4531K(128M), 0.0012248 secs]
72.865: [GC pause (G1 Evacuation Pause) (young) 79M->4517K(128M), 0.0010351 secs]
72.938: [GC pause (G1 Evacuation Pause) (young) 79M->4509K(128M), 0.0056829 secs]
73.016: [GC pause (G1 Evacuation Pause) (young) 79M->4538K(128M), 0.0009869 secs]
73.094: [GC pause (G1 Evacuation Pause) (young) 79M->4548K(128M), 0.0019880 secs]
73.171: [GC pause (G1 Evacuation Pause) (young) 79M->4540K(128M), 0.0009785 secs]
73.241: [GC pause (G1 Evacuation Pause) (young) 79M->4545K(128M), 0.0010394 secs]
73.329: [GC pause (G1 Evacuation Pause) (young) 79M->4566K(128M), 0.0019128 secs]
73.427: [GC pause (G1 Evacuation Pause) (young) 79M->4551K(128M), 0.0010273 secs]
73.515: [GC pause (G1 Evacuation Pause) (young) 79M->4546K(128M), 0.0137495 secs]
73.608: [GC pause (G1 Evacuation Pause) (young) 79M->4545K(128M), 0.0018139 secs]
73.686: [GC pause (G1 Evacuation Pause) (young) 79M->4538K(128M), 0.0009688 secs]
73.765: [GC pause (G1 Evacuation Pause) (young) 79M->4525K(128M), 0.0009738 secs]
73.851: [GC pause (G1 Evacuation Pause) (young) 79M->4543K(128M), 0.0009900 secs]
73.931: [GC pause (G1 Evacuation Pause) (young) 79M->4539K(128M), 0.0010920 secs]
74.003: [GC pause (G1 Evacuation Pause) (young) 79M->4553K(128M), 0.0010627 secs]
74.075: [GC pause (G1 Evacuation Pause) (young) 79M->4536K(128M), 0.0009859 secs]
74.149: [GC pause (G1 Evacuation Pause) (young) 79M->4532K(128M), 0.0010540 secs]
74.224: [GC pause (G1 Evacuation Pause) (young) 79M->4551K(128M), 0.0012285 secs]
74.303: [GC pause (G1 Evacuation Pause) (young) 79M->4543K(128M), 0.0012994 secs]
74.385: [GC pause (G1 Evacuation Pause) (young) 79M->4548K(128M), 0.0011088 secs]
74.464: [GC pause (G1 Evacuation Pause) (young) 79M->4561K(128M), 0.0029102 secs]
74.543: [GC pause (G1 Evacuation Pause) (young) 79M->4540K(128M), 0.0009200 secs]
74.613: [GC pause (G1 Evacuation Pause) (young) 79M->4549K(128M), 0.0009517 secs]
74.684: [GC pause (G1 Evacuation Pause) (young) 79M->4549K(128M), 0.0010634 secs]
74.752: [GC pause (G1 Evacuation Pause) (young) 79M->4555K(128M), 0.0009548 secs]
74.822: [GC pause (G1 Evacuation Pause) (young) 79M->4575K(128M), 0.0008992 secs]
74.894: [GC pause (G1 Evacuation Pause) (young) 79M->4547K(128M), 0.0047306 secs]
74.968: [GC pause (G1 Evacuation Pause) (young) 79M->4568K(128M), 0.0010341 secs]
75.037: [GC pause (G1 Evacuation Pause) (young) 79M->4549K(128M), 0.0009797 secs]
75.105: [GC pause (G1 Evacuation Pause) (young) 79M->4557K(128M), 0.0009862 secs]
75.177: [GC pause (G1 Evacuation Pause) (young) 79M->4566K(128M), 0.0009604 secs]
75.246: [GC pause (G1 Evacuation Pause) (young) 79M->4560K(128M), 0.0010543 secs]
75.322: [GC pause (G1 Evacuation Pause) (young) 79M->4559K(128M), 0.0009921 secs]
75.403: [GC pause (G1 Evacuation Pause) (young) 79M->4552K(128M), 0.0010397 secs]
75.475: [GC pause (G1 Evacuation Pause) (young) 79M->4570K(128M), 0.0010696 secs]
75.541: [GC pause (G1 Evacuation Pause) (young) 79M->4558K(128M), 0.0009103 secs]
75.614: [GC pause (G1 Evacuation Pause) (young) 79M->4572K(128M), 0.0009467 secs]
75.684: [GC pause (G1 Evacuation Pause) (young) 79M->4588K(128M), 0.0014347 secs]
75.757: [GC pause (G1 Evacuation Pause) (young) 79M->4588K(128M), 0.0010438 secs]
75.829: [GC pause (G1 Evacuation Pause) (young) 79M->4554K(128M), 0.0009797 secs]
75.904: [GC pause (G1 Evacuation Pause) (young) 79M->4565K(128M), 0.0010173 secs]
75.974: [GC pause (G1 Evacuation Pause) (young) 79M->4558K(128M), 0.0012179 secs]
76.051: [GC pause (G1 Evacuation Pause) (young) 79M->4572K(128M), 0.0009931 secs]
76.126: [GC pause (G1 Evacuation Pause) (young) 79M->4573K(128M), 0.0010531 secs]
76.200: [GC pause (G1 Evacuation Pause) (young) 79M->4574K(128M), 0.0009648 secs]
76.271: [GC pause (G1 Evacuation Pause) (young) 79M->4568K(128M), 0.0009408 secs]
76.347: [GC pause (G1 Evacuation Pause) (young) 79M->4564K(128M), 0.0009312 secs]
76.419: [GC pause (G1 Evacuation Pause) (young) 79M->4556K(128M), 0.0009377 secs]
76.490: [GC pause (G1 Evacuation Pause) (young) 79M->4583K(128M), 0.0009794 secs]
76.558: [GC pause (G1 Evacuation Pause) (young) 79M->4606K(128M), 0.0009545 secs]
76.627: [GC pause (G1 Evacuation Pause) (young) 79M->4582K(128M), 0.0009502 secs]
76.696: [GC pause (G1 Evacuation Pause) (young) 79M->4554K(128M), 0.0009511 secs]
76.765: [GC pause (G1 Evacuation Pause) (young) 79M->4577K(128M), 0.0009738 secs]
76.836: [GC pause (G1 Evacuation Pause) (young) 79M->4576K(128M), 0.0009492 secs]
76.907: [GC pause (G1 Evacuation Pause) (young) 79M->4569K(128M), 0.0009387 secs]
76.977: [GC pause (G1 Evacuation Pause) (young) 79M->4567K(128M), 0.0010040 secs]
77.046: [GC pause (G1 Evacuation Pause) (young) 79M->4577K(128M), 0.0009816 secs]
77.117: [GC pause (G1 Evacuation Pause) (young) 79M->4570K(128M), 0.0009290 secs]
77.186: [GC pause (G1 Evacuation Pause) (young) 79M->4572K(128M), 0.0011268 secs]
77.255: [GC pause (G1 Evacuation Pause) (young) 79M->4562K(128M), 0.0009418 secs]
77.332: [GC pause (G1 Evacuation Pause) (young) 79M->4547K(128M), 0.0009131 secs]
77.401: [GC pause (G1 Evacuation Pause) (young) 79M->4578K(128M), 0.0009362 secs]
77.471: [GC pause (G1 Evacuation Pause) (young) 79M->4580K(128M), 0.0010478 secs]
77.538: [GC pause (G1 Evacuation Pause) (young) 79M->4603K(128M), 0.0009309 secs]
77.608: [GC pause (G1 Evacuation Pause) (young) 79M->4577K(128M), 0.0009760 secs]
77.677: [GC pause (G1 Evacuation Pause) (young) 79M->4583K(128M), 0.0009147 secs]
77.746: [GC pause (G1 Evacuation Pause) (young) 79M->4580K(128M), 0.0009797 secs]
77.812: [GC pause (G1 Evacuation Pause) (young) 79M->4582K(128M), 0.0009607 secs]
77.884: [GC pause (G1 Evacuation Pause) (young) 79M->4564K(128M), 0.0009598 secs]
77.953: [GC pause (G1 Evacuation Pause) (young) 79M->4581K(128M), 0.0009660 secs]
78.024: [GC pause (G1 Evacuation Pause) (young) 79M->4588K(128M), 0.0011268 secs]
78.093: [GC pause (G1 Evacuation Pause) (young) 79M->4598K(128M), 0.0010982 secs]
78.163: [GC pause (G1 Evacuation Pause) (young) 79M->4589K(128M), 0.0012117 secs]
78.233: [GC pause (G1 Evacuation Pause) (young) 79M->4587K(128M), 0.0009051 secs]
78.306: [GC pause (G1 Evacuation Pause) (young) 79M->4579K(128M), 0.0010354 secs]
78.380: [GC pause (G1 Evacuation Pause) (young) 79M->4601K(128M), 0.0010232 secs]
78.452: [GC pause (G1 Evacuation Pause) (young) 79M->4580K(128M), 0.0009713 secs]
78.520: [GC pause (G1 Evacuation Pause) (young) 79M->4574K(128M), 0.0010288 secs]
78.592: [GC pause (G1 Evacuation Pause) (young) 79M->4604K(128M), 0.0011340 secs]
78.661: [GC pause (G1 Evacuation Pause) (young) 79M->4586K(128M), 0.0009380 secs]
78.730: [GC pause (G1 Evacuation Pause) (young) 79M->4599K(128M), 0.0010288 secs]
78.800: [GC pause (G1 Evacuation Pause) (young) 79M->4592K(128M), 0.0009411 secs]
78.870: [GC pause (G1 Evacuation Pause) (young) 79M->4585K(128M), 0.0010124 secs]
78.939: [GC pause (G1 Evacuation Pause) (young) 79M->4594K(128M), 0.0009166 secs]
79.008: [GC pause (G1 Evacuation Pause) (young) 79M->4606K(128M), 0.0010425 secs]
79.078: [GC pause (G1 Evacuation Pause) (young) 79M->4590K(128M), 0.0009887 secs]
79.146: [GC pause (G1 Evacuation Pause) (young) 79M->4592K(128M), 0.0010304 secs]
79.216: [GC pause (G1 Evacuation Pause) (young) 79M->4592K(128M), 0.0010674 secs]
79.288: [GC pause (G1 Evacuation Pause) (young) 79M->4595K(128M), 0.0011641 secs]
79.360: [GC pause (G1 Evacuation Pause) (young) 79M->4578K(128M), 0.0009567 secs]
79.430: [GC pause (G1 Evacuation Pause) (young) 79M->4587K(128M), 0.0009713 secs]
79.507: [GC pause (G1 Evacuation Pause) (young) 79M->4611K(128M), 0.0011760 secs]
79.582: [GC pause (G1 Evacuation Pause) (young) 79M->4609K(128M), 0.0009726 secs]
79.661: [GC pause (G1 Evacuation Pause) (young) 79M->4619K(128M), 0.0010077 secs]
79.733: [GC pause (G1 Evacuation Pause) (young) 79M->4585K(128M), 0.0009965 secs]
79.803: [GC pause (G1 Evacuation Pause) (young) 79M->4599K(128M), 0.0009452 secs]
79.870: [GC pause (G1 Evacuation Pause) (young) 79M->4604K(128M), 0.0010410 secs]
79.942: [GC pause (G1 Evacuation Pause) (young) 79M->4603K(128M), 0.0009925 secs]
80.007: [GC pause (G1 Evacuation Pause) (young) 79M->4626K(128M), 0.0009480 secs]
80.077: [GC pause (G1 Evacuation Pause) (young) 79M->4608K(128M), 0.0010484 secs]
80.146: [GC pause (G1 Evacuation Pause) (young) 79M->4603K(128M), 0.0009573 secs]
80.213: [GC pause (G1 Evacuation Pause) (young) 79M->4611K(128M), 0.0011445 secs]
80.284: [GC pause (G1 Evacuation Pause) (young) 79M->4612K(128M), 0.0012332 secs]
80.357: [GC pause (G1 Evacuation Pause) (young) 79M->4634K(128M), 0.0011526 secs]
80.428: [GC pause (G1 Evacuation Pause) (young) 79M->4613K(128M), 0.0009635 secs]
80.498: [GC pause (G1 Evacuation Pause) (young) 79M->4619K(128M), 0.0011175 secs]
80.567: [GC pause (G1 Evacuation Pause) (young) 79M->4613K(128M), 0.0011190 secs]
80.636: [GC pause (G1 Evacuation Pause) (young) 79M->4607K(128M), 0.0009741 secs]
80.705: [GC pause (G1 Evacuation Pause) (young) 79M->4608K(128M), 0.0010631 secs]
80.773: [GC pause (G1 Evacuation Pause) (young) 79M->4612K(128M), 0.0009934 secs]
80.848: [GC pause (G1 Evacuation Pause) (young) 79M->4621K(128M), 0.0009956 secs]
80.918: [GC pause (G1 Evacuation Pause) (young) 79M->4625K(128M), 0.0009359 secs]
80.986: [GC pause (G1 Evacuation Pause) (young) 79M->4613K(128M), 0.0009290 secs]
81.058: [GC pause (G1 Evacuation Pause) (young) 79M->4623K(128M), 0.0015498 secs]
81.133: [GC pause (G1 Evacuation Pause) (young) 79M->4628K(128M), 0.0010491 secs]
81.201: [GC pause (G1 Evacuation Pause) (young) 79M->4623K(128M), 0.0009766 secs]
81.270: [GC pause (G1 Evacuation Pause) (young) 79M->4623K(128M), 0.0009610 secs]
81.349: [GC pause (G1 Evacuation Pause) (young) 79M->4621K(128M), 0.0009495 secs]
81.422: [GC pause (G1 Evacuation Pause) (young) 79M->4625K(128M), 0.0009405 secs]
81.493: [GC pause (G1 Evacuation Pause) (young) 79M->4620K(128M), 0.0009741 secs]
81.564: [GC pause (G1 Evacuation Pause) (young) 79M->4640K(128M), 0.0010376 secs]
81.637: [GC pause (G1 Evacuation Pause) (young) 79M->4642K(128M), 0.0015025 secs]
81.708: [GC pause (G1 Evacuation Pause) (young) 79M->4642K(128M), 0.0009651 secs]
81.780: [GC pause (G1 Evacuation Pause) (young) 79M->4641K(128M), 0.0009601 secs]
81.849: [GC pause (G1 Evacuation Pause) (young) 79M->4627K(128M), 0.0009750 secs]
81.919: [GC pause (G1 Evacuation Pause) (young) 79M->4628K(128M), 0.0009399 secs]
81.988: [GC pause (G1 Evacuation Pause) (young) 79M->4640K(128M), 0.0009299 secs]
82.056: [GC pause (G1 Evacuation Pause) (young) 79M->4634K(128M), 0.0009424 secs]
82.126: [GC pause (G1 Evacuation Pause) (young) 79M->4642K(128M), 0.0010040 secs]
82.198: [GC pause (G1 Evacuation Pause) (young) 79M->4642K(128M), 0.0011271 secs]
82.268: [GC pause (G1 Evacuation Pause) (young) 79M->4635K(128M), 0.0010447 secs]
82.346: [GC pause (G1 Evacuation Pause) (young) 79M->4612K(128M), 0.0009813 secs]
82.418: [GC pause (G1 Evacuation Pause) (young) 79M->4631K(128M), 0.0009853 secs]
82.485: [GC pause (G1 Evacuation Pause) (young) 79M->4634K(128M), 0.0009747 secs]
82.553: [GC pause (G1 Evacuation Pause) (young) 79M->4633K(128M), 0.0009458 secs]
82.622: [GC pause (G1 Evacuation Pause) (young) 79M->4630K(128M), 0.0009614 secs]
82.692: [GC pause (G1 Evacuation Pause) (young) 79M->4645K(128M), 0.0011106 secs]
82.764: [GC pause (G1 Evacuation Pause) (young) 79M->4642K(128M), 0.0011094 secs]
82.835: [GC pause (G1 Evacuation Pause) (young) 79M->4636K(128M), 0.0009713 secs]
82.904: [GC pause (G1 Evacuation Pause) (young) 79M->4637K(128M), 0.0009032 secs]
82.973: [GC pause (G1 Evacuation Pause) (young) 79M->4647K(128M), 0.0009589 secs]
83.040: [GC pause (G1 Evacuation Pause) (young) 79M->4639K(128M), 0.0009698 secs]
83.112: [GC pause (G1 Evacuation Pause) (young) 79M->4622K(128M), 0.0009517 secs]
83.180: [GC pause (G1 Evacuation Pause) (young) 79M->4647K(128M), 0.0009778 secs]
83.251: [GC pause (G1 Evacuation Pause) (young) 79M->4637K(128M), 0.0009673 secs]
83.334: [GC pause (G1 Evacuation Pause) (young) 79M->4649K(128M), 0.0009912 secs]
83.402: [GC pause (G1 Evacuation Pause) (young) 79M->4644K(128M), 0.0009732 secs]
83.473: [GC pause (G1 Evacuation Pause) (young) 79M->4626K(128M), 0.0010295 secs]
83.540: [GC pause (G1 Evacuation Pause) (young) 79M->4666K(128M), 0.0009822 secs]
83.610: [GC pause (G1 Evacuation Pause) (young) 79M->4646K(128M), 0.0009281 secs]
83.679: [GC pause (G1 Evacuation Pause) (young) 79M->4634K(128M), 0.0010211 secs]
83.748: [GC pause (G1 Evacuation Pause) (young) 79M->4638K(128M), 0.0009505 secs]
83.818: [GC pause (G1 Evacuation Pause) (young) 79M->4651K(128M), 0.0010568 secs]
83.888: [GC pause (G1 Evacuation Pause) (young) 79M->4663K(128M), 0.0009713 secs]
83.955: [GC pause (G1 Evacuation Pause) (young) 79M->4654K(128M), 0.0012074 secs]
84.025: [GC pause (G1 Evacuation Pause) (young) 79M->4647K(128M), 0.0010528 secs]
84.094: [GC pause (G1 Evacuation Pause) (young) 79M->4648K(128M), 0.0009439 secs]
84.162: [GC pause (G1 Evacuation Pause) (young) 79M->4657K(128M), 0.0009570 secs]
84.231: [GC pause (G1 Evacuation Pause) (young) 79M->4666K(128M), 0.0010954 secs]
84.305: [GC pause (G1 Evacuation Pause) (young) 79M->4654K(128M), 0.0012606 secs]
84.378: [GC pause (G1 Evacuation Pause) (young) 79M->4674K(128M), 0.0010379 secs]
84.451: [GC pause (G1 Evacuation Pause) (young) 79M->4664K(128M), 0.0009461 secs]
84.524: [GC pause (G1 Evacuation Pause) (young) 79M->4647K(128M), 0.0009558 secs]
84.592: [GC pause (G1 Evacuation Pause) (young) 79M->4653K(128M), 0.0010093 secs]
84.664: [GC pause (G1 Evacuation Pause) (young) 79M->4674K(128M), 0.0009318 secs]
84.734: [GC pause (G1 Evacuation Pause) (young) 79M->4657K(128M), 0.0010267 secs]
84.804: [GC pause (G1 Evacuation Pause) (young) 79M->4651K(128M), 0.0009670 secs]
84.877: [GC pause (G1 Evacuation Pause) (young) 79M->4663K(128M), 0.0010083 secs]
84.946: [GC pause (G1 Evacuation Pause) (young) 79M->4665K(128M), 0.0011088 secs]
85.015: [GC pause (G1 Evacuation Pause) (young) 79M->4661K(128M), 0.0009763 secs]
85.085: [GC pause (G1 Evacuation Pause) (young) 79M->4653K(128M), 0.0010248 secs]
85.152: [GC pause (G1 Evacuation Pause) (young) 79M->4649K(128M), 0.0009878 secs]
85.225: [GC pause (G1 Evacuation Pause) (young) 79M->4672K(128M), 0.0015750 secs]
85.299: [GC pause (G1 Evacuation Pause) (young) 79M->4664K(128M), 0.0057712 secs]
85.430: [GC pause (G1 Evacuation Pause) (young) 79M->4661K(128M), 0.0009803 secs]
85.518: [GC pause (G1 Evacuation Pause) (young) 79M->4669K(128M), 0.0009554 secs]
85.589: [GC pause (G1 Evacuation Pause) (young) 79M->4667K(128M), 0.0011125 secs]
85.662: [GC pause (G1 Evacuation Pause) (young) 79M->4664K(128M), 0.0009757 secs]
85.731: [GC pause (G1 Evacuation Pause) (young) 79M->4668K(128M), 0.0009371 secs]
85.799: [GC pause (G1 Evacuation Pause) (young) 79M->4665K(128M), 0.0096891 secs]
85.882: [GC pause (G1 Evacuation Pause) (young) 79M->4671K(128M), 0.0009355 secs]
85.954: [GC pause (G1 Evacuation Pause) (young) 79M->4666K(128M), 0.0009228 secs]
86.024: [GC pause (G1 Evacuation Pause) (young) 79M->4681K(128M), 0.0009837 secs]
86.099: [GC pause (G1 Evacuation Pause) (young) 79M->4670K(128M), 0.0009816 secs]
86.168: [GC pause (G1 Evacuation Pause) (young) 79M->4663K(128M), 0.0009806 secs]
86.242: [GC pause (G1 Evacuation Pause) (young) 79M->4656K(128M), 0.0010469 secs]
86.318: [GC pause (G1 Evacuation Pause) (young) 79M->4656K(128M), 0.0011878 secs]
86.387: [GC pause (G1 Evacuation Pause) (young) 79M->4681K(128M), 0.0044958 secs]
86.465: [GC pause (G1 Evacuation Pause) (young) 79M->4680K(128M), 0.0009278 secs]
86.534: [GC pause (G1 Evacuation Pause) (young) 79M->4680K(128M), 0.0009719 secs]
86.606: [GC pause (G1 Evacuation Pause) (young) 79M->4690K(128M), 0.0009968 secs]
86.675: [GC pause (G1 Evacuation Pause) (young) 79M->4688K(128M), 0.0010593 secs]
86.746: [GC pause (G1 Evacuation Pause) (young) 79M->4684K(128M), 0.0009645 secs]
86.815: [GC pause (G1 Evacuation Pause) (young) 79M->4680K(128M), 0.0009632 secs]
86.884: [GC pause (G1 Evacuation Pause) (young) 79M->4678K(128M), 0.0009953 secs]
86.954: [GC pause (G1 Evacuation Pause) (young) 79M->4690K(128M), 0.0010674 secs]
87.024: [GC pause (G1 Evacuation Pause) (young) 79M->4691K(128M), 0.0009486 secs]
87.097: [GC pause (G1 Evacuation Pause) (young) 79M->4684K(128M), 0.0010839 secs]
87.171: [GC pause (G1 Evacuation Pause) (young) 79M->4695K(128M), 0.0009558 secs]
87.242: [GC pause (G1 Evacuation Pause) (young) 79M->4690K(128M), 0.0010606 secs]
87.314: [GC pause (G1 Evacuation Pause) (young) 79M->4668K(128M), 0.0139180 secs]
87.403: [GC pause (G1 Evacuation Pause) (young) 79M->4673K(128M), 0.0009822 secs]
87.479: [GC pause (G1 Evacuation Pause) (young) 79M->4702K(128M), 0.0009486 secs]
87.551: [GC pause (G1 Evacuation Pause) (young) 79M->4696K(128M), 0.0009872 secs]
87.623: [GC pause (G1 Evacuation Pause) (young) 79M->4698K(128M), 0.0010659 secs]
87.695: [GC pause (G1 Evacuation Pause) (young) 79M->4702K(128M), 0.0009698 secs]
87.763: [GC pause (G1 Evacuation Pause) (young) 79M->4695K(128M), 0.0009614 secs]
87.834: [GC pause (G1 Evacuation Pause) (young) 79M->4707K(128M), 0.0009579 secs]
87.905: [GC pause (G1 Evacuation Pause) (young) 79M->4696K(128M), 0.0009909 secs]
87.977: [GC pause (G1 Evacuation Pause) (young) 79M->4700K(128M), 0.0009785 secs]
88.047: [GC pause (G1 Evacuation Pause) (young) 79M->4696K(128M), 0.0009726 secs]
88.119: [GC pause (G1 Evacuation Pause) (young) 79M->4688K(128M), 0.0010021 secs]
88.188: [GC pause (G1 Evacuation Pause) (young) 79M->4695K(128M), 0.0009887 secs]
88.257: [GC pause (G1 Evacuation Pause) (young) 79M->4699K(128M), 0.0009934 secs]
88.333: [GC pause (G1 Evacuation Pause) (young) 79M->4695K(128M), 0.0010251 secs]
88.402: [GC pause (G1 Evacuation Pause) (young) 79M->4696K(128M), 0.0009530 secs]
88.472: [GC pause (G1 Evacuation Pause) (young) 79M->4727K(128M), 0.0010522 secs]
88.545: [GC pause (G1 Evacuation Pause) (young) 79M->4726K(128M), 0.0010447 secs]
88.620: [GC pause (G1 Evacuation Pause) (young) 79M->4715K(128M), 0.0010655 secs]
88.696: [GC pause (G1 Evacuation Pause) (young) 79M->4711K(128M), 0.0009368 secs]
88.764: [GC pause (G1 Evacuation Pause) (young) 79M->4724K(128M), 0.0011047 secs]
88.835: [GC pause (G1 Evacuation Pause) (young) 79M->4717K(128M), 0.0011377 secs]
88.908: [GC pause (G1 Evacuation Pause) (young) 79M->4715K(128M), 0.0009489 secs]
88.974: [GC pause (G1 Evacuation Pause) (young) 79M->4709K(128M), 0.0009943 secs]
89.045: [GC pause (G1 Evacuation Pause) (young) 79M->4694K(128M), 0.0009128 secs]
89.114: [GC pause (G1 Evacuation Pause) (young) 79M->4698K(128M), 0.0009327 secs]
89.184: [GC pause (G1 Evacuation Pause) (young) 79M->4717K(128M), 0.0009343 secs]
89.255: [GC pause (G1 Evacuation Pause) (young) 79M->4697K(128M), 0.0009492 secs]
89.330: [GC pause (G1 Evacuation Pause) (young) 79M->4914K(128M), 0.0010217 secs]
89.400: [GC pause (G1 Evacuation Pause) (young) 79M->4823K(128M), 0.0009380 secs]
89.471: [GC pause (G1 Evacuation Pause) (young) 79M->4709K(128M), 0.0009166 secs]
89.544: [GC pause (G1 Evacuation Pause) (young) 79M->4720K(128M), 0.0010618 secs]
89.614: [GC pause (G1 Evacuation Pause) (young) 79M->4728K(128M), 0.0010040 secs]
89.686: [GC pause (G1 Evacuation Pause) (young) 79M->4717K(128M), 0.0009698 secs]
89.758: [GC pause (G1 Evacuation Pause) (young) 79M->4713K(128M), 0.0009383 secs]
89.826: [GC pause (G1 Evacuation Pause) (young) 79M->4739K(128M), 0.0010982 secs]
89.896: [GC pause (G1 Evacuation Pause) (young) 79M->4701K(128M), 0.0009449 secs]
89.967: [GC pause (G1 Evacuation Pause) (young) 79M->4712K(128M), 0.0010002 secs]
90.039: [GC pause (G1 Evacuation Pause) (young) 79M->4712K(128M), 0.0011489 secs]
90.108: [GC pause (G1 Evacuation Pause) (young) 79M->4718K(128M), 0.0010242 secs]
90.178: [GC pause (G1 Evacuation Pause) (young) 79M->4720K(128M), 0.0009769 secs]
90.254: [GC pause (G1 Evacuation Pause) (young) 79M->4718K(128M), 0.0009066 secs]
90.331: [GC pause (G1 Evacuation Pause) (young) 79M->4739K(128M), 0.0011735 secs]
90.406: [GC pause (G1 Evacuation Pause) (young) 79M->4737K(128M), 0.0011663 secs]
90.479: [GC pause (G1 Evacuation Pause) (young) 79M->4715K(128M), 0.0011859 secs]
90.547: [GC pause (G1 Evacuation Pause) (young) 79M->4746K(128M), 0.0009977 secs]
90.618: [GC pause (G1 Evacuation Pause) (young) 79M->4717K(128M), 0.0010068 secs]
90.690: [GC pause (G1 Evacuation Pause) (young) 79M->4731K(128M), 0.0009875 secs]
90.760: [GC pause (G1 Evacuation Pause) (young) 79M->4729K(128M), 0.0009237 secs]
90.835: [GC pause (G1 Evacuation Pause) (young) 79M->4709K(128M), 0.0009638 secs]
90.908: [GC pause (G1 Evacuation Pause) (young) 79M->4702K(128M), 0.0009754 secs]
90.977: [GC pause (G1 Evacuation Pause) (young) 79M->4728K(128M), 0.0010624 secs]
91.045: [GC pause (G1 Evacuation Pause) (young) 79M->4721K(128M), 0.0009474 secs]
91.118: [GC pause (G1 Evacuation Pause) (young) 79M->4725K(128M), 0.0009772 secs]
91.188: [GC pause (G1 Evacuation Pause) (young) 79M->4728K(128M), 0.0011977 secs]
91.258: [GC pause (G1 Evacuation Pause) (young) 79M->4697K(128M), 0.0012207 secs]
91.337: [GC pause (G1 Evacuation Pause) (young) 79M->4895K(128M), 0.0010799 secs]
91.410: [GC pause (G1 Evacuation Pause) (young) 79M->4832K(128M), 0.0010117 secs]
91.479: [GC pause (G1 Evacuation Pause) (young) 79M->4746K(128M), 0.0009598 secs]
91.548: [GC pause (G1 Evacuation Pause) (young) 79M->4719K(128M), 0.0009063 secs]
91.620: [GC pause (G1 Evacuation Pause) (young) 79M->4740K(128M), 0.0011150 secs]
91.689: [GC pause (G1 Evacuation Pause) (young) 79M->4738K(128M), 0.0009984 secs]
91.760: [GC pause (G1 Evacuation Pause) (young) 79M->4746K(128M), 0.0011430 secs]
91.831: [GC pause (G1 Evacuation Pause) (young) 79M->4735K(128M), 0.0009645 secs]
91.904: [GC pause (G1 Evacuation Pause) (young) 79M->4742K(128M), 0.0010718 secs]
91.978: [GC pause (G1 Evacuation Pause) (young) 79M->4747K(128M), 0.0010883 secs]
92.051: [GC pause (G1 Evacuation Pause) (young) 79M->4738K(128M), 0.0010180 secs]
92.123: [GC pause (G1 Evacuation Pause) (young) 79M->4749K(128M), 0.0009442 secs]
92.196: [GC pause (G1 Evacuation Pause) (young) 79M->4749K(128M), 0.0009324 secs]
92.268: [GC pause (G1 Evacuation Pause) (young) 79M->4729K(128M), 0.0009841 secs]
92.344: [GC pause (G1 Evacuation Pause) (young) 79M->4733K(128M), 0.0010898 secs]
92.414: [GC pause (G1 Evacuation Pause) (young) 79M->4759K(128M), 0.0009925 secs]
92.485: [GC pause (G1 Evacuation Pause) (young) 79M->4749K(128M), 0.0010528 secs]
92.555: [GC pause (G1 Evacuation Pause) (young) 79M->4768K(128M), 0.0012167 secs]
92.628: [GC pause (G1 Evacuation Pause) (young) 79M->4724K(128M), 0.0009284 secs]
92.697: [GC pause (G1 Evacuation Pause) (young) 79M->4737K(128M), 0.0009791 secs]
92.769: [GC pause (G1 Evacuation Pause) (young) 79M->4736K(128M), 0.0009610 secs]
92.842: [GC pause (G1 Evacuation Pause) (young) 79M->4749K(128M), 0.0012469 secs]
92.921: [GC pause (G1 Evacuation Pause) (young) 79M->4737K(128M), 0.0010432 secs]
92.996: [GC pause (G1 Evacuation Pause) (young) 79M->4759K(128M), 0.0009806 secs]
93.065: [GC pause (G1 Evacuation Pause) (young) 79M->4782K(128M), 0.0009642 secs]
93.138: [GC pause (G1 Evacuation Pause) (young) 79M->4739K(128M), 0.0010537 secs]
93.208: [GC pause (G1 Evacuation Pause) (young) 79M->4753K(128M), 0.0009303 secs]
93.275: [GC pause (G1 Evacuation Pause) (young) 79M->4753K(128M), 0.0010830 secs]
93.352: [GC pause (G1 Evacuation Pause) (young) 79M->4761K(128M), 0.0010099 secs]
93.427: [GC pause (G1 Evacuation Pause) (young) 79M->4754K(128M), 0.0010404 secs]
93.497: [GC pause (G1 Evacuation Pause) (young) 79M->4776K(128M), 0.0009617 secs]
93.568: [GC pause (G1 Evacuation Pause) (young) 79M->4766K(128M), 0.0010646 secs]
93.642: [GC pause (G1 Evacuation Pause) (young) 79M->4751K(128M), 0.0012257 secs]
93.712: [GC pause (G1 Evacuation Pause) (young) 79M->4760K(128M), 0.0009648 secs]
93.783: [GC pause (G1 Evacuation Pause) (young) 79M->4749K(128M), 0.0010208 secs]
93.852: [GC pause (G1 Evacuation Pause) (young) 79M->4756K(128M), 0.0010121 secs]
93.924: [GC pause (G1 Evacuation Pause) (young) 79M->4758K(128M), 0.0010693 secs]
94.001: [GC pause (G1 Evacuation Pause) (young) 79M->4740K(128M), 0.0009455 secs]
94.070: [GC pause (G1 Evacuation Pause) (young) 79M->4755K(128M), 0.0009467 secs]
94.140: [GC pause (G1 Evacuation Pause) (young) 79M->4744K(128M), 0.0015013 secs]
94.211: [GC pause (G1 Evacuation Pause) (young) 79M->4762K(128M), 0.0013066 secs]
94.288: [GC pause (G1 Evacuation Pause) (young) 79M->4738K(128M), 0.0066035 secs]
94.370: [GC pause (G1 Evacuation Pause) (young) 79M->4769K(128M), 0.0010077 secs]
94.439: [GC pause (G1 Evacuation Pause) (young) 79M->4782K(128M), 0.0010425 secs]
94.510: [GC pause (G1 Evacuation Pause) (young) 79M->4764K(128M), 0.0009446 secs]
94.579: [GC pause (G1 Evacuation Pause) (young) 79M->4767K(128M), 0.0009433 secs]
94.652: [GC pause (G1 Evacuation Pause) (young) 79M->4777K(128M), 0.0009847 secs]
94.722: [GC pause (G1 Evacuation Pause) (young) 79M->4795K(128M), 0.0009797 secs]
94.791: [GC pause (G1 Evacuation Pause) (young) 79M->4763K(128M), 0.0011660 secs]
94.861: [GC pause (G1 Evacuation Pause) (young) 79M->4770K(128M), 0.0009890 secs]
94.931: [GC pause (G1 Evacuation Pause) (young) 79M->4768K(128M), 0.0009464 secs]
95.000: [GC pause (G1 Evacuation Pause) (young) 79M->4773K(128M), 0.0009828 secs]
95.071: [GC pause (G1 Evacuation Pause) (young) 79M->4777K(128M), 0.0009380 secs]
95.139: [GC pause (G1 Evacuation Pause) (young) 79M->4770K(128M), 0.0009393 secs]
95.207: [GC pause (G1 Evacuation Pause) (young) 79M->4760K(128M), 0.0009287 secs]
95.277: [GC pause (G1 Evacuation Pause) (young) 79M->4775K(128M), 0.0010058 secs]
95.354: [GC pause (G1 Evacuation Pause) (young) 79M->4770K(128M), 0.0010102 secs]
95.421: [GC pause (G1 Evacuation Pause) (young) 79M->4782K(128M), 0.0009554 secs]
95.491: [GC pause (G1 Evacuation Pause) (young) 79M->4779K(128M), 0.0009750 secs]
95.560: [GC pause (G1 Evacuation Pause) (young) 79M->4785K(128M), 0.0009778 secs]
95.631: [GC pause (G1 Evacuation Pause) (young) 79M->4790K(128M), 0.0009464 secs]
95.702: [GC pause (G1 Evacuation Pause) (young) 79M->4799K(128M), 0.0010624 secs]
95.773: [GC pause (G1 Evacuation Pause) (young) 79M->4794K(128M), 0.0009467 secs]
95.843: [GC pause (G1 Evacuation Pause) (young) 79M->4786K(128M), 0.0009959 secs]
95.914: [GC pause (G1 Evacuation Pause) (young) 79M->4799K(128M), 0.0011573 secs]
95.986: [GC pause (G1 Evacuation Pause) (young) 79M->4784K(128M), 0.0011458 secs]
96.059: [GC pause (G1 Evacuation Pause) (young) 79M->4784K(128M), 0.0014154 secs]
96.129: [GC pause (G1 Evacuation Pause) (young) 79M->4791K(128M), 0.0009794 secs]
96.200: [GC pause (G1 Evacuation Pause) (young) 79M->4792K(128M), 0.0009237 secs]
96.271: [GC pause (G1 Evacuation Pause) (young) 79M->4796K(128M), 0.0061208 secs]
96.353: [GC pause (G1 Evacuation Pause) (young) 79M->4785K(128M), 0.0009464 secs]
96.428: [GC pause (G1 Evacuation Pause) (young) 79M->4811K(128M), 0.0010251 secs]
96.497: [GC pause (G1 Evacuation Pause) (young) 79M->4791K(128M), 0.0009505 secs]
96.568: [GC pause (G1 Evacuation Pause) (young) 79M->4778K(128M), 0.0009498 secs]
96.637: [GC pause (G1 Evacuation Pause) (young) 79M->4804K(128M), 0.0009884 secs]
96.705: [GC pause (G1 Evacuation Pause) (young) 79M->4813K(128M), 0.0010907 secs]
96.777: [GC pause (G1 Evacuation Pause) (young) 79M->4795K(128M), 0.0009533 secs]
96.848: [GC pause (G1 Evacuation Pause) (young) 79M->4810K(128M), 0.0010400 secs]
96.919: [GC pause (G1 Evacuation Pause) (young) 79M->4788K(128M), 0.0009427 secs]
96.993: [GC pause (G1 Evacuation Pause) (young) 79M->4817K(128M), 0.0011576 secs]
97.061: [GC pause (G1 Evacuation Pause) (young) 79M->4797K(128M), 0.0012487 secs]
97.130: [GC pause (G1 Evacuation Pause) (young) 79M->4791K(128M), 0.0009144 secs]
97.200: [GC pause (G1 Evacuation Pause) (young) 79M->4798K(128M), 0.0010441 secs]
97.271: [GC pause (G1 Evacuation Pause) (young) 79M->4791K(128M), 0.0009299 secs]
97.347: [GC pause (G1 Evacuation Pause) (young) 79M->4807K(128M), 0.0009564 secs]
97.414: [GC pause (G1 Evacuation Pause) (young) 79M->4823K(128M), 0.0009912 secs]
97.483: [GC pause (G1 Evacuation Pause) (young) 79M->4817K(128M), 0.0009405 secs]
97.554: [GC pause (G1 Evacuation Pause) (young) 79M->4809K(128M), 0.0009607 secs]
97.623: [GC pause (G1 Evacuation Pause) (young) 79M->4810K(128M), 0.0009959 secs]
97.692: [GC pause (G1 Evacuation Pause) (young) 79M->4820K(128M), 0.0010500 secs]
97.762: [GC pause (G1 Evacuation Pause) (young) 79M->4834K(128M), 0.0013694 secs]
97.833: [GC pause (G1 Evacuation Pause) (young) 79M->4803K(128M), 0.0009424 secs]
97.903: [GC pause (G1 Evacuation Pause) (young) 79M->4818K(128M), 0.0009651 secs]
97.974: [GC pause (G1 Evacuation Pause) (young) 79M->4815K(128M), 0.0012176 secs]
98.045: [GC pause (G1 Evacuation Pause) (young) 79M->4804K(128M), 0.0009299 secs]
98.112: [GC pause (G1 Evacuation Pause) (young) 79M->4806K(128M), 0.0009598 secs]
98.181: [GC pause (G1 Evacuation Pause) (young) 79M->4811K(128M), 0.0009620 secs]
98.252: [GC pause (G1 Evacuation Pause) (young) 79M->4805K(128M), 0.0009775 secs]
98.327: [GC pause (G1 Evacuation Pause) (young) 79M->4827K(128M), 0.0011383 secs]
98.401: [GC pause (G1 Evacuation Pause) (young) 79M->4825K(128M), 0.0009343 secs]
98.473: [GC pause (G1 Evacuation Pause) (young) 79M->4810K(128M), 0.0009306 secs]
98.540: [GC pause (G1 Evacuation Pause) (young) 79M->4828K(128M), 0.0009219 secs]
98.612: [GC pause (G1 Evacuation Pause) (young) 79M->4818K(128M), 0.0010142 secs]
98.685: [GC pause (G1 Evacuation Pause) (young) 79M->4827K(128M), 0.0011638 secs]
98.758: [GC pause (G1 Evacuation Pause) (young) 79M->4807K(128M), 0.0009387 secs]
98.827: [GC pause (G1 Evacuation Pause) (young) 79M->4838K(128M), 0.0012640 secs]
98.901: [GC pause (G1 Evacuation Pause) (young) 79M->4841K(128M), 0.0010711 secs]
98.972: [GC pause (G1 Evacuation Pause) (young) 79M->4823K(128M), 0.0010500 secs]
99.039: [GC pause (G1 Evacuation Pause) (young) 79M->4830K(128M), 0.0009701 secs]
99.111: [GC pause (G1 Evacuation Pause) (young) 79M->4833K(128M), 0.0009449 secs]
99.180: [GC pause (G1 Evacuation Pause) (young) 79M->4825K(128M), 0.0009940 secs]
99.252: [GC pause (G1 Evacuation Pause) (young) 79M->4835K(128M), 0.0009875 secs]
99.329: [GC pause (G1 Evacuation Pause) (young) 79M->4842K(128M), 0.0011203 secs]
99.403: [GC pause (G1 Evacuation Pause) (young) 79M->4833K(128M), 0.0011977 secs]
99.472: [GC pause (G1 Evacuation Pause) (young) 79M->4852K(128M), 0.0009738 secs]
99.545: [GC pause (G1 Evacuation Pause) (young) 79M->4849K(128M), 0.0009567 secs]
99.619: [GC pause (G1 Evacuation Pause) (young) 79M->4859K(128M), 0.0009803 secs]
99.690: [GC pause (G1 Evacuation Pause) (young) 79M->4858K(128M), 0.0010823 secs]
99.766: [GC pause (G1 Evacuation Pause) (young) 79M->4836K(128M), 0.0010093 secs]
99.837: [GC pause (G1 Evacuation Pause) (young) 79M->4836K(128M), 0.0010606 secs]
99.909: [GC pause (G1 Evacuation Pause) (young) 79M->4836K(128M), 0.0009393 secs]
99.978: [GC pause (G1 Evacuation Pause) (young) 79M->4841K(128M), 0.0014192 secs]
100.051: [GC pause (G1 Evacuation Pause) (young) 79M->4843K(128M), 0.0009421 secs]
100.121: [GC pause (G1 Evacuation Pause) (young) 79M->4847K(128M), 0.0009620 secs]
100.191: [GC pause (G1 Evacuation Pause) (young) 79M->4845K(128M), 0.0010043 secs]
100.260: [GC pause (G1 Evacuation Pause) (young) 79M->4839K(128M), 0.0010121 secs]
100.335: [GC pause (G1 Evacuation Pause) (young) 79M->4863K(128M), 0.0010590 secs]
100.402: [GC pause (G1 Evacuation Pause) (young) 79M->4859K(128M), 0.0011840 secs]
100.470: [GC pause (G1 Evacuation Pause) (young) 79M->4861K(128M), 0.0011343 secs]
100.541: [GC pause (G1 Evacuation Pause) (young) 79M->4853K(128M), 0.0009523 secs]
100.609: [GC pause (G1 Evacuation Pause) (young) 79M->4871K(128M), 0.0010973 secs]
100.680: [GC pause (G1 Evacuation Pause) (young) 79M->4865K(128M), 0.0009785 secs]
100.752: [GC pause (G1 Evacuation Pause) (young) 79M->4857K(128M), 0.0009607 secs]
100.820: [GC pause (G1 Evacuation Pause) (young) 79M->4872K(128M), 0.0010907 secs]
100.891: [GC pause (G1 Evacuation Pause) (young) 79M->4853K(128M), 0.0009837 secs]
100.961: [GC pause (G1 Evacuation Pause) (young) 79M->4858K(128M), 0.0009772 secs]
101.030: [GC pause (G1 Evacuation Pause) (young) 79M->4880K(128M), 0.0029615 secs]
101.101: [GC pause (G1 Evacuation Pause) (young) 79M->4872K(128M), 0.0009834 secs]
101.168: [GC pause (G1 Evacuation Pause) (young) 79M->4859K(128M), 0.0010236 secs]
101.235: [GC pause (G1 Evacuation Pause) (young) 79M->4842K(128M), 0.0009968 secs]
101.307: [GC pause (G1 Evacuation Pause) (young) 79M->4876K(128M), 0.0010211 secs]
101.380: [GC pause (G1 Evacuation Pause) (young) 79M->4864K(128M), 0.0009732 secs]
101.449: [GC pause (G1 Evacuation Pause) (young) 79M->4867K(128M), 0.0010612 secs]
101.519: [GC pause (G1 Evacuation Pause) (young) 79M->4877K(128M), 0.0010046 secs]
101.588: [GC pause (G1 Evacuation Pause) (young) 79M->4870K(128M), 0.0010027 secs]
101.658: [GC pause (G1 Evacuation Pause) (young) 79M->4875K(128M), 0.0009368 secs]
101.728: [GC pause (G1 Evacuation Pause) (young) 79M->4879K(128M), 0.0009352 secs]
101.796: [GC pause (G1 Evacuation Pause) (young) 79M->4875K(128M), 0.0009831 secs]
101.869: [GC pause (G1 Evacuation Pause) (young) 79M->4875K(128M), 0.0009579 secs]
101.935: [GC pause (G1 Evacuation Pause) (young) 79M->4847K(128M), 0.0009542 secs]
102.003: [GC pause (G1 Evacuation Pause) (young) 79M->4871K(128M), 0.0009408 secs]
102.074: [GC pause (G1 Evacuation Pause) (young) 79M->4872K(128M), 0.0009673 secs]
102.144: [GC pause (G1 Evacuation Pause) (young) 79M->4873K(128M), 0.0009620 secs]
102.211: [GC pause (G1 Evacuation Pause) (young) 79M->4877K(128M), 0.0010018 secs]
102.283: [GC pause (G1 Evacuation Pause) (young) 79M->4863K(128M), 0.0010929 secs]
102.361: [GC pause (G1 Evacuation Pause) (young) 79M->4854K(128M), 0.0010170 secs]
102.431: [GC pause (G1 Evacuation Pause) (young) 79M->4879K(128M), 0.0009816 secs]
102.501: [GC pause (G1 Evacuation Pause) (young) 79M->4876K(128M), 0.0009576 secs]
102.569: [GC pause (G1 Evacuation Pause) (young) 79M->4892K(128M), 0.0010901 secs]
102.638: [GC pause (G1 Evacuation Pause) (young) 79M->4876K(128M), 0.0010360 secs]
102.706: [GC pause (G1 Evacuation Pause) (young) 79M->4888K(128M), 0.0009831 secs]
102.778: [GC pause (G1 Evacuation Pause) (young) 79M->4887K(128M), 0.0010606 secs]
102.851: [GC pause (G1 Evacuation Pause) (young) 79M->4881K(128M), 0.0009915 secs]
102.916: [GC pause (G1 Evacuation Pause) (young) 79M->4868K(128M), 0.0009424 secs]
102.986: [GC pause (G1 Evacuation Pause) (young) 79M->4862K(128M), 0.0009893 secs]
103.055: [GC pause (G1 Evacuation Pause) (young) 79M->4881K(128M), 0.0009542 secs]
103.123: [GC pause (G1 Evacuation Pause) (young) 79M->4869K(128M), 0.0009287 secs]
103.191: [GC pause (G1 Evacuation Pause) (young) 79M->4879K(128M), 0.0009489 secs]
103.261: [GC pause (G1 Evacuation Pause) (young) 79M->4861K(128M), 0.0009243 secs]
103.339: [GC pause (G1 Evacuation Pause) (young) 79M->4892K(128M), 0.0010285 secs]
103.418: [GC pause (G1 Evacuation Pause) (young) 79M->4891K(128M), 0.0009744 secs]
103.487: [GC pause (G1 Evacuation Pause) (young) 79M->4900K(128M), 0.0009383 secs]
103.554: [GC pause (G1 Evacuation Pause) (young) 79M->4882K(128M), 0.0009542 secs]
103.625: [GC pause (G1 Evacuation Pause) (young) 79M->4886K(128M), 0.0010855 secs]
103.695: [GC pause (G1 Evacuation Pause) (young) 79M->4884K(128M), 0.0009679 secs]
103.765: [GC pause (G1 Evacuation Pause) (young) 79M->4895K(128M), 0.0009750 secs]
103.835: [GC pause (G1 Evacuation Pause) (young) 79M->4889K(128M), 0.0011470 secs]
103.905: [GC pause (G1 Evacuation Pause) (young) 79M->4905K(128M), 0.0009648 secs]
103.975: [GC pause (G1 Evacuation Pause) (young) 79M->4897K(128M), 0.0009841 secs]
104.041: [GC pause (G1 Evacuation Pause) (young) 79M->4893K(128M), 0.0009166 secs]
104.117: [GC pause (G1 Evacuation Pause) (young) 79M->4895K(128M), 0.0009853 secs]
104.187: [GC pause (G1 Evacuation Pause) (young) 79M->4895K(128M), 0.0010662 secs]
104.259: [GC pause (G1 Evacuation Pause) (young) 79M->4903K(128M), 0.0009567 secs]
104.342: [GC pause (G1 Evacuation Pause) (young) 79M->4900K(128M), 0.0012282 secs]
104.410: [GC pause (G1 Evacuation Pause) (young) 79M->4896K(128M), 0.0009729 secs]
104.481: [GC pause (G1 Evacuation Pause) (young) 79M->4914K(128M), 0.0009747 secs]
104.552: [GC pause (G1 Evacuation Pause) (young) 79M->4915K(128M), 0.0009536 secs]
104.621: [GC pause (G1 Evacuation Pause) (young) 79M->4898K(128M), 0.0009212 secs]
104.691: [GC pause (G1 Evacuation Pause) (young) 79M->4915K(128M), 0.0009359 secs]
104.764: [GC pause (G1 Evacuation Pause) (young) 79M->4915K(128M), 0.0010304 secs]
104.833: [GC pause (G1 Evacuation Pause) (young) 79M->4909K(128M), 0.0010478 secs]
104.905: [GC pause (G1 Evacuation Pause) (young) 79M->4907K(128M), 0.0010133 secs]
104.978: [GC pause (G1 Evacuation Pause) (young) 79M->4916K(128M), 0.0011760 secs]
105.045: [GC pause (G1 Evacuation Pause) (young) 79M->4919K(128M), 0.0009131 secs]
105.115: [GC pause (G1 Evacuation Pause) (young) 79M->4907K(128M), 0.0010002 secs]
105.187: [GC pause (G1 Evacuation Pause) (young) 79M->4896K(128M), 0.0009800 secs]
105.257: [GC pause (G1 Evacuation Pause) (young) 79M->4914K(128M), 0.0010164 secs]
105.329: [GC pause (G1 Evacuation Pause) (young) 79M->4903K(128M), 0.0009676 secs]
105.403: [GC pause (G1 Evacuation Pause) (young) 79M->4919K(128M), 0.0010422 secs]
105.473: [GC pause (G1 Evacuation Pause) (young) 79M->4918K(128M), 0.0009937 secs]
105.542: [GC pause (G1 Evacuation Pause) (young) 79M->4934K(128M), 0.0010550 secs]
105.612: [GC pause (G1 Evacuation Pause) (young) 79M->4919K(128M), 0.0011240 secs]
105.683: [GC pause (G1 Evacuation Pause) (young) 79M->4921K(128M), 0.0009520 secs]
105.754: [GC pause (G1 Evacuation Pause) (young) 79M->4927K(128M), 0.0009837 secs]
105.822: [GC pause (G1 Evacuation Pause) (young) 79M->4930K(128M), 0.0011225 secs]
105.892: [GC pause (G1 Evacuation Pause) (young) 79M->4913K(128M), 0.0009548 secs]
105.963: [GC pause (G1 Evacuation Pause) (young) 79M->4937K(128M), 0.0009928 secs]
106.028: [GC pause (G1 Evacuation Pause) (young) 79M->4910K(128M), 0.0009726 secs]
106.100: [GC pause (G1 Evacuation Pause) (young) 79M->4910K(128M), 0.0009054 secs]
106.168: [GC pause (G1 Evacuation Pause) (young) 79M->4907K(128M), 0.0010248 secs]
106.234: [GC pause (G1 Evacuation Pause) (young) 79M->4911K(128M), 0.0010099 secs]
106.305: [GC pause (G1 Evacuation Pause) (young) 79M->4905K(128M), 0.0010198 secs]
106.379: [GC pause (G1 Evacuation Pause) (young) 79M->4911K(128M), 0.0010708 secs]
106.450: [GC pause (G1 Evacuation Pause) (young) 79M->4925K(128M), 0.0009691 secs]
106.521: [GC pause (G1 Evacuation Pause) (young) 79M->4942K(128M), 0.0009688 secs]
106.594: [GC pause (G1 Evacuation Pause) (young) 79M->4920K(128M), 0.0010167 secs]
106.665: [GC pause (G1 Evacuation Pause) (young) 79M->4943K(128M), 0.0009626 secs]
106.736: [GC pause (G1 Evacuation Pause) (young) 79M->4923K(128M), 0.0009247 secs]
106.805: [GC pause (G1 Evacuation Pause) (young) 79M->4942K(128M), 0.0009797 secs]
106.873: [GC pause (G1 Evacuation Pause) (young) 79M->4932K(128M), 0.0011875 secs]
106.946: [GC pause (G1 Evacuation Pause) (young) 79M->4934K(128M), 0.0009900 secs]
107.015: [GC pause (G1 Evacuation Pause) (young) 79M->4916K(128M), 0.0009685 secs]
107.086: [GC pause (G1 Evacuation Pause) (young) 79M->4938K(128M), 0.0009754 secs]
107.153: [GC pause (G1 Evacuation Pause) (young) 79M->4953K(128M), 0.0010382 secs]
107.223: [GC pause (G1 Evacuation Pause) (young) 79M->4934K(128M), 0.0009906 secs]
107.294: [GC pause (G1 Evacuation Pause) (young) 79M->4928K(128M), 0.0011281 secs]
107.366: [GC pause (G1 Evacuation Pause) (young) 79M->4932K(128M), 0.0011097 secs]
107.435: [GC pause (G1 Evacuation Pause) (young) 79M->4945K(128M), 0.0013156 secs]
107.502: [GC pause (G1 Evacuation Pause) (young) 79M->4920K(128M), 0.0009309 secs]
107.572: [GC pause (G1 Evacuation Pause) (young) 79M->4941K(128M), 0.0009514 secs]
107.643: [GC pause (G1 Evacuation Pause) (young) 79M->4942K(128M), 0.0009760 secs]
107.715: [GC pause (G1 Evacuation Pause) (young) 79M->4935K(128M), 0.0009362 secs]
107.784: [GC pause (G1 Evacuation Pause) (young) 79M->4940K(128M), 0.0010836 secs]
107.854: [GC pause (G1 Evacuation Pause) (young) 79M->4927K(128M), 0.0009542 secs]
107.924: [GC pause (G1 Evacuation Pause) (young) 79M->4935K(128M), 0.0009203 secs]
107.992: [GC pause (G1 Evacuation Pause) (young) 79M->4937K(128M), 0.0010254 secs]
108.062: [GC pause (G1 Evacuation Pause) (young) 79M->4920K(128M), 0.0009349 secs]
108.132: [GC pause (G1 Evacuation Pause) (young) 79M->4954K(128M), 0.0010015 secs]
108.203: [GC pause (G1 Evacuation Pause) (young) 79M->4924K(128M), 0.0009337 secs]
108.271: [GC pause (G1 Evacuation Pause) (young) 79M->4944K(128M), 0.0010198 secs]
108.348: [GC pause (G1 Evacuation Pause) (young) 79M->4967K(128M), 0.0011147 secs]
108.419: [GC pause (G1 Evacuation Pause) (young) 79M->4960K(128M), 0.0009791 secs]
108.489: [GC pause (G1 Evacuation Pause) (young) 79M->4948K(128M), 0.0009862 secs]
108.557: [GC pause (G1 Evacuation Pause) (young) 79M->4961K(128M), 0.0009536 secs]
108.628: [GC pause (G1 Evacuation Pause) (young) 79M->4961K(128M), 0.0009228 secs]
108.698: [GC pause (G1 Evacuation Pause) (young) 79M->4950K(128M), 0.0009505 secs]
108.767: [GC pause (G1 Evacuation Pause) (young) 79M->4943K(128M), 0.0009150 secs]
108.838: [GC pause (G1 Evacuation Pause) (young) 79M->4938K(128M), 0.0010304 secs]
108.910: [GC pause (G1 Evacuation Pause) (young) 79M->4962K(128M), 0.0009250 secs]
108.977: [GC pause (G1 Evacuation Pause) (young) 79M->4938K(128M), 0.0009971 secs]
109.049: [GC pause (G1 Evacuation Pause) (young) 79M->4960K(128M), 0.0009380 secs]
109.119: [GC pause (G1 Evacuation Pause) (young) 79M->4974K(128M), 0.0010478 secs]
109.189: [GC pause (G1 Evacuation Pause) (young) 79M->4936K(128M), 0.0009551 secs]
109.258: [GC pause (G1 Evacuation Pause) (young) 79M->4949K(128M), 0.0009536 secs]
109.333: [GC pause (G1 Evacuation Pause) (young) 79M->4958K(128M), 0.0010830 secs]
109.401: [GC pause (G1 Evacuation Pause) (young) 79M->4961K(128M), 0.0009732 secs]
109.469: [GC pause (G1 Evacuation Pause) (young) 79M->4974K(128M), 0.0009875 secs]
109.539: [GC pause (G1 Evacuation Pause) (young) 79M->4972K(128M), 0.0009374 secs]
109.610: [GC pause (G1 Evacuation Pause) (young) 79M->4963K(128M), 0.0011592 secs]
109.680: [GC pause (G1 Evacuation Pause) (young) 79M->4955K(128M), 0.0010764 secs]
109.749: [GC pause (G1 Evacuation Pause) (young) 79M->4964K(128M), 0.0009722 secs]
109.816: [GC pause (G1 Evacuation Pause) (young) 79M->4966K(128M), 0.0009987 secs]
109.885: [GC pause (G1 Evacuation Pause) (young) 79M->4957K(128M), 0.0010677 secs]
109.958: [GC pause (G1 Evacuation Pause) (young) 79M->4946K(128M), 0.0010397 secs]
110.029: [GC pause (G1 Evacuation Pause) (young) 79M->4952K(128M), 0.0011800 secs]
110.096: [GC pause (G1 Evacuation Pause) (young) 79M->4949K(128M), 0.0010861 secs]
110.167: [GC pause (G1 Evacuation Pause) (young) 79M->4958K(128M), 0.0009601 secs]
110.234: [GC pause (G1 Evacuation Pause) (young) 79M->4971K(128M), 0.0008951 secs]
110.307: [GC pause (G1 Evacuation Pause) (young) 79M->4957K(128M), 0.0010363 secs]
110.381: [GC pause (G1 Evacuation Pause) (young) 79M->4955K(128M), 0.0009315 secs]
110.449: [GC pause (G1 Evacuation Pause) (young) 79M->4971K(128M), 0.0009831 secs]
110.519: [GC pause (G1 Evacuation Pause) (young) 79M->4960K(128M), 0.0009023 secs]
110.591: [GC pause (G1 Evacuation Pause) (young) 79M->4975K(128M), 0.0009604 secs]
110.662: [GC pause (G1 Evacuation Pause) (young) 79M->4981K(128M), 0.0009318 secs]
110.732: [GC pause (G1 Evacuation Pause) (young) 79M->4976K(128M), 0.0009542 secs]
110.804: [GC pause (G1 Evacuation Pause) (young) 79M->4958K(128M), 0.0009290 secs]
110.876: [GC pause (G1 Evacuation Pause) (young) 79M->4979K(128M), 0.0010438 secs]
110.946: [GC pause (G1 Evacuation Pause) (young) 79M->4977K(128M), 0.0009965 secs]
111.016: [GC pause (G1 Evacuation Pause) (young) 79M->4971K(128M), 0.0009054 secs]
111.088: [GC pause (G1 Evacuation Pause) (young) 79M->4962K(128M), 0.0009458 secs]
111.157: [GC pause (G1 Evacuation Pause) (young) 79M->4977K(128M), 0.0009726 secs]
111.225: [GC pause (G1 Evacuation Pause) (young) 79M->4980K(128M), 0.0010180 secs]
111.301: [GC pause (G1 Evacuation Pause) (young) 79M->4955K(128M), 0.0011728 secs]
111.372: [GC pause (G1 Evacuation Pause) (young) 79M->4951K(128M), 0.0009841 secs]
111.444: [GC pause (G1 Evacuation Pause) (young) 79M->4974K(128M), 0.0010124 secs]
111.517: [GC pause (G1 Evacuation Pause) (young) 79M->4995K(128M), 0.0016599 secs]
111.590: [GC pause (G1 Evacuation Pause) (young) 79M->4985K(128M), 0.0010581 secs]
111.660: [GC pause (G1 Evacuation Pause) (young) 79M->4995K(128M), 0.0009116 secs]
111.732: [GC pause (G1 Evacuation Pause) (young) 79M->4982K(128M), 0.0010637 secs]
111.802: [GC pause (G1 Evacuation Pause) (young) 79M->4968K(128M), 0.0009554 secs]
111.871: [GC pause (G1 Evacuation Pause) (young) 79M->4974K(128M), 0.0009247 secs]
111.939: [GC pause (G1 Evacuation Pause) (young) 79M->4983K(128M), 0.0009598 secs]
112.012: [GC pause (G1 Evacuation Pause) (young) 79M->4973K(128M), 0.0009859 secs]
112.080: [GC pause (G1 Evacuation Pause) (young) 79M->4978K(128M), 0.0009685 secs]
112.149: [GC pause (G1 Evacuation Pause) (young) 79M->4964K(128M), 0.0009579 secs]
112.219: [GC pause (G1 Evacuation Pause) (young) 79M->4970K(128M), 0.0009567 secs]
112.292: [GC pause (G1 Evacuation Pause) (young) 79M->4972K(128M), 0.0014335 secs]
112.369: [GC pause (G1 Evacuation Pause) (young) 79M->4980K(128M), 0.0009299 secs]
112.440: [GC pause (G1 Evacuation Pause) (young) 79M->4989K(128M), 0.0009088 secs]
112.508: [GC pause (G1 Evacuation Pause) (young) 79M->4978K(128M), 0.0012767 secs]
112.578: [GC pause (G1 Evacuation Pause) (young) 79M->4983K(128M), 0.0009744 secs]
112.649: [GC pause (G1 Evacuation Pause) (young) 79M->4981K(128M), 0.0009785 secs]
112.720: [GC pause (G1 Evacuation Pause) (young) 79M->4988K(128M), 0.0010055 secs]
112.788: [GC pause (G1 Evacuation Pause) (young) 79M->4972K(128M), 0.0009750 secs]
112.859: [GC pause (G1 Evacuation Pause) (young) 79M->4971K(128M), 0.0009909 secs]
112.927: [GC pause (G1 Evacuation Pause) (young) 79M->4980K(128M), 0.0010226 secs]
113.000: [GC pause (G1 Evacuation Pause) (young) 79M->4976K(128M), 0.0009281 secs]
113.071: [GC pause (G1 Evacuation Pause) (young) 79M->4969K(128M), 0.0009477 secs]
113.140: [GC pause (G1 Evacuation Pause) (young) 79M->4992K(128M), 0.0009362 secs]
113.209: [GC pause (G1 Evacuation Pause) (young) 79M->4981K(128M), 0.0009495 secs]
113.278: [GC pause (G1 Evacuation Pause) (young) 79M->4997K(128M), 0.0009713 secs]
113.355: [GC pause (G1 Evacuation Pause) (young) 79M->4972K(128M), 0.0009452 secs]
113.423: [GC pause (G1 Evacuation Pause) (young) 79M->4990K(128M), 0.0009545 secs]
113.494: [GC pause (G1 Evacuation Pause) (young) 79M->4992K(128M), 0.0011116 secs]
113.567: [GC pause (G1 Evacuation Pause) (young) 79M->4969K(128M), 0.0010895 secs]
113.637: [GC pause (G1 Evacuation Pause) (young) 79M->4996K(128M), 0.0009181 secs]
113.709: [GC pause (G1 Evacuation Pause) (young) 79M->5024K(128M), 0.0012316 secs]
113.779: [GC pause (G1 Evacuation Pause) (young) 79M->4998K(128M), 0.0009418 secs]
113.849: [GC pause (G1 Evacuation Pause) (young) 79M->5003K(128M), 0.0012136 secs]
113.919: [GC pause (G1 Evacuation Pause) (young) 79M->4993K(128M), 0.0009461 secs]
113.988: [GC pause (G1 Evacuation Pause) (young) 79M->4985K(128M), 0.0009719 secs]
114.056: [GC pause (G1 Evacuation Pause) (young) 79M->5010K(128M), 0.0009601 secs]
114.122: [GC pause (G1 Evacuation Pause) (young) 79M->4995K(128M), 0.0009592 secs]
114.191: [GC pause (G1 Evacuation Pause) (young) 79M->4983K(128M), 0.0014021 secs]
114.264: [GC pause (G1 Evacuation Pause) (young) 79M->4979K(128M), 0.0009769 secs]
114.338: [GC pause (G1 Evacuation Pause) (young) 79M->4975K(128M), 0.0009909 secs]
114.413: [GC pause (G1 Evacuation Pause) (young) 79M->4991K(128M), 0.0011439 secs]
114.481: [GC pause (G1 Evacuation Pause) (young) 79M->5005K(128M), 0.0009719 secs]
114.550: [GC pause (G1 Evacuation Pause) (young) 79M->4990K(128M), 0.0009682 secs]
114.620: [GC pause (G1 Evacuation Pause) (young) 79M->4990K(128M), 0.0009956 secs]
114.691: [GC pause (G1 Evacuation Pause) (young) 79M->4984K(128M), 0.0009309 secs]
114.760: [GC pause (G1 Evacuation Pause) (young) 79M->5013K(128M), 0.0009604 secs]
114.829: [GC pause (G1 Evacuation Pause) (young) 79M->4991K(128M), 0.0020375 secs]
114.902: [GC pause (G1 Evacuation Pause) (young) 79M->4997K(128M), 0.0010005 secs]
114.969: [GC pause (G1 Evacuation Pause) (young) 79M->4994K(128M), 0.0009439 secs]
115.041: [GC pause (G1 Evacuation Pause) (young) 79M->4999K(128M), 0.0009004 secs]
115.110: [GC pause (G1 Evacuation Pause) (young) 79M->5019K(128M), 0.0011256 secs]
115.180: [GC pause (G1 Evacuation Pause) (young) 79M->5009K(128M), 0.0009262 secs]
115.250: [GC pause (G1 Evacuation Pause) (young) 79M->4994K(128M), 0.0009100 secs]
115.326: [GC pause (G1 Evacuation Pause) (young) 79M->4988K(128M), 0.0014136 secs]
115.396: [GC pause (G1 Evacuation Pause) (young) 79M->5022K(128M), 0.0009691 secs]
115.467: [GC pause (G1 Evacuation Pause) (young) 79M->5011K(128M), 0.0009517 secs]
115.534: [GC pause (G1 Evacuation Pause) (young) 79M->5008K(128M), 0.0008895 secs]
115.607: [GC pause (G1 Evacuation Pause) (young) 79M->5025K(128M), 0.0035269 secs]
115.683: [GC pause (G1 Evacuation Pause) (young) 79M->5017K(128M), 0.0010301 secs]
115.754: [GC pause (G1 Evacuation Pause) (young) 79M->5017K(128M), 0.0010730 secs]
115.824: [GC pause (G1 Evacuation Pause) (young) 79M->5012K(128M), 0.0010074 secs]
115.897: [GC pause (G1 Evacuation Pause) (young) 79M->5030K(128M), 0.0010307 secs]
115.978: [GC pause (G1 Evacuation Pause) (young) 79M->5020K(128M), 0.0011349 secs]
116.055: [GC pause (G1 Evacuation Pause) (young) 79M->5029K(128M), 0.0010466 secs]
116.132: [GC pause (G1 Evacuation Pause) (young) 79M->5001K(128M), 0.0009937 secs]
116.201: [GC pause (G1 Evacuation Pause) (young) 79M->5020K(128M), 0.0009679 secs]
116.272: [GC pause (G1 Evacuation Pause) (young) 79M->4990K(128M), 0.0010640 secs]
116.350: [GC pause (G1 Evacuation Pause) (young) 79M->5014K(128M), 0.0011576 secs]
116.421: [GC pause (G1 Evacuation Pause) (young) 79M->5016K(128M), 0.0011756 secs]
116.493: [GC pause (G1 Evacuation Pause) (young) 79M->5026K(128M), 0.0013588 secs]
116.560: [GC pause (G1 Evacuation Pause) (young) 79M->5020K(128M), 0.0009352 secs]
116.630: [GC pause (G1 Evacuation Pause) (young) 79M->5017K(128M), 0.0009719 secs]
116.699: [GC pause (G1 Evacuation Pause) (young) 79M->5017K(128M), 0.0009607 secs]
116.769: [GC pause (G1 Evacuation Pause) (young) 79M->5043K(128M), 0.0009592 secs]
116.838: [GC pause (G1 Evacuation Pause) (young) 79M->5012K(128M), 0.0009321 secs]
116.905: [GC pause (G1 Evacuation Pause) (young) 79M->5012K(128M), 0.0009747 secs]
116.977: [GC pause (G1 Evacuation Pause) (young) 79M->5018K(128M), 0.0012295 secs]
117.045: [GC pause (G1 Evacuation Pause) (young) 79M->5028K(128M), 0.0009387 secs]
117.113: [GC pause (G1 Evacuation Pause) (young) 79M->5041K(128M), 0.0009934 secs]
117.183: [GC pause (G1 Evacuation Pause) (young) 79M->5029K(128M), 0.0009601 secs]
117.251: [GC pause (G1 Evacuation Pause) (young) 79M->5036K(128M), 0.0010198 secs]
117.329: [GC pause (G1 Evacuation Pause) (young) 79M->5028K(128M), 0.0011660 secs]
117.401: [GC pause (G1 Evacuation Pause) (young) 79M->5024K(128M), 0.0010320 secs]
117.472: [GC pause (G1 Evacuation Pause) (young) 79M->5035K(128M), 0.0009694 secs]
117.540: [GC pause (G1 Evacuation Pause) (young) 79M->5023K(128M), 0.0009592 secs]
117.610: [GC pause (G1 Evacuation Pause) (young) 79M->5050K(128M), 0.0013081 secs]
117.678: [GC pause (G1 Evacuation Pause) (young) 79M->5040K(128M), 0.0010441 secs]
117.748: [GC pause (G1 Evacuation Pause) (young) 79M->5030K(128M), 0.0009365 secs]
117.818: [GC pause (G1 Evacuation Pause) (young) 79M->5040K(128M), 0.0009940 secs]
117.888: [GC pause (G1 Evacuation Pause) (young) 79M->5038K(128M), 0.0010711 secs]
117.957: [GC pause (G1 Evacuation Pause) (young) 79M->5031K(128M), 0.0010497 secs]
118.027: [GC pause (G1 Evacuation Pause) (young) 79M->5032K(128M), 0.0013644 secs]
118.097: [GC pause (G1 Evacuation Pause) (young) 79M->5035K(128M), 0.0010099 secs]
118.167: [GC pause (G1 Evacuation Pause) (young) 79M->5039K(128M), 0.0009604 secs]
118.236: [GC pause (G1 Evacuation Pause) (young) 79M->5040K(128M), 0.0009987 secs]
118.311: [GC pause (G1 Evacuation Pause) (young) 79M->5041K(128M), 0.0012369 secs]
118.383: [GC pause (G1 Evacuation Pause) (young) 79M->5031K(128M), 0.0009959 secs]
118.452: [GC pause (G1 Evacuation Pause) (young) 79M->5047K(128M), 0.0009825 secs]
118.530: [GC pause (G1 Evacuation Pause) (young) 79M->5057K(128M), 0.0009477 secs]
118.599: [GC pause (G1 Evacuation Pause) (young) 79M->5055K(128M), 0.0009446 secs]
118.670: [GC pause (G1 Evacuation Pause) (young) 79M->5060K(128M), 0.0010282 secs]
118.742: [GC pause (G1 Evacuation Pause) (young) 79M->5060K(128M), 0.0009446 secs]
118.813: [GC pause (G1 Evacuation Pause) (young) 79M->5049K(128M), 0.0009539 secs]
118.881: [GC pause (G1 Evacuation Pause) (young) 79M->5043K(128M), 0.0009523 secs]
118.950: [GC pause (G1 Evacuation Pause) (young) 79M->5042K(128M), 0.0009623 secs]
119.023: [GC pause (G1 Evacuation Pause) (young) 79M->5060K(128M), 0.0009589 secs]
119.092: [GC pause (G1 Evacuation Pause) (young) 79M->5059K(128M), 0.0009713 secs]
119.160: [GC pause (G1 Evacuation Pause) (young) 79M->5050K(128M), 0.0010273 secs]
119.229: [GC pause (G1 Evacuation Pause) (young) 79M->5056K(128M), 0.0011349 secs]
119.303: [GC pause (G1 Evacuation Pause) (young) 79M->5066K(128M), 0.0010180 secs]
119.376: [GC pause (G1 Evacuation Pause) (young) 79M->5047K(128M), 0.0010018 secs]
119.445: [GC pause (G1 Evacuation Pause) (young) 79M->5069K(128M), 0.0010528 secs]
119.514: [GC pause (G1 Evacuation Pause) (young) 79M->5059K(128M), 0.0009439 secs]
119.583: [GC pause (G1 Evacuation Pause) (young) 79M->5069K(128M), 0.0009489 secs]
119.653: [GC pause (G1 Evacuation Pause) (young) 79M->5052K(128M), 0.0009691 secs]
119.723: [GC pause (G1 Evacuation Pause) (young) 79M->5059K(128M), 0.0009738 secs]
119.795: [GC pause (G1 Evacuation Pause) (young) 79M->5065K(128M), 0.0012422 secs]
119.864: [GC pause (G1 Evacuation Pause) (young) 79M->5057K(128M), 0.0009511 secs]
119.935: [GC pause (G1 Evacuation Pause) (young) 79M->5054K(128M), 0.0009663 secs]
120.005: [GC pause (G1 Evacuation Pause) (young) 79M->5063K(128M), 0.0009595 secs]
120.073: [GC pause (G1 Evacuation Pause) (young) 79M->5052K(128M), 0.0009999 secs]
120.143: [GC pause (G1 Evacuation Pause) (young) 79M->5065K(128M), 0.0009729 secs]
120.212: [GC pause (G1 Evacuation Pause) (young) 79M->5058K(128M), 0.0009243 secs]
120.282: [GC pause (G1 Evacuation Pause) (young) 79M->5062K(128M), 0.0010093 secs]
120.355: [GC pause (G1 Evacuation Pause) (young) 79M->5063K(128M), 0.0011147 secs]
120.432: [GC pause (G1 Evacuation Pause) (young) 79M->5099K(128M), 0.0010973 secs]
120.500: [GC pause (G1 Evacuation Pause) (young) 79M->5068K(128M), 0.0009495 secs]
120.569: [GC pause (G1 Evacuation Pause) (young) 79M->5076K(128M), 0.0009402 secs]
120.637: [GC pause (G1 Evacuation Pause) (young) 79M->5063K(128M), 0.0014789 secs]
120.707: [GC pause (G1 Evacuation Pause) (young) 79M->5082K(128M), 0.0009856 secs]
120.775: [GC pause (G1 Evacuation Pause) (young) 79M->5101K(128M), 0.0009735 secs]
120.845: [GC pause (G1 Evacuation Pause) (young) 79M->5096K(128M), 0.0009822 secs]
120.912: [GC pause (G1 Evacuation Pause) (young) 79M->5077K(128M), 0.0009794 secs]
120.984: [GC pause (G1 Evacuation Pause) (young) 79M->5068K(128M), 0.0009072 secs]
121.054: [GC pause (G1 Evacuation Pause) (young) 79M->5070K(128M), 0.0010631 secs]
121.126: [GC pause (G1 Evacuation Pause) (young) 79M->5089K(128M), 0.0009716 secs]
121.196: [GC pause (G1 Evacuation Pause) (young) 79M->5089K(128M), 0.0013256 secs]
121.267: [GC pause (G1 Evacuation Pause) (young) 79M->5079K(128M), 0.0009694 secs]
121.341: [GC pause (G1 Evacuation Pause) (young) 79M->5094K(128M), 0.0009953 secs]
121.411: [GC pause (G1 Evacuation Pause) (young) 79M->5075K(128M), 0.0009999 secs]
121.481: [GC pause (G1 Evacuation Pause) (young) 79M->5103K(128M), 0.0009813 secs]
121.551: [GC pause (G1 Evacuation Pause) (young) 79M->5097K(128M), 0.0009225 secs]
121.618: [GC pause (G1 Evacuation Pause) (young) 79M->5087K(128M), 0.0009430 secs]
121.690: [GC pause (G1 Evacuation Pause) (young) 79M->5084K(128M), 0.0009209 secs]
121.759: [GC pause (G1 Evacuation Pause) (young) 79M->5091K(128M), 0.0009785 secs]
121.828: [GC pause (G1 Evacuation Pause) (young) 79M->5078K(128M), 0.0009657 secs]
121.899: [GC pause (G1 Evacuation Pause) (young) 79M->5079K(128M), 0.0009635 secs]
121.966: [GC pause (G1 Evacuation Pause) (young) 79M->5101K(128M), 0.0009570 secs]
122.037: [GC pause (G1 Evacuation Pause) (young) 79M->5084K(128M), 0.0010009 secs]
122.108: [GC pause (G1 Evacuation Pause) (young) 79M->5088K(128M), 0.0009906 secs]
122.181: [GC pause (G1 Evacuation Pause) (young) 79M->5093K(128M), 0.0010599 secs]
122.250: [GC pause (G1 Evacuation Pause) (young) 79M->5092K(128M), 0.0009526 secs]
122.330: [GC pause (G1 Evacuation Pause) (young) 79M->5082K(128M), 0.0009250 secs]
122.401: [GC pause (G1 Evacuation Pause) (young) 79M->5105K(128M), 0.0009651 secs]
122.470: [GC pause (G1 Evacuation Pause) (young) 79M->5094K(128M), 0.0009558 secs]
122.540: [GC pause (G1 Evacuation Pause) (young) 79M->5089K(128M), 0.0010124 secs]
122.610: [GC pause (G1 Evacuation Pause) (young) 79M->5086K(128M), 0.0010870 secs]
122.682: [GC pause (G1 Evacuation Pause) (young) 79M->5074K(128M), 0.0011520 secs]
122.751: [GC pause (G1 Evacuation Pause) (young) 79M->5114K(128M), 0.0009738 secs]
122.822: [GC pause (G1 Evacuation Pause) (young) 79M->5076K(128M), 0.0009374 secs]
122.889: [GC pause (G1 Evacuation Pause) (young) 79M->5092K(128M), 0.0009881 secs]
122.961: [GC pause (G1 Evacuation Pause) (young) 79M->5099K(128M), 0.0010320 secs]
123.032: [GC pause (G1 Evacuation Pause) (young) 79M->5097K(128M), 0.0009670 secs]
123.100: [GC pause (G1 Evacuation Pause) (young) 79M->5097K(128M), 0.0010046 secs]
123.171: [GC pause (G1 Evacuation Pause) (young) 79M->5080K(128M), 0.0009495 secs]
123.240: [GC pause (G1 Evacuation Pause) (young) 79M->5102K(128M), 0.0009760 secs]
123.313: [GC pause (G1 Evacuation Pause) (young) 79M->5095K(128M), 0.0011529 secs]
123.393: [GC pause (G1 Evacuation Pause) (young) 79M->5096K(128M), 0.0010587 secs]
123.464: [GC pause (G1 Evacuation Pause) (young) 79M->5116K(128M), 0.0009502 secs]
123.532: [GC pause (G1 Evacuation Pause) (young) 79M->5103K(128M), 0.0009153 secs]
123.603: [GC pause (G1 Evacuation Pause) (young) 79M->5105K(128M), 0.0009726 secs]
123.672: [GC pause (G1 Evacuation Pause) (young) 79M->5099K(128M), 0.0009439 secs]
123.745: [GC pause (G1 Evacuation Pause) (young) 79M->5098K(128M), 0.0009782 secs]
123.815: [GC pause (G1 Evacuation Pause) (young) 79M->5101K(128M), 0.0009567 secs]
123.884: [GC pause (G1 Evacuation Pause) (young) 79M->5101K(128M), 0.0010040 secs]
123.953: [GC pause (G1 Evacuation Pause) (young) 79M->5112K(128M), 0.0009380 secs]
124.021: [GC pause (G1 Evacuation Pause) (young) 79M->5110K(128M), 0.0011996 secs]
124.091: [GC pause (G1 Evacuation Pause) (young) 79M->5106K(128M), 0.0009592 secs]
124.162: [GC pause (G1 Evacuation Pause) (young) 79M->5095K(128M), 0.0009116 secs]
124.232: [GC pause (G1 Evacuation Pause) (young) 79M->5109K(128M), 0.0009850 secs]
124.305: [GC pause (G1 Evacuation Pause) (young) 79M->5089K(128M), 0.0012895 secs]
124.379: [GC pause (G1 Evacuation Pause) (young) 79M->5103K(128M), 0.0009878 secs]
124.448: [GC pause (G1 Evacuation Pause) (young) 79M->5108K(128M), 0.0009554 secs]
124.515: [GC pause (G1 Evacuation Pause) (young) 79M->5114K(128M), 0.0009881 secs]
124.583: [GC pause (G1 Evacuation Pause) (young) 79M->5115K(128M), 0.0009853 secs]
124.654: [GC pause (G1 Evacuation Pause) (young) 79M->5125K(128M), 0.0010394 secs]
124.725: [GC pause (G1 Evacuation Pause) (young) 80M->5098K(128M), 0.0009890 secs]
124.795: [GC pause (G1 Evacuation Pause) (young) 79M->5105K(128M), 0.0009775 secs]
124.863: [GC pause (G1 Evacuation Pause) (young) 79M->5110K(128M), 0.0009586 secs]
124.933: [GC pause (G1 Evacuation Pause) (young) 79M->5114K(128M), 0.0009467 secs]
125.001: [GC pause (G1 Evacuation Pause) (young) 79M->5123K(128M), 0.0009685 secs]
125.071: [GC pause (G1 Evacuation Pause) (young) 80M->5123K(128M), 0.0009971 secs]
125.140: [GC pause (G1 Evacuation Pause) (young) 80M->5112K(128M), 0.0009887 secs]
125.207: [GC pause (G1 Evacuation Pause) (young) 79M->5115K(128M), 0.0009825 secs]
125.277: [GC pause (G1 Evacuation Pause) (young) 79M->5111K(128M), 0.0011797 secs]
125.352: [GC pause (G1 Evacuation Pause) (young) 79M->5177K(128M), 0.0009374 secs]
125.418: [GC pause (G1 Evacuation Pause) (young) 80M->5168K(128M), 0.0009968 secs]
125.488: [GC pause (G1 Evacuation Pause) (young) 80M->5148K(128M), 0.0011103 secs]
125.559: [GC pause (G1 Evacuation Pause) (young) 80M->5144K(128M), 0.0040784 secs]
125.632: [GC pause (G1 Evacuation Pause) (young) 80M->5133K(128M), 0.0009243 secs]
125.700: [GC pause (G1 Evacuation Pause) (young) 80M->5146K(128M), 0.0009657 secs]
125.767: [GC pause (G1 Evacuation Pause) (young) 80M->5120K(128M), 0.0010593 secs]
125.837: [GC pause (G1 Evacuation Pause) (young) 80M->5120K(128M), 0.0010923 secs]
125.907: [GC pause (G1 Evacuation Pause) (young) 80M->5118K(128M), 0.0009772 secs]
125.977: [GC pause (G1 Evacuation Pause) (young) 79M->5130K(128M), 0.0009480 secs]
126.047: [GC pause (G1 Evacuation Pause) (young) 80M->5139K(128M), 0.0009809 secs]
126.116: [GC pause (G1 Evacuation Pause) (young) 80M->5129K(128M), 0.0009387 secs]
126.186: [GC pause (G1 Evacuation Pause) (young) 80M->5140K(128M), 0.0009676 secs]
126.256: [GC pause (G1 Evacuation Pause) (young) 80M->5118K(128M), 0.0011138 secs]
126.331: [GC pause (G1 Evacuation Pause) (young) 79M->5120K(128M), 0.0009075 secs]
126.403: [GC pause (G1 Evacuation Pause) (young) 80M->5116K(128M), 0.0010102 secs]
126.473: [GC pause (G1 Evacuation Pause) (young) 79M->5116K(128M), 0.0010668 secs]
126.542: [GC pause (G1 Evacuation Pause) (young) 79M->5131K(128M), 0.0022269 secs]
126.612: [GC pause (G1 Evacuation Pause) (young) 80M->5123K(128M), 0.0009505 secs]
126.682: [GC pause (G1 Evacuation Pause) (young) 80M->5133K(128M), 0.0009685 secs]
126.751: [GC pause (G1 Evacuation Pause) (young) 80M->5145K(128M), 0.0012671 secs]
126.822: [GC pause (G1 Evacuation Pause) (young) 80M->5134K(128M), 0.0010301 secs]
126.892: [GC pause (G1 Evacuation Pause) (young) 80M->5133K(128M), 0.0014975 secs]
126.961: [GC pause (G1 Evacuation Pause) (young) 80M->5139K(128M), 0.0009797 secs]
127.030: [GC pause (G1 Evacuation Pause) (young) 80M->5132K(128M), 0.0009536 secs]
127.102: [GC pause (G1 Evacuation Pause) (young) 80M->5128K(128M), 0.0009498 secs]
127.171: [GC pause (G1 Evacuation Pause) (young) 80M->5120K(128M), 0.0010285 secs]
127.242: [GC pause (G1 Evacuation Pause) (young) 80M->5139K(128M), 0.0009732 secs]
127.321: [GC pause (G1 Evacuation Pause) (young) 80M->5147K(128M), 0.0010320 secs]
127.393: [GC pause (G1 Evacuation Pause) (young) 80M->5127K(128M), 0.0012637 secs]
127.463: [GC pause (G1 Evacuation Pause) (young) 80M->5142K(128M), 0.0009862 secs]
127.534: [GC pause (G1 Evacuation Pause) (young) 80M->5141K(128M), 0.0011990 secs]
127.607: [GC pause (G1 Evacuation Pause) (young) 80M->5135K(128M), 0.0009138 secs]
127.677: [GC pause (G1 Evacuation Pause) (young) 80M->5144K(128M), 0.0009458 secs]
127.748: [GC pause (G1 Evacuation Pause) (young) 80M->5130K(128M), 0.0010948 secs]
127.819: [GC pause (G1 Evacuation Pause) (young) 80M->5142K(128M), 0.0009893 secs]
127.889: [GC pause (G1 Evacuation Pause) (young) 80M->5143K(128M), 0.0009987 secs]
127.962: [GC pause (G1 Evacuation Pause) (young) 80M->5145K(128M), 0.0009433 secs]
128.031: [GC pause (G1 Evacuation Pause) (young) 80M->5154K(128M), 0.0009567 secs]
128.102: [GC pause (G1 Evacuation Pause) (young) 80M->5155K(128M), 0.0009470 secs]
128.171: [GC pause (G1 Evacuation Pause) (young) 80M->5149K(128M), 0.0067425 secs]
128.248: [GC pause (G1 Evacuation Pause) (young) 80M->5156K(128M), 0.0010229 secs]
128.325: [GC pause (G1 Evacuation Pause) (young) 80M->5158K(128M), 0.0011057 secs]
128.399: [GC pause (G1 Evacuation Pause) (young) 80M->5150K(128M), 0.0010127 secs]
128.470: [GC pause (G1 Evacuation Pause) (young) 80M->5147K(128M), 0.0009778 secs]
128.538: [GC pause (G1 Evacuation Pause) (young) 80M->5159K(128M), 0.0009548 secs]
128.607: [GC pause (G1 Evacuation Pause) (young) 80M->5155K(128M), 0.0009741 secs]
128.677: [GC pause (G1 Evacuation Pause) (young) 80M->5165K(128M), 0.0010752 secs]
128.745: [GC pause (G1 Evacuation Pause) (young) 80M->5159K(128M), 0.0009772 secs]
128.814: [GC pause (G1 Evacuation Pause) (young) 80M->5165K(128M), 0.0009159 secs]
128.884: [GC pause (G1 Evacuation Pause) (young) 80M->5149K(128M), 0.0009275 secs]
128.952: [GC pause (G1 Evacuation Pause) (young) 80M->5163K(128M), 0.0009850 secs]
129.020: [GC pause (G1 Evacuation Pause) (young) 80M->5160K(128M), 0.0009841 secs]
129.092: [GC pause (G1 Evacuation Pause) (young) 80M->5159K(128M), 0.0009268 secs]
129.166: [GC pause (G1 Evacuation Pause) (young) 80M->5168K(128M), 0.0009713 secs]
129.235: [GC pause (G1 Evacuation Pause) (young) 80M->5165K(128M), 0.0009206 secs]
129.313: [GC pause (G1 Evacuation Pause) (young) 80M->5157K(128M), 0.0012879 secs]
129.385: [GC pause (G1 Evacuation Pause) (young) 80M->5165K(128M), 0.0017896 secs]
129.456: [GC pause (G1 Evacuation Pause) (young) 80M->5154K(128M), 0.0009589 secs]
129.526: [GC pause (G1 Evacuation Pause) (young) 80M->5151K(128M), 0.0010920 secs]
129.594: [GC pause (G1 Evacuation Pause) (young) 80M->5157K(128M), 0.0010814 secs]
129.661: [GC pause (G1 Evacuation Pause) (young) 80M->5168K(128M), 0.0009458 secs]
129.730: [GC pause (G1 Evacuation Pause) (young) 80M->5157K(128M), 0.0011405 secs]
129.802: [GC pause (G1 Evacuation Pause) (young) 80M->5178K(128M), 0.0009925 secs]
129.870: [GC pause (G1 Evacuation Pause) (young) 80M->5173K(128M), 0.0009498 secs]
129.941: [GC pause (G1 Evacuation Pause) (young) 80M->5156K(128M), 0.0010341 secs]
130.010: [GC pause (G1 Evacuation Pause) (young) 80M->5160K(128M), 0.0010313 secs]
130.077: [GC pause (G1 Evacuation Pause) (young) 80M->5169K(128M), 0.0010867 secs]
130.150: [GC pause (G1 Evacuation Pause) (young) 80M->5153K(128M), 0.0009551 secs]
130.221: [GC pause (G1 Evacuation Pause) (young) 80M->5156K(128M), 0.0010357 secs]
130.290: [GC pause (G1 Evacuation Pause) (young) 80M->5152K(128M), 0.0011613 secs]
130.371: [GC pause (G1 Evacuation Pause) (young) 80M->5176K(128M), 0.0010867 secs]
130.442: [GC pause (G1 Evacuation Pause) (young) 80M->5186K(128M), 0.0140061 secs]
130.524: [GC pause (G1 Evacuation Pause) (young) 80M->5177K(128M), 0.0011959 secs]
130.592: [GC pause (G1 Evacuation Pause) (young) 80M->5189K(128M), 0.0010559 secs]
130.658: [GC pause (G1 Evacuation Pause) (young) 80M->5184K(128M), 0.0009887 secs]
130.733: [GC pause (G1 Evacuation Pause) (young) 80M->5179K(128M), 0.0010923 secs]
130.799: [GC pause (G1 Evacuation Pause) (young) 80M->5173K(128M), 0.0009816 secs]
130.869: [GC pause (G1 Evacuation Pause) (young) 80M->5180K(128M), 0.0009156 secs]
130.943: [GC pause (G1 Evacuation Pause) (young) 80M->5175K(128M), 0.0010043 secs]
131.010: [GC pause (G1 Evacuation Pause) (young) 80M->5165K(128M), 0.0009887 secs]
131.081: [GC pause (G1 Evacuation Pause) (young) 80M->5181K(128M), 0.0009940 secs]
131.149: [GC pause (G1 Evacuation Pause) (young) 80M->5164K(128M), 0.0009508 secs]
131.216: [GC pause (G1 Evacuation Pause) (young) 80M->5182K(128M), 0.0009243 secs]
131.287: [GC pause (G1 Evacuation Pause) (young) 80M->5162K(128M), 0.0010363 secs]
131.368: [GC pause (G1 Evacuation Pause) (young) 80M->5166K(128M), 0.0026847 secs]
131.440: [GC pause (G1 Evacuation Pause) (young) 80M->5183K(128M), 0.0009766 secs]
131.508: [GC pause (G1 Evacuation Pause) (young) 80M->5187K(128M), 0.0009921 secs]
131.578: [GC pause (G1 Evacuation Pause) (young) 80M->5198K(128M), 0.0011106 secs]
131.649: [GC pause (G1 Evacuation Pause) (young) 80M->5194K(128M), 0.0009200 secs]
131.720: [GC pause (G1 Evacuation Pause) (young) 80M->5191K(128M), 0.0010018 secs]
131.788: [GC pause (G1 Evacuation Pause) (young) 80M->5174K(128M), 0.0010273 secs]
131.859: [GC pause (G1 Evacuation Pause) (young) 80M->5188K(128M), 0.0009349 secs]
131.928: [GC pause (G1 Evacuation Pause) (young) 80M->5202K(128M), 0.0011900 secs]
131.998: [GC pause (G1 Evacuation Pause) (young) 80M->5192K(128M), 0.0009629 secs]
132.071: [GC pause (G1 Evacuation Pause) (young) 80M->5177K(128M), 0.0009265 secs]
132.139: [GC pause (G1 Evacuation Pause) (young) 80M->5183K(128M), 0.0010080 secs]
132.208: [GC pause (G1 Evacuation Pause) (young) 80M->5186K(128M), 0.0011253 secs]
132.282: [GC pause (G1 Evacuation Pause) (young) 80M->5198K(128M), 0.0013333 secs]
132.356: [GC pause (G1 Evacuation Pause) (young) 80M->5378K(128M), 0.0010164 secs]
132.429: [GC pause (G1 Evacuation Pause) (young) 80M->5305K(128M), 0.0010531 secs]
132.501: [GC pause (G1 Evacuation Pause) (young) 80M->5197K(128M), 0.0010357 secs]
132.569: [GC pause (G1 Evacuation Pause) (young) 80M->5215K(128M), 0.0013221 secs]
132.639: [GC pause (G1 Evacuation Pause) (young) 80M->5204K(128M), 0.0009685 secs]
132.709: [GC pause (G1 Evacuation Pause) (young) 80M->5176K(128M), 0.0012531 secs]
132.782: [GC pause (G1 Evacuation Pause) (young) 80M->5201K(128M), 0.0009533 secs]
132.852: [GC pause (G1 Evacuation Pause) (young) 80M->5206K(128M), 0.0009433 secs]
132.921: [GC pause (G1 Evacuation Pause) (young) 80M->5199K(128M), 0.0010509 secs]
132.995: [GC pause (G1 Evacuation Pause) (young) 80M->5197K(128M), 0.0009250 secs]
133.066: [GC pause (G1 Evacuation Pause) (young) 80M->5206K(128M), 0.0009184 secs]
133.136: [GC pause (G1 Evacuation Pause) (young) 80M->5198K(128M), 0.0010519 secs]
133.207: [GC pause (G1 Evacuation Pause) (young) 80M->5194K(128M), 0.0009439 secs]
133.277: [GC pause (G1 Evacuation Pause) (young) 80M->5173K(128M), 0.0011943 secs]
133.351: [GC pause (G1 Evacuation Pause) (young) 80M->5198K(128M), 0.0009949 secs]
133.422: [GC pause (G1 Evacuation Pause) (young) 80M->5202K(128M), 0.0010376 secs]
133.493: [GC pause (G1 Evacuation Pause) (young) 80M->5219K(128M), 0.0010948 secs]
133.562: [GC pause (G1 Evacuation Pause) (young) 80M->5210K(128M), 0.0009309 secs]
133.636: [GC pause (G1 Evacuation Pause) (young) 80M->5228K(128M), 0.0009660 secs]
133.707: [GC pause (G1 Evacuation Pause) (young) 80M->5211K(128M), 0.0009439 secs]
133.780: [GC pause (G1 Evacuation Pause) (young) 80M->5198K(128M), 0.0010323 secs]
133.849: [GC pause (G1 Evacuation Pause) (young) 80M->5192K(128M), 0.0009741 secs]
133.920: [GC pause (G1 Evacuation Pause) (young) 80M->5204K(128M), 0.0009822 secs]
133.989: [GC pause (G1 Evacuation Pause) (young) 80M->5204K(128M), 0.0010478 secs]
134.059: [GC pause (G1 Evacuation Pause) (young) 80M->5210K(128M), 0.0009474 secs]
134.133: [GC pause (G1 Evacuation Pause) (young) 80M->5207K(128M), 0.0009906 secs]
134.201: [GC pause (G1 Evacuation Pause) (young) 80M->5227K(128M), 0.0009654 secs]
134.270: [GC pause (G1 Evacuation Pause) (young) 80M->5216K(128M), 0.0011374 secs]
134.342: [GC pause (G1 Evacuation Pause) (young) 80M->5211K(128M), 0.0010531 secs]
134.412: [GC pause (G1 Evacuation Pause) (young) 80M->5217K(128M), 0.0009589 secs]
134.481: [GC pause (G1 Evacuation Pause) (young) 80M->5220K(128M), 0.0009486 secs]
134.551: [GC pause (G1 Evacuation Pause) (young) 80M->5220K(128M), 0.0010360 secs]
134.619: [GC pause (G1 Evacuation Pause) (young) 80M->5234K(128M), 0.0010652 secs]
134.688: [GC pause (G1 Evacuation Pause) (young) 80M->5236K(128M), 0.0010823 secs]
134.757: [GC pause (G1 Evacuation Pause) (young) 80M->5236K(128M), 0.0009548 secs]
134.827: [GC pause (G1 Evacuation Pause) (young) 80M->5219K(128M), 0.0010040 secs]
134.896: [GC pause (G1 Evacuation Pause) (young) 80M->5225K(128M), 0.0010363 secs]
134.966: [GC pause (G1 Evacuation Pause) (young) 80M->5231K(128M), 0.0009778 secs]
135.038: [GC pause (G1 Evacuation Pause) (young) 80M->5227K(128M), 0.0009704 secs]
135.104: [GC pause (G1 Evacuation Pause) (young) 80M->5226K(128M), 0.0010478 secs]
135.172: [GC pause (G1 Evacuation Pause) (young) 80M->5222K(128M), 0.0009576 secs]
135.242: [GC pause (G1 Evacuation Pause) (young) 80M->5213K(128M), 0.0009803 secs]
135.315: [GC pause (G1 Evacuation Pause) (young) 80M->5218K(128M), 0.0009900 secs]
135.383: [GC pause (G1 Evacuation Pause) (young) 80M->5201K(128M), 0.0009971 secs]
135.456: [GC pause (G1 Evacuation Pause) (young) 80M->5232K(128M), 0.0010746 secs]
135.526: [GC pause (G1 Evacuation Pause) (young) 80M->5223K(128M), 0.0009918 secs]
135.595: [GC pause (G1 Evacuation Pause) (young) 80M->5252K(128M), 0.0009931 secs]
135.670: [GC pause (G1 Evacuation Pause) (young) 80M->5239K(128M), 0.0012058 secs]
135.741: [GC pause (G1 Evacuation Pause) (young) 80M->5233K(128M), 0.0011439 secs]
135.812: [GC pause (G1 Evacuation Pause) (young) 80M->5236K(128M), 0.0009865 secs]
135.880: [GC pause (G1 Evacuation Pause) (young) 80M->5248K(128M), 0.0010708 secs]
135.954: [GC pause (G1 Evacuation Pause) (young) 80M->5239K(128M), 0.0009377 secs]
136.024: [GC pause (G1 Evacuation Pause) (young) 80M->5224K(128M), 0.0009396 secs]
136.095: [GC pause (G1 Evacuation Pause) (young) 80M->5227K(128M), 0.0060533 secs]
136.171: [GC pause (G1 Evacuation Pause) (young) 80M->5219K(128M), 0.0010948 secs]
136.241: [GC pause (G1 Evacuation Pause) (young) 80M->5225K(128M), 0.0009614 secs]
136.316: [GC pause (G1 Evacuation Pause) (young) 80M->5233K(128M), 0.0014493 secs]
136.385: [GC pause (G1 Evacuation Pause) (young) 80M->5230K(128M), 0.0009586 secs]
136.454: [GC pause (G1 Evacuation Pause) (young) 80M->5261K(128M), 0.0012123 secs]
136.524: [GC pause (G1 Evacuation Pause) (young) 80M->5245K(128M), 0.0009262 secs]
136.596: [GC pause (G1 Evacuation Pause) (young) 80M->5255K(128M), 0.0009685 secs]
136.664: [GC pause (G1 Evacuation Pause) (young) 80M->5247K(128M), 0.0009601 secs]
136.733: [GC pause (G1 Evacuation Pause) (young) 80M->5261K(128M), 0.0009508 secs]
136.805: [GC pause (G1 Evacuation Pause) (young) 80M->5251K(128M), 0.0010121 secs]
136.875: [GC pause (G1 Evacuation Pause) (young) 80M->5251K(128M), 0.0009586 secs]
136.941: [GC pause (G1 Evacuation Pause) (young) 80M->5240K(128M), 0.0009418 secs]
137.010: [GC pause (G1 Evacuation Pause) (young) 80M->5232K(128M), 0.0010892 secs]
137.078: [GC pause (G1 Evacuation Pause) (young) 80M->5245K(128M), 0.0010089 secs]
137.148: [GC pause (G1 Evacuation Pause) (young) 80M->5246K(128M), 0.0009772 secs]
137.218: [GC pause (G1 Evacuation Pause) (young) 80M->5231K(128M), 0.0010164 secs]
137.289: [GC pause (G1 Evacuation Pause) (young) 80M->5257K(128M), 0.0009897 secs]
137.357: [GC pause (G1 Evacuation Pause) (young) 80M->5229K(128M), 0.0010469 secs]
137.428: [GC pause (G1 Evacuation Pause) (young) 80M->5236K(128M), 0.0009844 secs]
137.500: [GC pause (G1 Evacuation Pause) (young) 80M->5243K(128M), 0.0009657 secs]
137.572: [GC pause (G1 Evacuation Pause) (young) 80M->5261K(128M), 0.0009620 secs]
137.645: [GC pause (G1 Evacuation Pause) (young) 80M->5251K(128M), 0.0009893 secs]
137.714: [GC pause (G1 Evacuation Pause) (young) 80M->5235K(128M), 0.0009495 secs]
137.785: [GC pause (G1 Evacuation Pause) (young) 80M->5249K(128M), 0.0009645 secs]
137.855: [GC pause (G1 Evacuation Pause) (young) 80M->5237K(128M), 0.0010071 secs]
137.924: [GC pause (G1 Evacuation Pause) (young) 80M->5250K(128M), 0.0010646 secs]
137.997: [GC pause (G1 Evacuation Pause) (young) 80M->5255K(128M), 0.0011082 secs]
138.071: [GC pause (G1 Evacuation Pause) (young) 80M->5236K(128M), 0.0010621 secs]
138.143: [GC pause (G1 Evacuation Pause) (young) 80M->5257K(128M), 0.0010873 secs]
138.213: [GC pause (G1 Evacuation Pause) (young) 80M->5244K(128M), 0.0009299 secs]
138.286: [GC pause (G1 Evacuation Pause) (young) 80M->5250K(128M), 0.0010276 secs]
138.361: [GC pause (G1 Evacuation Pause) (young) 80M->5243K(128M), 0.0010938 secs]
138.431: [GC pause (G1 Evacuation Pause) (young) 80M->5246K(128M), 0.0009166 secs]
138.501: [GC pause (G1 Evacuation Pause) (young) 80M->5245K(128M), 0.0009654 secs]
138.570: [GC pause (G1 Evacuation Pause) (young) 80M->5256K(128M), 0.0011473 secs]
138.643: [GC pause (G1 Evacuation Pause) (young) 80M->5256K(128M), 0.0013744 secs]
138.713: [GC pause (G1 Evacuation Pause) (young) 80M->5259K(128M), 0.0009688 secs]
138.785: [GC pause (G1 Evacuation Pause) (young) 80M->5255K(128M), 0.0011750 secs]
138.857: [GC pause (G1 Evacuation Pause) (young) 80M->5252K(128M), 0.0009589 secs]
138.926: [GC pause (G1 Evacuation Pause) (young) 80M->5252K(128M), 0.0010254 secs]
138.993: [GC pause (G1 Evacuation Pause) (young) 80M->5251K(128M), 0.0010351 secs]
139.065: [GC pause (G1 Evacuation Pause) (young) 80M->5250K(128M), 0.0009872 secs]
139.134: [GC pause (G1 Evacuation Pause) (young) 80M->5271K(128M), 0.0009710 secs]
139.203: [GC pause (G1 Evacuation Pause) (young) 80M->5247K(128M), 0.0010267 secs]
139.273: [GC pause (G1 Evacuation Pause) (young) 80M->5240K(128M), 0.0009915 secs]
139.344: [GC pause (G1 Evacuation Pause) (young) 80M->5259K(128M), 0.0010357 secs]
139.414: [GC pause (G1 Evacuation Pause) (young) 80M->5269K(128M), 0.0010372 secs]
139.485: [GC pause (G1 Evacuation Pause) (young) 80M->5261K(128M), 0.0009427 secs]
139.553: [GC pause (G1 Evacuation Pause) (young) 80M->5277K(128M), 0.0009732 secs]
139.623: [GC pause (G1 Evacuation Pause) (young) 80M->5278K(128M), 0.0009735 secs]
139.693: [GC pause (G1 Evacuation Pause) (young) 80M->5267K(128M), 0.0010121 secs]
139.765: [GC pause (G1 Evacuation Pause) (young) 80M->5256K(128M), 0.0009200 secs]
139.832: [GC pause (G1 Evacuation Pause) (young) 80M->5255K(128M), 0.0009691 secs]
139.903: [GC pause (G1 Evacuation Pause) (young) 80M->5264K(128M), 0.0010861 secs]
139.974: [GC pause (G1 Evacuation Pause) (young) 80M->5267K(128M), 0.0021376 secs]
140.047: [GC pause (G1 Evacuation Pause) (young) 80M->5278K(128M), 0.0010609 secs]
140.116: [GC pause (G1 Evacuation Pause) (young) 80M->5262K(128M), 0.0009648 secs]
140.186: [GC pause (G1 Evacuation Pause) (young) 80M->5260K(128M), 0.0009579 secs]
140.259: [GC pause (G1 Evacuation Pause) (young) 80M->5269K(128M), 0.0011467 secs]
140.329: [GC pause (G1 Evacuation Pause) (young) 80M->5284K(128M), 0.0009726 secs]
140.404: [GC pause (G1 Evacuation Pause) (young) 80M->5278K(128M), 0.0010444 secs]
140.472: [GC pause (G1 Evacuation Pause) (young) 80M->5296K(128M), 0.0010823 secs]
140.543: [GC pause (G1 Evacuation Pause) (young) 80M->5281K(128M), 0.0012002 secs]
140.613: [GC pause (G1 Evacuation Pause) (young) 80M->5280K(128M), 0.0010096 secs]
140.687: [GC pause (G1 Evacuation Pause) (young) 80M->5288K(128M), 0.0009383 secs]
140.756: [GC pause (G1 Evacuation Pause) (young) 80M->5276K(128M), 0.0009567 secs]
140.827: [GC pause (G1 Evacuation Pause) (young) 80M->5290K(128M), 0.0011526 secs]
140.895: [GC pause (G1 Evacuation Pause) (young) 80M->5284K(128M), 0.0009461 secs]
140.965: [GC pause (G1 Evacuation Pause) (young) 80M->5280K(128M), 0.0009701 secs]
141.035: [GC pause (G1 Evacuation Pause) (young) 80M->5277K(128M), 0.0009135 secs]
141.106: [GC pause (G1 Evacuation Pause) (young) 80M->5295K(128M), 0.0010615 secs]
141.176: [GC pause (G1 Evacuation Pause) (young) 80M->5306K(128M), 0.0014114 secs]
141.248: [GC pause (G1 Evacuation Pause) (young) 80M->5284K(128M), 0.0009679 secs]
141.320: [GC pause (G1 Evacuation Pause) (young) 80M->5297K(128M), 0.0009517 secs]
141.387: [GC pause (G1 Evacuation Pause) (young) 80M->5291K(128M), 0.0010531 secs]
141.459: [GC pause (G1 Evacuation Pause) (young) 80M->5310K(128M), 0.0009508 secs]
141.532: [GC pause (G1 Evacuation Pause) (young) 80M->5295K(128M), 0.0009990 secs]
141.604: [GC pause (G1 Evacuation Pause) (young) 80M->5308K(128M), 0.0011361 secs]
141.674: [GC pause (G1 Evacuation Pause) (young) 80M->5293K(128M), 0.0010170 secs]
141.746: [GC pause (G1 Evacuation Pause) (young) 80M->5306K(128M), 0.0009474 secs]
141.816: [GC pause (G1 Evacuation Pause) (young) 80M->5313K(128M), 0.0009337 secs]
141.886: [GC pause (G1 Evacuation Pause) (young) 80M->5307K(128M), 0.0010068 secs]
141.953: [GC pause (G1 Evacuation Pause) (young) 80M->5301K(128M), 0.0011371 secs]
142.026: [GC pause (G1 Evacuation Pause) (young) 80M->5301K(128M), 0.0009946 secs]
142.096: [GC pause (G1 Evacuation Pause) (young) 80M->5304K(128M), 0.0009442 secs]
142.165: [GC pause (G1 Evacuation Pause) (young) 80M->5303K(128M), 0.0009934 secs]
142.239: [GC pause (G1 Evacuation Pause) (young) 80M->5294K(128M), 0.0009352 secs]
142.312: [GC pause (G1 Evacuation Pause) (young) 80M->5300K(128M), 0.0009654 secs]
142.381: [GC pause (G1 Evacuation Pause) (young) 80M->5292K(128M), 0.0010344 secs]
142.452: [GC pause (G1 Evacuation Pause) (young) 80M->5292K(128M), 0.0009576 secs]
142.527: [GC pause (G1 Evacuation Pause) (young) 80M->5321K(128M), 0.0010416 secs]
142.605: [GC pause (G1 Evacuation Pause) (young) 80M->5299K(128M), 0.0011445 secs]
142.678: [GC pause (G1 Evacuation Pause) (young) 80M->5293K(128M), 0.0009184 secs]
142.748: [GC pause (G1 Evacuation Pause) (young) 80M->5287K(128M), 0.0009343 secs]
142.826: [GC pause (G1 Evacuation Pause) (young) 80M->5299K(128M), 0.0009862 secs]
142.901: [GC pause (G1 Evacuation Pause) (young) 80M->5303K(128M), 0.0130917 secs]
142.991: [GC pause (G1 Evacuation Pause) (young) 80M->5297K(128M), 0.0010761 secs]
143.061: [GC pause (G1 Evacuation Pause) (young) 80M->5295K(128M), 0.0009545 secs]
143.135: [GC pause (G1 Evacuation Pause) (young) 80M->5308K(128M), 0.0011641 secs]
143.205: [GC pause (G1 Evacuation Pause) (young) 80M->5291K(128M), 0.0009035 secs]
143.276: [GC pause (G1 Evacuation Pause) (young) 80M->5313K(128M), 0.0010932 secs]
143.349: [GC pause (G1 Evacuation Pause) (young) 80M->5309K(128M), 0.0010699 secs]
143.419: [GC pause (G1 Evacuation Pause) (young) 80M->5294K(128M), 0.0009467 secs]
143.489: [GC pause (G1 Evacuation Pause) (young) 80M->5318K(128M), 0.0009648 secs]
143.556: [GC pause (G1 Evacuation Pause) (young) 80M->5315K(128M), 0.0009629 secs]
143.631: [GC pause (G1 Evacuation Pause) (young) 80M->5318K(128M), 0.0010158 secs]
143.701: [GC pause (G1 Evacuation Pause) (young) 80M->5320K(128M), 0.0009881 secs]
143.773: [GC pause (G1 Evacuation Pause) (young) 80M->5304K(128M), 0.0009757 secs]
143.842: [GC pause (G1 Evacuation Pause) (young) 80M->5319K(128M), 0.0009072 secs]
143.912: [GC pause (G1 Evacuation Pause) (young) 80M->5309K(128M), 0.0011194 secs]
143.984: [GC pause (G1 Evacuation Pause) (young) 80M->5318K(128M), 0.0009670 secs]
144.056: [GC pause (G1 Evacuation Pause) (young) 80M->5313K(128M), 0.0010951 secs]
144.125: [GC pause (G1 Evacuation Pause) (young) 80M->5330K(128M), 0.0011063 secs]
144.195: [GC pause (G1 Evacuation Pause) (young) 80M->5307K(128M), 0.0009427 secs]
144.265: [GC pause (G1 Evacuation Pause) (young) 80M->5312K(128M), 0.0010497 secs]
144.336: [GC pause (G1 Evacuation Pause) (young) 80M->5317K(128M), 0.0010721 secs]
144.408: [GC pause (G1 Evacuation Pause) (young) 80M->5340K(128M), 0.0009754 secs]
144.477: [GC pause (G1 Evacuation Pause) (young) 80M->5331K(128M), 0.0010559 secs]
144.546: [GC pause (G1 Evacuation Pause) (young) 80M->5327K(128M), 0.0009987 secs]
144.614: [GC pause (G1 Evacuation Pause) (young) 80M->5317K(128M), 0.0010472 secs]
144.683: [GC pause (G1 Evacuation Pause) (young) 80M->5323K(128M), 0.0010145 secs]
144.754: [GC pause (G1 Evacuation Pause) (young) 80M->5334K(128M), 0.0010002 secs]
144.824: [GC pause (G1 Evacuation Pause) (young) 80M->5313K(128M), 0.0010040 secs]
144.892: [GC pause (G1 Evacuation Pause) (young) 80M->5325K(128M), 0.0010121 secs]
144.964: [GC pause (G1 Evacuation Pause) (young) 80M->5326K(128M), 0.0010009 secs]
145.033: [GC pause (G1 Evacuation Pause) (young) 80M->5318K(128M), 0.0009502 secs]
145.102: [GC pause (G1 Evacuation Pause) (young) 80M->5326K(128M), 0.0011050 secs]
145.178: [GC pause (G1 Evacuation Pause) (young) 80M->5335K(128M), 0.0013035 secs]
145.249: [GC pause (G1 Evacuation Pause) (young) 80M->5341K(128M), 0.0009250 secs]
145.320: [GC pause (G1 Evacuation Pause) (young) 80M->5315K(128M), 0.0010030 secs]
145.395: [GC pause (G1 Evacuation Pause) (young) 80M->5328K(128M), 0.0009716 secs]
145.466: [GC pause (G1 Evacuation Pause) (young) 80M->5311K(128M), 0.0010466 secs]
145.534: [GC pause (G1 Evacuation Pause) (young) 80M->5332K(128M), 0.0011660 secs]
145.606: [GC pause (G1 Evacuation Pause) (young) 80M->5335K(128M), 0.0010820 secs]
145.683: [GC pause (G1 Evacuation Pause) (young) 80M->5339K(128M), 0.0014313 secs]
145.756: [GC pause (G1 Evacuation Pause) (young) 80M->5326K(128M), 0.0010354 secs]
145.826: [GC pause (G1 Evacuation Pause) (young) 80M->5337K(128M), 0.0009331 secs]
145.899: [GC pause (G1 Evacuation Pause) (young) 80M->5317K(128M), 0.0009968 secs]
145.969: [GC pause (G1 Evacuation Pause) (young) 80M->5332K(128M), 0.0012111 secs]
146.043: [GC pause (G1 Evacuation Pause) (young) 80M->5338K(128M), 0.0012039 secs]
146.120: [GC pause (G1 Evacuation Pause) (young) 80M->5331K(128M), 0.0012559 secs]
146.194: [GC pause (G1 Evacuation Pause) (young) 80M->5347K(128M), 0.0011368 secs]
146.263: [GC pause (G1 Evacuation Pause) (young) 80M->5349K(128M), 0.0010438 secs]
146.336: [GC pause (G1 Evacuation Pause) (young) 80M->5338K(128M), 0.0009309 secs]
146.407: [GC pause (G1 Evacuation Pause) (young) 80M->5337K(128M), 0.0010612 secs]
146.478: [GC pause (G1 Evacuation Pause) (young) 80M->5349K(128M), 0.0010873 secs]
146.549: [GC pause (G1 Evacuation Pause) (young) 80M->5340K(128M), 0.0009791 secs]
146.620: [GC pause (G1 Evacuation Pause) (young) 80M->5334K(128M), 0.0009635 secs]
146.691: [GC pause (G1 Evacuation Pause) (young) 80M->5352K(128M), 0.0010242 secs]
146.761: [GC pause (G1 Evacuation Pause) (young) 80M->5345K(128M), 0.0009837 secs]
146.835: [GC pause (G1 Evacuation Pause) (young) 80M->5345K(128M), 0.0029851 secs]
146.921: [GC pause (G1 Evacuation Pause) (young) 80M->5343K(128M), 0.0011529 secs]
147.012: [GC pause (G1 Evacuation Pause) (young) 80M->5334K(128M), 0.0022536 secs]
147.098: [GC pause (G1 Evacuation Pause) (young) 80M->5340K(128M), 0.0009582 secs]
147.168: [GC pause (G1 Evacuation Pause) (young) 80M->5337K(128M), 0.0011377 secs]
147.237: [GC pause (G1 Evacuation Pause) (young) 80M->5336K(128M), 0.0011819 secs]
147.309: [GC pause (G1 Evacuation Pause) (young) 80M->5329K(128M), 0.0009757 secs]
147.377: [GC pause (G1 Evacuation Pause) (young) 80M->5329K(128M), 0.0010176 secs]
147.448: [GC pause (G1 Evacuation Pause) (young) 80M->5332K(128M), 0.0009551 secs]
147.521: [GC pause (G1 Evacuation Pause) (young) 80M->5364K(128M), 0.0010080 secs]
147.591: [GC pause (G1 Evacuation Pause) (young) 80M->5329K(128M), 0.0009321 secs]
147.664: [GC pause (G1 Evacuation Pause) (young) 80M->5360K(128M), 0.0009645 secs]
147.735: [GC pause (G1 Evacuation Pause) (young) 80M->5352K(128M), 0.0009576 secs]
147.804: [GC pause (G1 Evacuation Pause) (young) 80M->5348K(128M), 0.0009595 secs]
147.874: [GC pause (G1 Evacuation Pause) (young) 80M->5364K(128M), 0.0010447 secs]
147.941: [GC pause (G1 Evacuation Pause) (young) 80M->5353K(128M), 0.0009769 secs]
148.010: [GC pause (G1 Evacuation Pause) (young) 80M->5356K(128M), 0.0009663 secs]
148.080: [GC pause (G1 Evacuation Pause) (young) 80M->5354K(128M), 0.0009670 secs]
148.150: [GC pause (G1 Evacuation Pause) (young) 80M->5343K(128M), 0.0009943 secs]
148.222: [GC pause (G1 Evacuation Pause) (young) 80M->5351K(128M), 0.0009953 secs]
148.293: [GC pause (G1 Evacuation Pause) (young) 80M->5353K(128M), 0.0009704 secs]
148.363: [GC pause (G1 Evacuation Pause) (young) 80M->5355K(128M), 0.0009495 secs]
148.433: [GC pause (G1 Evacuation Pause) (young) 80M->5358K(128M), 0.0009949 secs]
148.506: [GC pause (G1 Evacuation Pause) (young) 80M->5345K(128M), 0.0009446 secs]
148.574: [GC pause (G1 Evacuation Pause) (young) 80M->5351K(128M), 0.0009654 secs]
148.647: [GC pause (G1 Evacuation Pause) (young) 80M->5369K(128M), 0.0009906 secs]
148.720: [GC pause (G1 Evacuation Pause) (young) 80M->5356K(128M), 0.0009589 secs]
148.790: [GC pause (G1 Evacuation Pause) (young) 80M->5389K(128M), 0.0011663 secs]
148.864: [GC pause (G1 Evacuation Pause) (young) 80M->5343K(128M), 0.0009760 secs]
148.935: [GC pause (G1 Evacuation Pause) (young) 80M->5358K(128M), 0.0010009 secs]
149.006: [GC pause (G1 Evacuation Pause) (young) 80M->5359K(128M), 0.0009287 secs]
149.079: [GC pause (G1 Evacuation Pause) (young) 80M->5353K(128M), 0.0011144 secs]
149.144: [GC pause (G1 Evacuation Pause) (young) 80M->5359K(128M), 0.0011172 secs]
149.212: [GC pause (G1 Evacuation Pause) (young) 80M->5355K(128M), 0.0009831 secs]
149.282: [GC pause (G1 Evacuation Pause) (young) 80M->5373K(128M), 0.0010491 secs]
149.351: [GC pause (G1 Evacuation Pause) (young) 80M->5367K(128M), 0.0010326 secs]
149.421: [GC pause (G1 Evacuation Pause) (young) 80M->5361K(128M), 0.0009107 secs]
149.489: [GC pause (G1 Evacuation Pause) (young) 80M->5368K(128M), 0.0010310 secs]
149.566: [GC pause (G1 Evacuation Pause) (young) 80M->5371K(128M), 0.0010876 secs]
149.641: [GC pause (G1 Evacuation Pause) (young) 80M->5375K(128M), 0.0010599 secs]
149.716: [GC pause (G1 Evacuation Pause) (young) 80M->5370K(128M), 0.0009159 secs]
149.789: [GC pause (G1 Evacuation Pause) (young) 80M->5377K(128M), 0.0009427 secs]
149.858: [GC pause (G1 Evacuation Pause) (young) 80M->5357K(128M), 0.0009884 secs]
149.928: [GC pause (G1 Evacuation Pause) (young) 80M->5365K(128M), 0.0009415 secs]
150.000: [GC pause (G1 Evacuation Pause) (young) 80M->5371K(128M), 0.0010568 secs]
150.072: [GC pause (G1 Evacuation Pause) (young) 80M->5376K(128M), 0.0009595 secs]
150.145: [GC pause (G1 Evacuation Pause) (young) 80M->5395K(128M), 0.0010942 secs]
150.215: [GC pause (G1 Evacuation Pause) (young) 80M->5377K(128M), 0.0013308 secs]
150.286: [GC pause (G1 Evacuation Pause) (young) 80M->5390K(128M), 0.0010428 secs]
150.356: [GC pause (G1 Evacuation Pause) (young) 80M->5385K(128M), 0.0010441 secs]
150.426: [GC pause (G1 Evacuation Pause) (young) 80M->5385K(128M), 0.0010295 secs]
150.498: [GC pause (G1 Evacuation Pause) (young) 80M->5381K(128M), 0.0009943 secs]
150.572: [GC pause (G1 Evacuation Pause) (young) 80M->5369K(128M), 0.0010568 secs]
150.643: [GC pause (G1 Evacuation Pause) (young) 80M->5358K(128M), 0.0009558 secs]
150.716: [GC pause (G1 Evacuation Pause) (young) 80M->5390K(128M), 0.0137600 secs]
150.806: [GC pause (G1 Evacuation Pause) (young) 80M->5380K(128M), 0.0010229 secs]
150.879: [GC pause (G1 Evacuation Pause) (young) 80M->5362K(128M), 0.0010568 secs]
150.954: [GC pause (G1 Evacuation Pause) (young) 80M->5355K(128M), 0.0009775 secs]
151.029: [GC pause (G1 Evacuation Pause) (young) 80M->5375K(128M), 0.0014708 secs]
151.103: [GC pause (G1 Evacuation Pause) (young) 80M->5384K(128M), 0.0011837 secs]
151.179: [GC pause (G1 Evacuation Pause) (young) 80M->5379K(128M), 0.0011691 secs]
151.252: [GC pause (G1 Evacuation Pause) (young) 80M->5365K(128M), 0.0010226 secs]
151.341: [GC pause (G1 Evacuation Pause) (young) 80M->5370K(128M), 0.0010998 secs]
151.416: [GC pause (G1 Evacuation Pause) (young) 80M->5376K(128M), 0.0010901 secs]
151.491: [GC pause (G1 Evacuation Pause) (young) 80M->5367K(128M), 0.0029400 secs]
151.565: [GC pause (G1 Evacuation Pause) (young) 80M->5370K(128M), 0.0011968 secs]
151.648: [GC pause (G1 Evacuation Pause) (young) 80M->5385K(128M), 0.0012419 secs]
151.723: [GC pause (G1 Evacuation Pause) (young) 80M->5386K(128M), 0.0012083 secs]
151.798: [GC pause (G1 Evacuation Pause) (young) 80M->5376K(128M), 0.0009610 secs]
151.868: [GC pause (G1 Evacuation Pause) (young) 80M->5377K(128M), 0.0011433 secs]
151.938: [GC pause (G1 Evacuation Pause) (young) 80M->5387K(128M), 0.0009355 secs]
152.006: [GC pause (G1 Evacuation Pause) (young) 80M->5380K(128M), 0.0009321 secs]
152.080: [GC pause (G1 Evacuation Pause) (young) 80M->5376K(128M), 0.0009281 secs]
152.149: [GC pause (G1 Evacuation Pause) (young) 80M->5399K(128M), 0.0009411 secs]
152.219: [GC pause (G1 Evacuation Pause) (young) 80M->5392K(128M), 0.0009956 secs]
152.290: [GC pause (G1 Evacuation Pause) (young) 80M->5398K(128M), 0.0009390 secs]
152.364: [GC pause (G1 Evacuation Pause) (young) 80M->5372K(128M), 0.0009757 secs]
152.435: [GC pause (G1 Evacuation Pause) (young) 80M->5386K(128M), 0.0011315 secs]
152.504: [GC pause (G1 Evacuation Pause) (young) 80M->5398K(128M), 0.0010764 secs]
152.579: [GC pause (G1 Evacuation Pause) (young) 80M->5406K(128M), 0.0009100 secs]
152.648: [GC pause (G1 Evacuation Pause) (young) 80M->5421K(128M), 0.0009772 secs]
152.717: [GC pause (G1 Evacuation Pause) (young) 80M->5407K(128M), 0.0009393 secs]
152.786: [GC pause (G1 Evacuation Pause) (young) 80M->5389K(128M), 0.0011088 secs]
152.857: [GC pause (G1 Evacuation Pause) (young) 80M->5390K(128M), 0.0010136 secs]
152.926: [GC pause (G1 Evacuation Pause) (young) 80M->5392K(128M), 0.0012991 secs]
152.997: [GC pause (G1 Evacuation Pause) (young) 80M->5391K(128M), 0.0009321 secs]
153.072: [GC pause (G1 Evacuation Pause) (young) 80M->5398K(128M), 0.0011060 secs]
153.148: [GC pause (G1 Evacuation Pause) (young) 80M->5401K(128M), 0.0009788 secs]
153.220: [GC pause (G1 Evacuation Pause) (young) 80M->5403K(128M), 0.0009228 secs]
153.303: [GC pause (G1 Evacuation Pause) (young) 80M->5394K(128M), 0.0009383 secs]
153.375: [GC pause (G1 Evacuation Pause) (young) 80M->5613K(128M), 0.0009872 secs]
153.449: [GC pause (G1 Evacuation Pause) (young) 80M->5504K(128M), 0.0009645 secs]
153.523: [GC pause (G1 Evacuation Pause) (young) 80M->5439K(128M), 0.0009346 secs]
153.593: [GC pause (G1 Evacuation Pause) (young) 80M->5427K(128M), 0.0009903 secs]
153.670: [GC pause (G1 Evacuation Pause) (young) 80M->5401K(128M), 0.0019815 secs]
153.745: [GC pause (G1 Evacuation Pause) (young) 80M->5419K(128M), 0.0010018 secs]
153.813: [GC pause (G1 Evacuation Pause) (young) 80M->5401K(128M), 0.0009436 secs]
153.885: [GC pause (G1 Evacuation Pause) (young) 80M->5415K(128M), 0.0009287 secs]
153.955: [GC pause (G1 Evacuation Pause) (young) 80M->5420K(128M), 0.0010061 secs]
154.023: [GC pause (G1 Evacuation Pause) (young) 80M->5400K(128M), 0.0009757 secs]
154.094: [GC pause (G1 Evacuation Pause) (young) 80M->5416K(128M), 0.0010867 secs]
154.164: [GC pause (G1 Evacuation Pause) (young) 80M->5411K(128M), 0.0009959 secs]
154.236: [GC pause (G1 Evacuation Pause) (young) 80M->5426K(128M), 0.0009816 secs]
154.306: [GC pause (G1 Evacuation Pause) (young) 80M->5410K(128M), 0.0010332 secs]
154.377: [GC pause (G1 Evacuation Pause) (young) 80M->5397K(128M), 0.0010730 secs]
154.451: [GC pause (G1 Evacuation Pause) (young) 80M->5440K(128M), 0.0009893 secs]
154.523: [GC pause (G1 Evacuation Pause) (young) 80M->5436K(128M), 0.0016378 secs]
154.594: [GC pause (G1 Evacuation Pause) (young) 80M->5442K(128M), 0.0010516 secs]
154.666: [GC pause (G1 Evacuation Pause) (young) 80M->5421K(128M), 0.0009698 secs]
154.738: [GC pause (G1 Evacuation Pause) (young) 80M->5424K(128M), 0.0011676 secs]
154.806: [GC pause (G1 Evacuation Pause) (young) 80M->5401K(128M), 0.0009399 secs]
154.877: [GC pause (G1 Evacuation Pause) (young) 80M->5437K(128M), 0.0011623 secs]
154.951: [GC pause (G1 Evacuation Pause) (young) 80M->5414K(128M), 0.0009480 secs]
155.022: [GC pause (G1 Evacuation Pause) (young) 80M->5424K(128M), 0.0009396 secs]
155.093: [GC pause (G1 Evacuation Pause) (young) 80M->5418K(128M), 0.0013327 secs]
155.167: [GC pause (G1 Evacuation Pause) (young) 80M->5437K(128M), 0.0009243 secs]
155.233: [GC pause (G1 Evacuation Pause) (young) 80M->5430K(128M), 0.0009713 secs]
155.306: [GC pause (G1 Evacuation Pause) (young) 80M->5413K(128M), 0.0010985 secs]
155.387: [GC pause (G1 Evacuation Pause) (young) 80M->5413K(128M), 0.0010015 secs]
155.461: [GC pause (G1 Evacuation Pause) (young) 80M->5423K(128M), 0.0010391 secs]
155.533: [GC pause (G1 Evacuation Pause) (young) 80M->5430K(128M), 0.0009865 secs]
155.608: [GC pause (G1 Evacuation Pause) (young) 80M->5458K(128M), 0.0011131 secs]
155.677: [GC pause (G1 Evacuation Pause) (young) 80M->5427K(128M), 0.0013601 secs]
155.747: [GC pause (G1 Evacuation Pause) (young) 80M->5436K(128M), 0.0009303 secs]
155.821: [GC pause (G1 Evacuation Pause) (young) 80M->5434K(128M), 0.0009312 secs]
155.892: [GC pause (G1 Evacuation Pause) (young) 80M->5440K(128M), 0.0010537 secs]
155.968: [GC pause (G1 Evacuation Pause) (young) 80M->5452K(128M), 0.0011333 secs]
156.046: [GC pause (G1 Evacuation Pause) (young) 80M->5435K(128M), 0.0024430 secs]
156.117: [GC pause (G1 Evacuation Pause) (young) 80M->5441K(128M), 0.0009219 secs]
156.191: [GC pause (G1 Evacuation Pause) (young) 80M->5440K(128M), 0.0009483 secs]
156.265: [GC pause (G1 Evacuation Pause) (young) 80M->5431K(128M), 0.0016341 secs]
156.340: [GC pause (G1 Evacuation Pause) (young) 80M->5445K(128M), 0.0011069 secs]
156.415: [GC pause (G1 Evacuation Pause) (young) 80M->5423K(128M), 0.0009551 secs]
156.489: [GC pause (G1 Evacuation Pause) (young) 80M->5441K(128M), 0.0011153 secs]
156.562: [GC pause (G1 Evacuation Pause) (young) 80M->5454K(128M), 0.0009396 secs]
156.632: [GC pause (G1 Evacuation Pause) (young) 80M->5465K(128M), 0.0009710 secs]
156.703: [GC pause (G1 Evacuation Pause) (young) 80M->5455K(128M), 0.0009433 secs]
156.773: [GC pause (G1 Evacuation Pause) (young) 80M->5470K(128M), 0.0009222 secs]
156.843: [GC pause (G1 Evacuation Pause) (young) 80M->5456K(128M), 0.0010236 secs]
156.921: [GC pause (G1 Evacuation Pause) (young) 80M->5458K(128M), 0.0011355 secs]
156.999: [GC pause (G1 Evacuation Pause) (young) 80M->5447K(128M), 0.0009673 secs]
157.077: [GC pause (G1 Evacuation Pause) (young) 80M->5449K(128M), 0.0009383 secs]
157.156: [GC pause (G1 Evacuation Pause) (young) 80M->5465K(128M), 0.0011557 secs]
157.234: [GC pause (G1 Evacuation Pause) (young) 80M->5444K(128M), 0.0045343 secs]
157.313: [GC pause (G1 Evacuation Pause) (young) 80M->5452K(128M), 0.0011579 secs]
157.391: [GC pause (G1 Evacuation Pause) (young) 80M->5465K(128M), 0.0009079 secs]
157.459: [GC pause (G1 Evacuation Pause) (young) 80M->5451K(128M), 0.0010534 secs]
157.529: [GC pause (G1 Evacuation Pause) (young) 80M->5460K(128M), 0.0009365 secs]
157.600: [GC pause (G1 Evacuation Pause) (young) 80M->5452K(128M), 0.0010388 secs]
157.671: [GC pause (G1 Evacuation Pause) (young) 80M->5470K(128M), 0.0010466 secs]
157.742: [GC pause (G1 Evacuation Pause) (young) 80M->5476K(128M), 0.0009436 secs]
157.813: [GC pause (G1 Evacuation Pause) (young) 80M->5470K(128M), 0.0009841 secs]
157.883: [GC pause (G1 Evacuation Pause) (young) 80M->5485K(128M), 0.0009869 secs]
157.952: [GC pause (G1 Evacuation Pause) (young) 80M->5461K(128M), 0.0009523 secs]
158.024: [GC pause (G1 Evacuation Pause) (young) 80M->5443K(128M), 0.0009576 secs]
158.094: [GC pause (G1 Evacuation Pause) (young) 80M->5468K(128M), 0.0013517 secs]
158.164: [GC pause (G1 Evacuation Pause) (young) 80M->5480K(128M), 0.0009735 secs]
158.239: [GC pause (G1 Evacuation Pause) (young) 80M->5454K(128M), 0.0009837 secs]
158.311: [GC pause (G1 Evacuation Pause) (young) 80M->5464K(128M), 0.0010749 secs]
158.382: [GC pause (G1 Evacuation Pause) (young) 80M->5485K(128M), 0.0009371 secs]
158.451: [GC pause (G1 Evacuation Pause) (young) 80M->5470K(128M), 0.0010282 secs]
158.522: [GC pause (G1 Evacuation Pause) (young) 80M->5468K(128M), 0.0009502 secs]
158.595: [GC pause (G1 Evacuation Pause) (young) 80M->5459K(128M), 0.0009100 secs]
158.670: [GC pause (G1 Evacuation Pause) (young) 80M->5470K(128M), 0.0009943 secs]
158.739: [GC pause (G1 Evacuation Pause) (young) 80M->5473K(128M), 0.0010142 secs]
158.811: [GC pause (G1 Evacuation Pause) (young) 80M->5469K(128M), 0.0011508 secs]
158.882: [GC pause (G1 Evacuation Pause) (young) 80M->5455K(128M), 0.0009464 secs]
158.951: [GC pause (G1 Evacuation Pause) (young) 80M->5453K(128M), 0.0011809 secs]
159.022: [GC pause (G1 Evacuation Pause) (young) 80M->5477K(128M), 0.0009856 secs]
159.092: [GC pause (G1 Evacuation Pause) (young) 80M->5462K(128M), 0.0009312 secs]
159.163: [GC pause (G1 Evacuation Pause) (young) 80M->5464K(128M), 0.0009299 secs]
159.234: [GC pause (G1 Evacuation Pause) (young) 80M->5476K(128M), 0.0009536 secs]
159.313: [GC pause (G1 Evacuation Pause) (young) 80M->5489K(128M), 0.0010245 secs]
159.386: [GC pause (G1 Evacuation Pause) (young) 80M->5469K(128M), 0.0012789 secs]
159.457: [GC pause (G1 Evacuation Pause) (young) 80M->5476K(128M), 0.0009259 secs]
159.530: [GC pause (G1 Evacuation Pause) (young) 80M->5500K(128M), 0.0009915 secs]
159.600: [GC pause (G1 Evacuation Pause) (young) 80M->5482K(128M), 0.0009424 secs]
159.669: [GC pause (G1 Evacuation Pause) (young) 80M->5488K(128M), 0.0009125 secs]
159.740: [GC pause (G1 Evacuation Pause) (young) 80M->5485K(128M), 0.0013856 secs]
159.813: [GC pause (G1 Evacuation Pause) (young) 80M->5496K(128M), 0.0009135 secs]
159.886: [GC pause (G1 Evacuation Pause) (young) 80M->5485K(128M), 0.0009383 secs]
159.955: [GC pause (G1 Evacuation Pause) (young) 80M->5495K(128M), 0.0010369 secs]
160.029: [GC pause (G1 Evacuation Pause) (young) 80M->5497K(128M), 0.0009299 secs]
160.100: [GC pause (G1 Evacuation Pause) (young) 80M->5488K(128M), 0.0010571 secs]
160.174: [GC pause (G1 Evacuation Pause) (young) 80M->5479K(128M), 0.0010428 secs]
160.247: [GC pause (G1 Evacuation Pause) (young) 80M->5480K(128M), 0.0009551 secs]
160.315: [GC pause (G1 Evacuation Pause) (young) 80M->5474K(128M), 0.0009620 secs]
160.385: [GC pause (G1 Evacuation Pause) (young) 80M->5493K(128M), 0.0009458 secs]
160.464: [GC pause (G1 Evacuation Pause) (young) 80M->5490K(128M), 0.0021911 secs]
160.537: [GC pause (G1 Evacuation Pause) (young) 80M->5492K(128M), 0.0009691 secs]
160.612: [GC pause (G1 Evacuation Pause) (young) 80M->5481K(128M), 0.0011194 secs]
160.687: [GC pause (G1 Evacuation Pause) (young) 80M->5491K(128M), 0.0009035 secs]
160.762: [GC pause (G1 Evacuation Pause) (young) 80M->5504K(128M), 0.0009844 secs]
160.842: [GC pause (G1 Evacuation Pause) (young) 80M->5466K(128M), 0.0014646 secs]
160.914: [GC pause (G1 Evacuation Pause) (young) 80M->5489K(128M), 0.0010450 secs]
160.988: [GC pause (G1 Evacuation Pause) (young) 80M->5512K(128M), 0.0009374 secs]
161.066: [GC pause (G1 Evacuation Pause) (young) 80M->5502K(128M), 0.0011162 secs]
161.142: [GC pause (G1 Evacuation Pause) (young) 80M->5518K(128M), 0.0013962 secs]
161.217: [GC pause (G1 Evacuation Pause) (young) 80M->5486K(128M), 0.0009349 secs]
161.289: [GC pause (G1 Evacuation Pause) (young) 80M->5499K(128M), 0.0016901 secs]
161.365: [GC pause (G1 Evacuation Pause) (young) 80M->5505K(128M), 0.0014888 secs]
161.445: [GC pause (G1 Evacuation Pause) (young) 80M->5505K(128M), 0.0011405 secs]
161.521: [GC pause (G1 Evacuation Pause) (young) 80M->5530K(128M), 0.0010124 secs]
161.601: [GC pause (G1 Evacuation Pause) (young) 80M->5517K(128M), 0.0010438 secs]
161.678: [GC pause (G1 Evacuation Pause) (young) 80M->5512K(128M), 0.0012481 secs]
161.755: [GC pause (G1 Evacuation Pause) (young) 80M->5513K(128M), 0.0010049 secs]
161.833: [GC pause (G1 Evacuation Pause) (young) 80M->5519K(128M), 0.0012117 secs]
161.912: [GC pause (G1 Evacuation Pause) (young) 80M->5500K(128M), 0.0010721 secs]
161.989: [GC pause (G1 Evacuation Pause) (young) 80M->5504K(128M), 0.0010285 secs]
162.065: [GC pause (G1 Evacuation Pause) (young) 80M->5518K(128M), 0.0012015 secs]
162.158: [GC pause (G1 Evacuation Pause) (young) 80M->5530K(128M), 0.0010394 secs]
162.230: [GC pause (G1 Evacuation Pause) (young) 80M->5516K(128M), 0.0010369 secs]
162.301: [GC pause (G1 Evacuation Pause) (young) 80M->5509K(128M), 0.0009654 secs]
162.382: [GC pause (G1 Evacuation Pause) (young) 80M->5699K(128M), 0.0010833 secs]
162.460: [GC pause (G1 Evacuation Pause) (young) 80M->5634K(128M), 0.0011501 secs]
162.530: [GC pause (G1 Evacuation Pause) (young) 80M->5504K(128M), 0.0009558 secs]
162.602: [GC pause (G1 Evacuation Pause) (young) 80M->5513K(128M), 0.0009474 secs]
162.676: [GC pause (G1 Evacuation Pause) (young) 80M->5521K(128M), 0.0010509 secs]
162.749: [GC pause (G1 Evacuation Pause) (young) 80M->5528K(128M), 0.0009586 secs]
162.823: [GC pause (G1 Evacuation Pause) (young) 80M->5512K(128M), 0.0009766 secs]
162.893: [GC pause (G1 Evacuation Pause) (young) 80M->5512K(128M), 0.0009638 secs]
162.965: [GC pause (G1 Evacuation Pause) (young) 80M->5523K(128M), 0.0009439 secs]
163.035: [GC pause (G1 Evacuation Pause) (young) 80M->5512K(128M), 0.0011169 secs]
163.106: [GC pause (G1 Evacuation Pause) (young) 80M->5505K(128M), 0.0009912 secs]
163.176: [GC pause (G1 Evacuation Pause) (young) 80M->5511K(128M), 0.0009464 secs]
163.249: [GC pause (G1 Evacuation Pause) (young) 80M->5523K(128M), 0.0010603 secs]
163.321: [GC pause (G1 Evacuation Pause) (young) 80M->5512K(128M), 0.0010802 secs]
163.392: [GC pause (G1 Evacuation Pause) (young) 80M->5525K(128M), 0.0009865 secs]
163.463: [GC pause (G1 Evacuation Pause) (young) 80M->5503K(128M), 0.0010388 secs]
163.536: [GC pause (G1 Evacuation Pause) (young) 80M->5521K(128M), 0.0009467 secs]
163.609: [GC pause (G1 Evacuation Pause) (young) 80M->5515K(128M), 0.0010599 secs]
163.678: [GC pause (G1 Evacuation Pause) (young) 80M->5494K(128M), 0.0011449 secs]
163.747: [GC pause (G1 Evacuation Pause) (young) 80M->5537K(128M), 0.0009554 secs]
163.821: [GC pause (G1 Evacuation Pause) (young) 80M->5533K(128M), 0.0009620 secs]
163.890: [GC pause (G1 Evacuation Pause) (young) 80M->5524K(128M), 0.0009660 secs]
163.957: [GC pause (G1 Evacuation Pause) (young) 80M->5504K(128M), 0.0009259 secs]
164.030: [GC pause (G1 Evacuation Pause) (young) 80M->5507K(128M), 0.0010335 secs]
164.102: [GC pause (G1 Evacuation Pause) (young) 80M->5508K(128M), 0.0010229 secs]
164.175: [GC pause (G1 Evacuation Pause) (young) 80M->5516K(128M), 0.0009819 secs]
164.251: [GC pause (G1 Evacuation Pause) (young) 80M->5510K(128M), 0.0009439 secs]
164.320: [GC pause (G1 Evacuation Pause) (young) 80M->5504K(128M), 0.0010229 secs]
164.395: [GC pause (G1 Evacuation Pause) (young) 80M->5509K(128M), 0.0010721 secs]
164.466: [GC pause (G1 Evacuation Pause) (young) 80M->5521K(128M), 0.0009819 secs]
164.536: [GC pause (G1 Evacuation Pause) (young) 80M->5523K(128M), 0.0009601 secs]
164.604: [GC pause (G1 Evacuation Pause) (young) 80M->5522K(128M), 0.0009502 secs]
164.681: [GC pause (G1 Evacuation Pause) (young) 80M->5527K(128M), 0.0009931 secs]
164.755: [GC pause (G1 Evacuation Pause) (young) 80M->5503K(128M), 0.0012898 secs]
164.827: [GC pause (G1 Evacuation Pause) (young) 80M->5524K(128M), 0.0011153 secs]
164.899: [GC pause (G1 Evacuation Pause) (young) 80M->5528K(128M), 0.0009614 secs]
164.968: [GC pause (G1 Evacuation Pause) (young) 80M->5504K(128M), 0.0011604 secs]
165.037: [GC pause (G1 Evacuation Pause) (young) 80M->5512K(128M), 0.0009726 secs]
165.109: [GC pause (G1 Evacuation Pause) (young) 80M->5538K(128M), 0.0009502 secs]
165.182: [GC pause (G1 Evacuation Pause) (young) 80M->5513K(128M), 0.0009719 secs]
165.252: [GC pause (G1 Evacuation Pause) (young) 80M->5510K(128M), 0.0009051 secs]
165.325: [GC pause (G1 Evacuation Pause) (young) 80M->5521K(128M), 0.0010142 secs]
165.397: [GC pause (G1 Evacuation Pause) (young) 80M->5528K(128M), 0.0085399 secs]
165.477: [GC pause (G1 Evacuation Pause) (young) 80M->5536K(128M), 0.0009962 secs]
165.546: [GC pause (G1 Evacuation Pause) (young) 80M->5543K(128M), 0.0010883 secs]
165.619: [GC pause (G1 Evacuation Pause) (young) 80M->5549K(128M), 0.0010096 secs]
165.695: [GC pause (G1 Evacuation Pause) (young) 80M->5544K(128M), 0.0010802 secs]
165.800: [GC pause (G1 Evacuation Pause) (young) 80M->5536K(128M), 0.0037391 secs]
165.880: [GC pause (G1 Evacuation Pause) (young) 80M->5531K(128M), 0.0009962 secs]
165.950: [GC pause (G1 Evacuation Pause) (young) 80M->5543K(128M), 0.0009638 secs]
166.023: [GC pause (G1 Evacuation Pause) (young) 80M->5537K(128M), 0.0009990 secs]
166.099: [GC pause (G1 Evacuation Pause) (young) 80M->5538K(128M), 0.0010005 secs]
166.173: [GC pause (G1 Evacuation Pause) (young) 80M->5533K(128M), 0.0009082 secs]
166.245: [GC pause (G1 Evacuation Pause) (young) 80M->5554K(128M), 0.0010074 secs]
166.319: [GC pause (G1 Evacuation Pause) (young) 80M->5546K(128M), 0.0009399 secs]
166.389: [GC pause (G1 Evacuation Pause) (young) 80M->5548K(128M), 0.0009551 secs]
166.458: [GC pause (G1 Evacuation Pause) (young) 80M->5546K(128M), 0.0009299 secs]
166.529: [GC pause (G1 Evacuation Pause) (young) 80M->5538K(128M), 0.0010783 secs]
166.603: [GC pause (G1 Evacuation Pause) (young) 80M->5560K(128M), 0.0014325 secs]
166.676: [GC pause (G1 Evacuation Pause) (young) 80M->5548K(128M), 0.0009670 secs]
166.748: [GC pause (G1 Evacuation Pause) (young) 80M->5549K(128M), 0.0009813 secs]
166.820: [GC pause (G1 Evacuation Pause) (young) 80M->5550K(128M), 0.0009346 secs]
166.888: [GC pause (G1 Evacuation Pause) (young) 80M->5540K(128M), 0.0010932 secs]
166.959: [GC pause (G1 Evacuation Pause) (young) 80M->5536K(128M), 0.0010152 secs]
167.030: [GC pause (G1 Evacuation Pause) (young) 80M->5544K(128M), 0.0010214 secs]
167.104: [GC pause (G1 Evacuation Pause) (young) 80M->5524K(128M), 0.0009548 secs]
167.171: [GC pause (G1 Evacuation Pause) (young) 80M->5544K(128M), 0.0009268 secs]
167.242: [GC pause (G1 Evacuation Pause) (young) 80M->5525K(128M), 0.0009489 secs]
167.314: [GC pause (G1 Evacuation Pause) (young) 80M->5559K(128M), 0.0009477 secs]
167.384: [GC pause (G1 Evacuation Pause) (young) 80M->5779K(128M), 0.0009660 secs]
167.453: [GC pause (G1 Evacuation Pause) (young) 80M->5657K(128M), 0.0010568 secs]
167.522: [GC pause (G1 Evacuation Pause) (young) 80M->5554K(128M), 0.0010105 secs]
167.593: [GC pause (G1 Evacuation Pause) (young) 80M->5542K(128M), 0.0009327 secs]
167.663: [GC pause (G1 Evacuation Pause) (young) 80M->5568K(128M), 0.0009486 secs]
167.735: [GC pause (G1 Evacuation Pause) (young) 80M->5551K(128M), 0.0009722 secs]
167.803: [GC pause (G1 Evacuation Pause) (young) 80M->5541K(128M), 0.0009337 secs]
167.872: [GC pause (G1 Evacuation Pause) (young) 80M->5548K(128M), 0.0009676 secs]
167.942: [GC pause (G1 Evacuation Pause) (young) 80M->5543K(128M), 0.0009240 secs]
168.012: [GC pause (G1 Evacuation Pause) (young) 80M->5544K(128M), 0.0009520 secs]
168.083: [GC pause (G1 Evacuation Pause) (young) 80M->5558K(128M), 0.0011725 secs]
168.156: [GC pause (G1 Evacuation Pause) (young) 80M->5562K(128M), 0.0012049 secs]
168.230: [GC pause (G1 Evacuation Pause) (young) 80M->5537K(128M), 0.0009299 secs]
168.307: [GC pause (G1 Evacuation Pause) (young) 80M->5552K(128M), 0.0011022 secs]
168.381: [GC pause (G1 Evacuation Pause) (young) 80M->5547K(128M), 0.0009380 secs]
168.460: [GC pause (G1 Evacuation Pause) (young) 80M->5552K(128M), 0.0011442 secs]
168.534: [GC pause (G1 Evacuation Pause) (young) 80M->5548K(128M), 0.0009259 secs]
168.607: [GC pause (G1 Evacuation Pause) (young) 80M->5555K(128M), 0.0009200 secs]
168.681: [GC pause (G1 Evacuation Pause) (young) 80M->5555K(128M), 0.0010136 secs]
168.759: [GC pause (G1 Evacuation Pause) (young) 80M->5563K(128M), 0.0010229 secs]
168.833: [GC pause (G1 Evacuation Pause) (young) 80M->5557K(128M), 0.0010086 secs]
168.911: [GC pause (G1 Evacuation Pause) (young) 80M->5530K(128M), 0.0012935 secs]
168.988: [GC pause (G1 Evacuation Pause) (young) 80M->5562K(128M), 0.0010432 secs]
169.059: [GC pause (G1 Evacuation Pause) (young) 80M->5567K(128M), 0.0009822 secs]
169.130: [GC pause (G1 Evacuation Pause) (young) 80M->5542K(128M), 0.0009318 secs]
169.200: [GC pause (G1 Evacuation Pause) (young) 80M->5547K(128M), 0.0009940 secs]
169.271: [GC pause (G1 Evacuation Pause) (young) 80M->5565K(128M), 0.0009530 secs]
169.340: [GC pause (G1 Evacuation Pause) (young) 80M->5563K(128M), 0.0009953 secs]
169.411: [GC pause (G1 Evacuation Pause) (young) 80M->5554K(128M), 0.0009564 secs]
169.485: [GC pause (G1 Evacuation Pause) (young) 80M->5559K(128M), 0.0010463 secs]
169.558: [GC pause (G1 Evacuation Pause) (young) 80M->5589K(128M), 0.0012525 secs]
169.639: [GC pause (G1 Evacuation Pause) (young) 80M->5591K(128M), 0.0012117 secs]
169.709: [GC pause (G1 Evacuation Pause) (young) 80M->5574K(128M), 0.0009604 secs]
169.779: [GC pause (G1 Evacuation Pause) (young) 80M->5594K(128M), 0.0009794 secs]
169.850: [GC pause (G1 Evacuation Pause) (young) 80M->5580K(128M), 0.0009355 secs]
169.918: [GC pause (G1 Evacuation Pause) (young) 80M->5558K(128M), 0.0009642 secs]
169.986: [GC pause (G1 Evacuation Pause) (young) 80M->5569K(128M), 0.0010708 secs]
170.059: [GC pause (G1 Evacuation Pause) (young) 80M->5577K(128M), 0.0009592 secs]
170.129: [GC pause (G1 Evacuation Pause) (young) 80M->5575K(128M), 0.0009470 secs]
170.199: [GC pause (G1 Evacuation Pause) (young) 80M->5560K(128M), 0.0010192 secs]
170.271: [GC pause (G1 Evacuation Pause) (young) 80M->5562K(128M), 0.0009573 secs]
170.347: [GC pause (G1 Evacuation Pause) (young) 80M->5586K(128M), 0.0010634 secs]
170.419: [GC pause (G1 Evacuation Pause) (young) 80M->5584K(128M), 0.0010444 secs]
170.489: [GC pause (G1 Evacuation Pause) (young) 80M->5594K(128M), 0.0014360 secs]
170.561: [GC pause (G1 Evacuation Pause) (young) 80M->5586K(128M), 0.0010195 secs]
170.628: [GC pause (G1 Evacuation Pause) (young) 80M->5593K(128M), 0.0009324 secs]
170.698: [GC pause (G1 Evacuation Pause) (young) 80M->5591K(128M), 0.0009511 secs]
170.767: [GC pause (G1 Evacuation Pause) (young) 80M->5583K(128M), 0.0009732 secs]
170.835: [GC pause (G1 Evacuation Pause) (young) 80M->5596K(128M), 0.0009949 secs]
170.904: [GC pause (G1 Evacuation Pause) (young) 80M->5591K(128M), 0.0011097 secs]
170.974: [GC pause (G1 Evacuation Pause) (young) 80M->5589K(128M), 0.0010108 secs]
171.043: [GC pause (G1 Evacuation Pause) (young) 80M->5575K(128M), 0.0009331 secs]
171.111: [GC pause (G1 Evacuation Pause) (young) 80M->5574K(128M), 0.0010248 secs]
171.181: [GC pause (G1 Evacuation Pause) (young) 80M->5592K(128M), 0.0011520 secs]
171.252: [GC pause (G1 Evacuation Pause) (young) 80M->5559K(128M), 0.0009604 secs]
171.327: [GC pause (G1 Evacuation Pause) (young) 80M->5567K(128M), 0.0010447 secs]
171.400: [GC pause (G1 Evacuation Pause) (young) 80M->5603K(128M), 0.0009959 secs]
171.469: [GC pause (G1 Evacuation Pause) (young) 80M->5587K(128M), 0.0010976 secs]
171.536: [GC pause (G1 Evacuation Pause) (young) 80M->5599K(128M), 0.0010410 secs]
171.609: [GC pause (G1 Evacuation Pause) (young) 80M->5589K(128M), 0.0009844 secs]
171.683: [GC pause (G1 Evacuation Pause) (young) 80M->5590K(128M), 0.0010438 secs]
171.749: [GC pause (G1 Evacuation Pause) (young) 80M->5579K(128M), 0.0009542 secs]
171.820: [GC pause (G1 Evacuation Pause) (young) 80M->5594K(128M), 0.0010211 secs]
171.890: [GC pause (G1 Evacuation Pause) (young) 80M->5594K(128M), 0.0010083 secs]
171.959: [GC pause (G1 Evacuation Pause) (young) 80M->5593K(128M), 0.0009455 secs]
172.032: [GC pause (G1 Evacuation Pause) (young) 80M->5588K(128M), 0.0009803 secs]
172.104: [GC pause (G1 Evacuation Pause) (young) 80M->5594K(128M), 0.0009477 secs]
172.172: [GC pause (G1 Evacuation Pause) (young) 80M->5613K(128M), 0.0009377 secs]
172.245: [GC pause (G1 Evacuation Pause) (young) 80M->5603K(128M), 0.0010954 secs]
172.318: [GC pause (G1 Evacuation Pause) (young) 80M->5596K(128M), 0.0009477 secs]
172.386: [GC pause (G1 Evacuation Pause) (young) 80M->5735K(128M), 0.0009359 secs]
172.460: [GC pause (G1 Evacuation Pause) (young) 80M->5682K(128M), 0.0010516 secs]
172.532: [GC pause (G1 Evacuation Pause) (young) 80M->5605K(128M), 0.0011346 secs]
172.601: [GC pause (G1 Evacuation Pause) (young) 80M->5604K(128M), 0.0008973 secs]
172.672: [GC pause (G1 Evacuation Pause) (young) 80M->5595K(128M), 0.0009461 secs]
172.746: [GC pause (G1 Evacuation Pause) (young) 80M->5606K(128M), 0.0011259 secs]
172.816: [GC pause (G1 Evacuation Pause) (young) 80M->5607K(128M), 0.0010668 secs]
172.887: [GC pause (G1 Evacuation Pause) (young) 80M->5607K(128M), 0.0009782 secs]
172.958: [GC pause (G1 Evacuation Pause) (young) 80M->5589K(128M), 0.0010407 secs]
173.027: [GC pause (G1 Evacuation Pause) (young) 80M->5596K(128M), 0.0009651 secs]
173.105: [GC pause (G1 Evacuation Pause) (young) 80M->5611K(128M), 0.0012490 secs]
173.175: [GC pause (G1 Evacuation Pause) (young) 80M->5588K(128M), 0.0010889 secs]
173.247: [GC pause (G1 Evacuation Pause) (young) 80M->5599K(128M), 0.0010341 secs]
173.320: [GC pause (G1 Evacuation Pause) (young) 80M->5596K(128M), 0.0009150 secs]
173.389: [GC pause (G1 Evacuation Pause) (young) 80M->5586K(128M), 0.0010612 secs]
173.459: [GC pause (G1 Evacuation Pause) (young) 80M->5614K(128M), 0.0009287 secs]
173.531: [GC pause (G1 Evacuation Pause) (young) 80M->5612K(128M), 0.0009782 secs]
173.602: [GC pause (G1 Evacuation Pause) (young) 80M->5620K(128M), 0.0009732 secs]
173.673: [GC pause (G1 Evacuation Pause) (young) 80M->5615K(128M), 0.0009738 secs]
173.743: [GC pause (G1 Evacuation Pause) (young) 80M->5611K(128M), 0.0009912 secs]
173.825: [GC pause (G1 Evacuation Pause) (young) 80M->5623K(128M), 0.0010680 secs]
173.909: [GC pause (G1 Evacuation Pause) (young) 80M->5625K(128M), 0.0009321 secs]
173.983: [GC pause (G1 Evacuation Pause) (young) 80M->5609K(128M), 0.0009523 secs]
174.053: [GC pause (G1 Evacuation Pause) (young) 80M->5601K(128M), 0.0010155 secs]
174.124: [GC pause (G1 Evacuation Pause) (young) 80M->5588K(128M), 0.0009604 secs]
174.197: [GC pause (G1 Evacuation Pause) (young) 80M->5606K(128M), 0.0009567 secs]
174.270: [GC pause (G1 Evacuation Pause) (young) 80M->5602K(128M), 0.0009912 secs]
174.341: [GC pause (G1 Evacuation Pause) (young) 80M->5621K(128M), 0.0009511 secs]
174.414: [GC pause (G1 Evacuation Pause) (young) 80M->5624K(128M), 0.0009862 secs]
174.486: [GC pause (G1 Evacuation Pause) (young) 80M->5606K(128M), 0.0009719 secs]
174.558: [GC pause (G1 Evacuation Pause) (young) 80M->5626K(128M), 0.0009483 secs]
174.630: [GC pause (G1 Evacuation Pause) (young) 80M->5611K(128M), 0.0009088 secs]
174.700: [GC pause (G1 Evacuation Pause) (young) 80M->5627K(128M), 0.0010547 secs]
174.771: [GC pause (G1 Evacuation Pause) (young) 80M->5618K(128M), 0.0009082 secs]
174.843: [GC pause (G1 Evacuation Pause) (young) 80M->5631K(128M), 0.0009383 secs]
174.911: [GC pause (G1 Evacuation Pause) (young) 80M->5633K(128M), 0.0010270 secs]
174.983: [GC pause (G1 Evacuation Pause) (young) 80M->5621K(128M), 0.0009514 secs]
175.056: [GC pause (G1 Evacuation Pause) (young) 80M->5616K(128M), 0.0015417 secs]
175.126: [GC pause (G1 Evacuation Pause) (young) 80M->5619K(128M), 0.0008970 secs]
175.195: [GC pause (G1 Evacuation Pause) (young) 80M->5623K(128M), 0.0009383 secs]
175.279: [GC pause (G1 Evacuation Pause) (young) 80M->5628K(128M), 0.0012033 secs]
175.351: [GC pause (G1 Evacuation Pause) (young) 80M->5598K(128M), 0.0009489 secs]
175.420: [GC pause (G1 Evacuation Pause) (young) 80M->5629K(128M), 0.0010074 secs]
175.493: [GC pause (G1 Evacuation Pause) (young) 80M->5622K(128M), 0.0009256 secs]
175.568: [GC pause (G1 Evacuation Pause) (young) 80M->5638K(128M), 0.0011250 secs]
175.639: [GC pause (G1 Evacuation Pause) (young) 80M->5617K(128M), 0.0009676 secs]
175.710: [GC pause (G1 Evacuation Pause) (young) 80M->5637K(128M), 0.0010369 secs]
175.782: [GC pause (G1 Evacuation Pause) (young) 80M->5640K(128M), 0.0009831 secs]
175.851: [GC pause (G1 Evacuation Pause) (young) 80M->5644K(128M), 0.0009337 secs]
175.921: [GC pause (G1 Evacuation Pause) (young) 80M->5638K(128M), 0.0010671 secs]
175.992: [GC pause (G1 Evacuation Pause) (young) 80M->5654K(128M), 0.0009523 secs]
176.063: [GC pause (G1 Evacuation Pause) (young) 80M->5663K(128M), 0.0010394 secs]
176.134: [GC pause (G1 Evacuation Pause) (young) 80M->5644K(128M), 0.0013085 secs]
176.206: [GC pause (G1 Evacuation Pause) (young) 80M->5640K(128M), 0.0009415 secs]
176.277: [GC pause (G1 Evacuation Pause) (young) 80M->5653K(128M), 0.0009965 secs]
176.348: [GC pause (G1 Evacuation Pause) (young) 80M->5645K(128M), 0.0010304 secs]
176.418: [GC pause (G1 Evacuation Pause) (young) 80M->5630K(128M), 0.0009474 secs]
176.489: [GC pause (G1 Evacuation Pause) (young) 80M->5650K(128M), 0.0009772 secs]
176.560: [GC pause (G1 Evacuation Pause) (young) 80M->5674K(128M), 0.0011704 secs]
176.630: [GC pause (G1 Evacuation Pause) (young) 80M->5659K(128M), 0.0010603 secs]
176.701: [GC pause (G1 Evacuation Pause) (young) 80M->5647K(128M), 0.0009505 secs]
176.772: [GC pause (G1 Evacuation Pause) (young) 80M->5644K(128M), 0.0009788 secs]
176.842: [GC pause (G1 Evacuation Pause) (young) 80M->5647K(128M), 0.0011355 secs]
176.913: [GC pause (G1 Evacuation Pause) (young) 80M->5643K(128M), 0.0009486 secs]
176.984: [GC pause (G1 Evacuation Pause) (young) 80M->5665K(128M), 0.0010049 secs]
177.051: [GC pause (G1 Evacuation Pause) (young) 80M->5638K(128M), 0.0009359 secs]
177.129: [GC pause (G1 Evacuation Pause) (young) 80M->5641K(128M), 0.0011672 secs]
177.197: [GC pause (G1 Evacuation Pause) (young) 80M->5645K(128M), 0.0009542 secs]
177.269: [GC pause (G1 Evacuation Pause) (young) 80M->5658K(128M), 0.0009514 secs]
177.340: [GC pause (G1 Evacuation Pause) (young) 80M->5654K(128M), 0.0009477 secs]
177.413: [GC pause (G1 Evacuation Pause) (young) 80M->5664K(128M), 0.0009502 secs]
177.485: [GC pause (G1 Evacuation Pause) (young) 80M->5679K(128M), 0.0009548 secs]
177.554: [GC pause (G1 Evacuation Pause) (young) 80M->5677K(128M), 0.0009265 secs]
177.625: [GC pause (G1 Evacuation Pause) (young) 80M->5663K(128M), 0.0010323 secs]
177.696: [GC pause (G1 Evacuation Pause) (young) 80M->5675K(128M), 0.0009072 secs]
177.764: [GC pause (G1 Evacuation Pause) (young) 80M->5674K(128M), 0.0009869 secs]
177.834: [GC pause (G1 Evacuation Pause) (young) 80M->5675K(128M), 0.0009862 secs]
177.905: [GC pause (G1 Evacuation Pause) (young) 80M->5671K(128M), 0.0009921 secs]
177.976: [GC pause (G1 Evacuation Pause) (young) 80M->5664K(128M), 0.0009402 secs]
178.046: [GC pause (G1 Evacuation Pause) (young) 80M->5663K(128M), 0.0009530 secs]
178.119: [GC pause (G1 Evacuation Pause) (young) 80M->5674K(128M), 0.0009318 secs]
178.189: [GC pause (G1 Evacuation Pause) (young) 80M->5672K(128M), 0.0008985 secs]
178.262: [GC pause (G1 Evacuation Pause) (young) 80M->5667K(128M), 0.0010410 secs]
178.331: [GC pause (G1 Evacuation Pause) (young) 80M->5672K(128M), 0.0012145 secs]
178.401: [GC pause (G1 Evacuation Pause) (young) 80M->5648K(128M), 0.0009243 secs]
178.473: [GC pause (G1 Evacuation Pause) (young) 80M->5685K(128M), 0.0009517 secs]
178.543: [GC pause (G1 Evacuation Pause) (young) 80M->5686K(128M), 0.0010817 secs]
178.616: [GC pause (G1 Evacuation Pause) (young) 80M->5676K(128M), 0.0013315 secs]
178.689: [GC pause (G1 Evacuation Pause) (young) 80M->5672K(128M), 0.0009741 secs]
178.759: [GC pause (G1 Evacuation Pause) (young) 80M->5696K(128M), 0.0009716 secs]
178.827: [GC pause (G1 Evacuation Pause) (young) 80M->5692K(128M), 0.0009539 secs]
178.895: [GC pause (G1 Evacuation Pause) (young) 80M->5679K(128M), 0.0010292 secs]
178.964: [GC pause (G1 Evacuation Pause) (young) 80M->5674K(128M), 0.0010867 secs]
179.036: [GC pause (G1 Evacuation Pause) (young) 80M->5684K(128M), 0.0009312 secs]
179.105: [GC pause (G1 Evacuation Pause) (young) 80M->5678K(128M), 0.0009962 secs]
179.177: [GC pause (G1 Evacuation Pause) (young) 80M->5671K(128M), 0.0009526 secs]
179.249: [GC pause (G1 Evacuation Pause) (young) 80M->5674K(128M), 0.0010186 secs]
179.317: [GC pause (G1 Evacuation Pause) (young) 80M->5668K(128M), 0.0010889 secs]
179.388: [GC pause (G1 Evacuation Pause) (young) 80M->5682K(128M), 0.0009548 secs]
179.458: [GC pause (G1 Evacuation Pause) (young) 80M->5697K(128M), 0.0009679 secs]
179.528: [GC pause (G1 Evacuation Pause) (young) 80M->5693K(128M), 0.0009726 secs]
179.600: [GC pause (G1 Evacuation Pause) (young) 80M->5695K(128M), 0.0009642 secs]
179.671: [GC pause (G1 Evacuation Pause) (young) 80M->5696K(128M), 0.0014018 secs]
179.742: [GC pause (G1 Evacuation Pause) (young) 80M->5706K(128M), 0.0011352 secs]
179.810: [GC pause (G1 Evacuation Pause) (young) 80M->5695K(128M), 0.0010332 secs]
179.881: [GC pause (G1 Evacuation Pause) (young) 80M->5687K(128M), 0.0010994 secs]
179.951: [GC pause (G1 Evacuation Pause) (young) 80M->5714K(128M), 0.0010170 secs]
180.020: [GC pause (G1 Evacuation Pause) (young) 80M->5708K(128M), 0.0009318 secs]
180.092: [GC pause (G1 Evacuation Pause) (young) 80M->5700K(128M), 0.0009467 secs]
180.160: [GC pause (G1 Evacuation Pause) (young) 80M->5703K(128M), 0.0009651 secs]
180.230: [GC pause (G1 Evacuation Pause) (young) 80M->5715K(128M), 0.0009769 secs]
180.304: [GC pause (G1 Evacuation Pause) (young) 80M->5701K(128M), 0.0009047 secs]
180.374: [GC pause (G1 Evacuation Pause) (young) 80M->5693K(128M), 0.0009467 secs]
180.444: [GC pause (G1 Evacuation Pause) (young) 80M->5699K(128M), 0.0012522 secs]
180.515: [GC pause (G1 Evacuation Pause) (young) 80M->5715K(128M), 0.0009464 secs]
180.584: [GC pause (G1 Evacuation Pause) (young) 80M->5701K(128M), 0.0009554 secs]
180.654: [GC pause (G1 Evacuation Pause) (young) 80M->5686K(128M), 0.0009355 secs]
180.729: [GC pause (G1 Evacuation Pause) (young) 80M->5719K(128M), 0.0009912 secs]
180.796: [GC pause (G1 Evacuation Pause) (young) 80M->5720K(128M), 0.0009660 secs]
180.865: [GC pause (G1 Evacuation Pause) (young) 80M->5705K(128M), 0.0009464 secs]
180.934: [GC pause (G1 Evacuation Pause) (young) 80M->5695K(128M), 0.0010379 secs]
181.005: [GC pause (G1 Evacuation Pause) (young) 80M->5696K(128M), 0.0009809 secs]
181.076: [GC pause (G1 Evacuation Pause) (young) 80M->5689K(128M), 0.0009701 secs]
181.147: [GC pause (G1 Evacuation Pause) (young) 80M->5705K(128M), 0.0009893 secs]
181.217: [GC pause (G1 Evacuation Pause) (young) 80M->5706K(128M), 0.0009212 secs]
181.290: [GC pause (G1 Evacuation Pause) (young) 80M->5706K(128M), 0.0010472 secs]
181.361: [GC pause (G1 Evacuation Pause) (young) 80M->5696K(128M), 0.0011374 secs]
181.434: [GC pause (G1 Evacuation Pause) (young) 80M->5701K(128M), 0.0009813 secs]
181.508: [GC pause (G1 Evacuation Pause) (young) 80M->5714K(128M), 0.0010232 secs]
181.580: [GC pause (G1 Evacuation Pause) (young) 80M->5697K(128M), 0.0175084 secs]
181.674: [GC pause (G1 Evacuation Pause) (young) 80M->5702K(128M), 0.0009928 secs]
181.746: [GC pause (G1 Evacuation Pause) (young) 80M->5726K(128M), 0.0009670 secs]
181.830: [GC pause (G1 Evacuation Pause) (young) 80M->5711K(128M), 0.0009822 secs]
181.904: [GC pause (G1 Evacuation Pause) (young) 80M->5704K(128M), 0.0009897 secs]
181.974: [GC pause (G1 Evacuation Pause) (young) 80M->5705K(128M), 0.0009878 secs]
182.045: [GC pause (G1 Evacuation Pause) (young) 80M->5698K(128M), 0.0011853 secs]
182.113: [GC pause (G1 Evacuation Pause) (young) 80M->5705K(128M), 0.0009701 secs]
182.183: [GC pause (G1 Evacuation Pause) (young) 80M->5700K(128M), 0.0009660 secs]
182.254: [GC pause (G1 Evacuation Pause) (young) 80M->5717K(128M), 0.0014469 secs]
182.326: [GC pause (G1 Evacuation Pause) (young) 80M->5691K(128M), 0.0009853 secs]
182.400: [GC pause (G1 Evacuation Pause) (young) 80M->5729K(128M), 0.0009502 secs]
182.471: [GC pause (G1 Evacuation Pause) (young) 80M->5736K(128M), 0.0011952 secs]
182.539: [GC pause (G1 Evacuation Pause) (young) 80M->5724K(128M), 0.0009359 secs]
182.613: [GC pause (G1 Evacuation Pause) (young) 80M->5736K(128M), 0.0009477 secs]
182.682: [GC pause (G1 Evacuation Pause) (young) 80M->5723K(128M), 0.0009573 secs]
182.752: [GC pause (G1 Evacuation Pause) (young) 80M->5721K(128M), 0.0009505 secs]
182.822: [GC pause (G1 Evacuation Pause) (young) 80M->5720K(128M), 0.0009741 secs]
182.893: [GC pause (G1 Evacuation Pause) (young) 80M->5737K(128M), 0.0010481 secs]
182.964: [GC pause (G1 Evacuation Pause) (young) 80M->5726K(128M), 0.0009281 secs]
183.036: [GC pause (G1 Evacuation Pause) (young) 80M->5722K(128M), 0.0008979 secs]
183.109: [GC pause (G1 Evacuation Pause) (young) 80M->5718K(128M), 0.0009570 secs]
183.178: [GC pause (G1 Evacuation Pause) (young) 80M->5723K(128M), 0.0010519 secs]
183.251: [GC pause (G1 Evacuation Pause) (young) 80M->5730K(128M), 0.0009337 secs]
183.324: [GC pause (G1 Evacuation Pause) (young) 80M->5724K(128M), 0.0009551 secs]
183.396: [GC pause (G1 Evacuation Pause) (young) 80M->5961K(128M), 0.0010624 secs]
183.466: [GC pause (G1 Evacuation Pause) (young) 80M->5863K(128M), 0.0009722 secs]
183.536: [GC pause (G1 Evacuation Pause) (young) 80M->5768K(128M), 0.0010018 secs]
183.608: [GC pause (G1 Evacuation Pause) (young) 80M->5742K(128M), 0.0009312 secs]
183.678: [GC pause (G1 Evacuation Pause) (young) 80M->5742K(128M), 0.0013035 secs]
183.752: [GC pause (G1 Evacuation Pause) (young) 80M->5766K(128M), 0.0009741 secs]
183.822: [GC pause (G1 Evacuation Pause) (young) 80M->5763K(128M), 0.0009828 secs]
183.895: [GC pause (G1 Evacuation Pause) (young) 80M->5753K(128M), 0.0011200 secs]
183.970: [GC pause (G1 Evacuation Pause) (young) 80M->5735K(128M), 0.0013868 secs]
184.040: [GC pause (G1 Evacuation Pause) (young) 80M->5770K(128M), 0.0009411 secs]
184.112: [GC pause (G1 Evacuation Pause) (young) 80M->5755K(128M), 0.0010792 secs]
184.184: [GC pause (G1 Evacuation Pause) (young) 80M->5749K(128M), 0.0009458 secs]
184.254: [GC pause (G1 Evacuation Pause) (young) 80M->5738K(128M), 0.0009377 secs]
184.326: [GC pause (G1 Evacuation Pause) (young) 80M->5731K(128M), 0.0009470 secs]
184.399: [GC pause (G1 Evacuation Pause) (young) 80M->5768K(128M), 0.0013595 secs]
184.469: [GC pause (G1 Evacuation Pause) (young) 80M->5760K(128M), 0.0010257 secs]
184.536: [GC pause (G1 Evacuation Pause) (young) 80M->5752K(128M), 0.0009383 secs]
184.606: [GC pause (G1 Evacuation Pause) (young) 80M->5754K(128M), 0.0009424 secs]
